<html>
<body>
<pre>
<h1>µVision Build Log</h1>
<h2>Tool Versions:</h2>
IDE-Version: ¦ÌVision V5.25.2.0
Copyright (C) 2018 ARM Ltd and ARM Germany GmbH. All rights reserved.
License Information: ASF A, FAF, LIC=EXJUH-W2R99-30HNC-7JTU5-WVZYN-JT1A6
 
Tool Versions:
Toolchain:       MDK-ARM Plus  Version: 5.25.2.0
Toolchain Path:  D:\KEIL5\ARM\ARMCC\Bin
C Compiler:      Armcc.exe V5.06 update 6 (build 750)
Assembler:       Armasm.exe V5.06 update 6 (build 750)
Linker/Locator:  ArmLink.exe V5.06 update 6 (build 750)
Library Manager: ArmAr.exe V5.06 update 6 (build 750)
Hex Converter:   FromElf.exe V5.06 update 6 (build 750)
CPU DLL:         SARMCM3.DLL V5.25.2.0
Dialog DLL:      DCM.DLL V1.17.1.0
Target DLL:      Segger\JL2CM3.dll V2.99.29.0
Dialog DLL:      TCM.DLL V1.35.1.0
 
<h2>Project:</h2>
E:\app need\A_github_need\Navigation_car\Navigation_car\Template.uvprojx
Project File Date:  04/06/2019

<h2>Output:</h2>
*** Using Compiler 'V5.06 update 6 (build 750)', folder: 'D:\KEIL5\ARM\ARMCC\Bin'
Rebuild target 'Target 1'
assembling startup_stm32f10x_hd.s...
compiling stm32f10x_it.c...
compiling stm32f10x_gpio.c...
compiling main.c...
.\APP\rfid_s.h(11): warning:  #1-D: last line of file ends without a newline
  #endif
.\User\include.h(10): warning:  #1-D: last line of file ends without a newline
  #include "direct_m.h"
.\User\include.h(10): warning:  #1-D: last line of file ends without a newline
  #include "direct_m.h"
.\APP\direct_m.h(8): warning:  #1-D: last line of file ends without a newline
  #endif
.\APP\direct_m.h(8): warning:  #1-D: last line of file ends without a newline
  #endif
.\APP\rfid_s.h(11): warning:  #1-D: last line of file ends without a newline
  #endif
User\include.h(10): warning:  #1-D: last line of file ends without a newline
  #include "direct_m.h"
User\main.c(157): warning:  #167-D: argument of type "char *" is incompatible with parameter of type "u8 *"
  				LCD_ShowString(150,260,tftlcd_data.width,tftlcd_data.height,16,Drec[Direction]);
User\main.c: 8 warnings, 0 errors
compiling stm32f10x_rcc.c...
compiling misc.c...
compiling stm32f10x_exti.c...
compiling stm32f10x_tim.c...
compiling stm32f10x_usart.c...
compiling stm32f10x_iwdg.c...
compiling stm32f10x_wwdg.c...
compiling stm32f10x_bkp.c...
compiling stm32f10x_pwr.c...
compiling stm32f10x_adc.c...
compiling stm32f10x_dac.c...
compiling stm32f10x_dma.c...
compiling stm32f10x_rtc.c...
compiling stm32f10x_can.c...
compiling stm32f10x_fsmc.c...
compiling stm32f10x_spi.c...
compiling system_stm32f10x.c...
compiling core_cm3.c...
compiling led.c...
compiling RC522.c...
APP\RC522\RC522.c(56): warning:  #68-D: integer conversion resulted in a change of sign
     {   status = MI_ERR;  
APP\RC522\RC522.c(93): warning:  #68-D: integer conversion resulted in a change of sign
           {   status = MI_ERR;    }
APP\RC522\RC522.c(129): warning:  #68-D: integer conversion resulted in a change of sign
      {   status = MI_ERR;    }
APP\RC522\RC522.c(161): warning:  #68-D: integer conversion resulted in a change of sign
      {   status = MI_ERR;   }
APP\RC522\RC522.c(190): warning:  #68-D: integer conversion resulted in a change of sign
      {   status = MI_ERR;   }
APP\RC522\RC522.c(214): warning:  #68-D: integer conversion resulted in a change of sign
      {   status = MI_ERR;   }
APP\RC522\RC522.c(225): warning:  #68-D: integer conversion resulted in a change of sign
          {   status = MI_ERR;   }
APP\RC522\RC522.c(253): warning:  #68-D: integer conversion resulted in a change of sign
      {   status = MI_ERR;   }
APP\RC522\RC522.c(263): warning:  #514-D: pointless comparison of unsigned integer with a negative constant
          if (status != MI_ERR)
APP\RC522\RC522.c(276): warning:  #68-D: integer conversion resulted in a change of sign
          {   status = MI_ERR;   }
APP\RC522\RC522.c(300): warning:  #68-D: integer conversion resulted in a change of sign
      {   status = MI_ERR;   }
APP\RC522\RC522.c(311): warning:  #514-D: pointless comparison of unsigned integer with a negative constant
          if (status != MI_ERR)
APP\RC522\RC522.c(316): warning:  #68-D: integer conversion resulted in a change of sign
      {    return MI_ERR;   }
APP\RC522\RC522.c(326): warning:  #68-D: integer conversion resulted in a change of sign
      {   status = MI_ERR;   }
APP\RC522\RC522.c(338): warning:  #550-D: variable "status"  was set but never used
      char status;
APP\RC522\RC522.c(516): warning:  #68-D: integer conversion resulted in a change of sign
      char status = MI_ERR;
APP\RC522\RC522.c(564): warning:  #68-D: integer conversion resulted in a change of sign
               {   status = MI_NOTAGERR;   }
APP\RC522\RC522.c(582): warning:  #68-D: integer conversion resulted in a change of sign
           {   status = MI_ERR;   }
APP\RC522\RC522.c: 18 warnings, 0 errors
compiling tftlcd.c...
APP\tftlcd\tftlcd.c(1598): warning:  #177-D: variable "g"  was declared but never referenced
   	u16 r=0,g=0,b=0;
APP\tftlcd\tftlcd.c(1598): warning:  #177-D: variable "b"  was declared but never referenced
   	u16 r=0,g=0,b=0;
APP\tftlcd\tftlcd.c: 2 warnings, 0 errors
compiling time.c...
compiling key.c...
.\APP\rfid_s.h(11): warning:  #1-D: last line of file ends without a newline
  #endif
.\User\include.h(10): warning:  #1-D: last line of file ends without a newline
  #include "direct_m.h"
.\User\include.h(10): warning:  #1-D: last line of file ends without a newline
  #include "direct_m.h"
.\APP\direct_m.h(8): warning:  #1-D: last line of file ends without a newline
  #endif
.\APP\direct_m.h(8): warning:  #1-D: last line of file ends without a newline
  #endif
.\APP\rfid_s.h(11): warning:  #1-D: last line of file ends without a newline
  #endif
.\User\include.h(10): warning:  #1-D: last line of file ends without a newline
  #include "direct_m.h"
APP\key\key.c: 7 warnings, 0 errors
compiling direction_ctrl.c...
.\APP\rfid_s.h(11): warning:  #1-D: last line of file ends without a newline
  #endif
.\User\include.h(10): warning:  #1-D: last line of file ends without a newline
  #include "direct_m.h"
.\User\include.h(10): warning:  #1-D: last line of file ends without a newline
  #include "direct_m.h"
.\APP\direct_m.h(8): warning:  #1-D: last line of file ends without a newline
  #endif
.\APP\direct_m.h(8): warning:  #1-D: last line of file ends without a newline
  #endif
.\APP\rfid_s.h(11): warning:  #1-D: last line of file ends without a newline
  #endif
.\User\include.h(10): warning:  #1-D: last line of file ends without a newline
  #include "direct_m.h"
APP\direction_ctrl.c: 7 warnings, 0 errors
compiling rfid_s.c...
.\APP\rfid_s.h(11): warning:  #1-D: last line of file ends without a newline
  #endif
.\User\include.h(10): warning:  #1-D: last line of file ends without a newline
  #include "direct_m.h"
.\User\include.h(10): warning:  #1-D: last line of file ends without a newline
  #include "direct_m.h"
.\APP\direct_m.h(8): warning:  #1-D: last line of file ends without a newline
  #endif
.\APP\direct_m.h(8): warning:  #1-D: last line of file ends without a newline
  #endif
.\APP\rfid_s.h(11): warning:  #1-D: last line of file ends without a newline
  #endif
.\User\include.h(10): warning:  #1-D: last line of file ends without a newline
  #include "direct_m.h"
APP\rfid_s.c(208): warning:  #1-D: last line of file ends without a newline
  }
APP\rfid_s.c: 8 warnings, 0 errors
compiling system.c...
compiling SysTick.c...
compiling usart.c...
linking...
Program Size: Code=11224 RO-data=7480 RW-data=76 ZI-data=1060  
FromELF: creating hex file...
".\Obj\Template.axf" - 0 Error(s), 50 Warning(s).

<h2>Software Packages used:</h2>

Package Vendor: Keil
                http://www.keil.com/pack/Keil.STM32F1xx_DFP.2.3.0.pack
                Keil.STM32F1xx_DFP.2.3.0
                STMicroelectronics STM32F1 Series Device Support, Drivers and Examples

<h2>Collection of Component include folders:</h2>
  .\RTE\_Target_1
  D:\KEIL5\ARM\PACK\Keil\STM32F1xx_DFP\2.3.0\Device\Include

<h2>Collection of Component Files used:</h2>
Build Time Elapsed:  00:00:10
</pre>
</body>
</html>
