Component: ARM Compiler 5.06 update 6 (build 750) Tool: armlink [4d35ed]

==============================================================================

Section Cross References

    main.o(i.AnalyzeRoad) refers to time.o(i.GoAcoddingDrec) for GoAcoddingDrec
    main.o(i.AnalyzeRoad) refers to time.o(i.Go) for Go
    main.o(i.AnalyzeRoad) refers to tftlcd.o(i.LCD_ShowString) for LCD_ShowString
    main.o(i.AnalyzeRoad) refers to main.o(.data) for RMark
    main.o(i.AnalyzeRoad) refers to gizwits_product.o(.bss) for currentDataPoint
    main.o(i.AnalyzeRoad) refers to tftlcd.o(.data) for tftlcd_data
    main.o(i.main) refers to systick.o(i.SysTick_Init) for SysTick_Init
    main.o(i.main) refers to misc.o(i.NVIC_PriorityGroupConfig) for NVIC_PriorityGroupConfig
    main.o(i.main) refers to led.o(i.LED_Init) for LED_Init
    main.o(i.main) refers to key.o(i.KEY_Init) for KEY_Init
    main.o(i.main) refers to usart.o(i.USART1_Init) for USART1_Init
    main.o(i.main) refers to usart.o(i.USART3_Init) for USART3_Init
    main.o(i.main) refers to time.o(i.TIM2_Init) for TIM2_Init
    main.o(i.main) refers to gizwits_product.o(i.userInit) for userInit
    main.o(i.main) refers to gizwits_protocol.o(i.gizwitsInit) for gizwitsInit
    main.o(i.main) refers to tftlcd.o(i.TFTLCD_Init) for TFTLCD_Init
    main.o(i.main) refers to key.o(i.input_init) for input_init
    main.o(i.main) refers to rc522.o(i.RC522_Init) for RC522_Init
    main.o(i.main) refers to rc522.o(i.PcdReset) for PcdReset
    main.o(i.main) refers to rc522.o(i.PcdAntennaOff) for PcdAntennaOff
    main.o(i.main) refers to systick.o(i.delay_ms) for delay_ms
    main.o(i.main) refers to rc522.o(i.PcdAntennaOn) for PcdAntennaOn
    main.o(i.main) refers to time.o(i.TIM3_CH1_PWM_Init) for TIM3_CH1_PWM_Init
    main.o(i.main) refers to time.o(i.TIM4_CH1_PWM_Init) for TIM4_CH1_PWM_Init
    main.o(i.main) refers to graph.o(i.InitMatrix) for InitMatrix
    main.o(i.main) refers to main.o(i.tonodrec) for tonodrec
    main.o(i.main) refers to time.o(i.Go) for Go
    main.o(i.main) refers to tftlcd.o(i.LCD_ShowString) for LCD_ShowString
    main.o(i.main) refers to tftlcd.o(i.LCD_ShowxNum) for LCD_ShowxNum
    main.o(i.main) refers to main.o(i.wifi) for wifi
    main.o(i.main) refers to main.o(i.init_road) for init_road
    main.o(i.main) refers to graph.o(i.FLOYD) for FLOYD
    main.o(i.main) refers to time.o(i.GoAcoddingDrec) for GoAcoddingDrec
    main.o(i.main) refers to rc522.o(i.PcdRequest) for PcdRequest
    main.o(i.main) refers to rc522.o(i.PcdAnticoll) for PcdAnticoll
    main.o(i.main) refers to rc522.o(i.PcdSelect) for PcdSelect
    main.o(i.main) refers to rc522.o(i.PcdAuthState) for PcdAuthState
    main.o(i.main) refers to rc522.o(i.PcdRead) for PcdRead
    main.o(i.main) refers to main.o(i.AnalyzeRoad) for AnalyzeRoad
    main.o(i.main) refers to main.o(.data) for Stop
    main.o(i.main) refers to tftlcd.o(.data) for tftlcd_data
    main.o(i.main) refers to gizwits_product.o(.bss) for currentDataPoint
    main.o(i.main) refers to main.o(.bss) for keyroad
    main.o(i.main) refers to time.o(.data) for huoervalue
    main.o(i.rfid_select) refers to tftlcd.o(i.LCD_Clear) for LCD_Clear
    main.o(i.rfid_select) refers to tftlcd.o(i.LCD_ShowString) for LCD_ShowString
    main.o(i.rfid_select) refers to main.o(i.task2_writecard) for task2_writecard
    main.o(i.rfid_select) refers to main.o(i.task3_readcard) for task3_readcard
    main.o(i.rfid_select) refers to time.o(.data) for key_num
    main.o(i.rfid_select) refers to tftlcd.o(.data) for FRONT_COLOR
    main.o(i.task1_showid) refers to tftlcd.o(i.LCD_Clear) for LCD_Clear
    main.o(i.task1_showid) refers to tftlcd.o(i.LCD_ShowString) for LCD_ShowString
    main.o(i.task1_showid) refers to rc522.o(i.PcdRequest) for PcdRequest
    main.o(i.task1_showid) refers to rc522.o(i.PcdReset) for PcdReset
    main.o(i.task1_showid) refers to rc522.o(i.PcdAntennaOff) for PcdAntennaOff
    main.o(i.task1_showid) refers to rc522.o(i.PcdAntennaOn) for PcdAntennaOn
    main.o(i.task1_showid) refers to rc522.o(i.PcdAnticoll) for PcdAnticoll
    main.o(i.task1_showid) refers to tftlcd.o(i.LCD_ShowxNum) for LCD_ShowxNum
    main.o(i.task1_showid) refers to tftlcd.o(.data) for FRONT_COLOR
    main.o(i.task1_showid) refers to time.o(.data) for key_num
    main.o(i.task1_showid) refers to main.o(.bss) for g_ucTempbuf
    main.o(i.task1_showid) refers to main.o(.data) for status
    main.o(i.task2_writecard) refers to tftlcd.o(i.LCD_Clear) for LCD_Clear
    main.o(i.task2_writecard) refers to tftlcd.o(i.LCD_ShowString) for LCD_ShowString
    main.o(i.task2_writecard) refers to tftlcd.o(i.LCD_ShowxNum) for LCD_ShowxNum
    main.o(i.task2_writecard) refers to rc522.o(i.PcdRequest) for PcdRequest
    main.o(i.task2_writecard) refers to rc522.o(i.PcdReset) for PcdReset
    main.o(i.task2_writecard) refers to rc522.o(i.PcdAntennaOff) for PcdAntennaOff
[...]
    Removing dmul.o(.text), (228 bytes).
    Removing ddiv.o(.text), (222 bytes).
    Removing dfixul.o(.text), (48 bytes).
    Removing cdrcmple.o(.text), (48 bytes).
    Removing depilogue.o(.text), (186 bytes).

371 unused section(s) (total 19892 bytes) removed from the image.

==============================================================================

Image Symbol Table

    Local Symbols

    Symbol Name                              Value     Ov Type        Size  Object(Section)

    ../clib/microlib/ctype/toupper.c         0x00000000   Number         0  toupper.o ABSOLUTE
    ../clib/microlib/division.c              0x00000000   Number         0  uldiv.o ABSOLUTE
    ../clib/microlib/division.c              0x00000000   Number         0  uidiv.o ABSOLUTE
    ../clib/microlib/init/entry.s            0x00000000   Number         0  entry.o ABSOLUTE
    ../clib/microlib/init/entry.s            0x00000000   Number         0  entry10b.o ABSOLUTE
    ../clib/microlib/init/entry.s            0x00000000   Number         0  entry8a.o ABSOLUTE
    ../clib/microlib/init/entry.s            0x00000000   Number         0  entry8b.o ABSOLUTE
    ../clib/microlib/init/entry.s            0x00000000   Number         0  entry11a.o ABSOLUTE
    ../clib/microlib/init/entry.s            0x00000000   Number         0  entry9a.o ABSOLUTE
    ../clib/microlib/init/entry.s            0x00000000   Number         0  entry9b.o ABSOLUTE
    ../clib/microlib/init/entry.s            0x00000000   Number         0  entry10a.o ABSOLUTE
    ../clib/microlib/init/entry.s            0x00000000   Number         0  entry2.o ABSOLUTE
    ../clib/microlib/init/entry.s            0x00000000   Number         0  entry5.o ABSOLUTE
    ../clib/microlib/init/entry.s            0x00000000   Number         0  entry7a.o ABSOLUTE
    ../clib/microlib/init/entry.s            0x00000000   Number         0  entry7b.o ABSOLUTE
    ../clib/microlib/init/entry.s            0x00000000   Number         0  entry11b.o ABSOLUTE
    ../clib/microlib/longlong.c              0x00000000   Number         0  llsshr.o ABSOLUTE
    ../clib/microlib/longlong.c              0x00000000   Number         0  llushr.o ABSOLUTE
    ../clib/microlib/longlong.c              0x00000000   Number         0  llshl.o ABSOLUTE
    ../clib/microlib/printf/printf.c         0x00000000   Number         0  printf8.o ABSOLUTE
    ../clib/microlib/printf/printf.c         0x00000000   Number         0  printf7.o ABSOLUTE
    ../clib/microlib/printf/printf.c         0x00000000   Number         0  printf6.o ABSOLUTE
    ../clib/microlib/printf/printf.c         0x00000000   Number         0  printf5.o ABSOLUTE
    ../clib/microlib/printf/printf.c         0x00000000   Number         0  printf4.o ABSOLUTE
    ../clib/microlib/printf/printf.c         0x00000000   Number         0  printf3.o ABSOLUTE
    ../clib/microlib/printf/printf.c         0x00000000   Number         0  printf2.o ABSOLUTE
    ../clib/microlib/printf/printf.c         0x00000000   Number         0  printfa.o ABSOLUTE
    ../clib/microlib/printf/printf.c         0x00000000   Number         0  printf0.o ABSOLUTE
    ../clib/microlib/printf/printf.c         0x00000000   Number         0  printf1.o ABSOLUTE
    ../clib/microlib/printf/printf.c         0x00000000   Number         0  printfb.o ABSOLUTE
    ../clib/microlib/printf/stubs.s          0x00000000   Number         0  stubs.o ABSOLUTE
    ../clib/microlib/stdio/streams.c         0x00000000   Number         0  stdout.o ABSOLUTE
    ../clib/microlib/string/memcpy.c         0x00000000   Number         0  memcpya.o ABSOLUTE
    ../clib/microlib/string/memcpy.c         0x00000000   Number         0  memcpyb.o ABSOLUTE
    ../clib/microlib/string/memset.c         0x00000000   Number         0  memseta.o ABSOLUTE
    ../clib/microlib/string/strlen.c         0x00000000   Number         0  strlen.o ABSOLUTE
    ../clib/microlib/stubs.s                 0x00000000   Number         0  iusefp.o ABSOLUTE
    ../fplib/microlib/fpadd.c                0x00000000   Number         0  dadd.o ABSOLUTE
    ../fplib/microlib/fpadd.c                0x00000000   Number         0  fadd.o ABSOLUTE
    ../fplib/microlib/fpdiv.c                0x00000000   Number         0  ddiv.o ABSOLUTE
    ../fplib/microlib/fpdiv.c                0x00000000   Number         0  fdiv.o ABSOLUTE
    ../fplib/microlib/fpepilogue.c           0x00000000   Number         0  fepilogue.o ABSOLUTE
    ../fplib/microlib/fpepilogue.c           0x00000000   Number         0  depilogue.o ABSOLUTE
    ../fplib/microlib/fpfix.c                0x00000000   Number         0  dfixul.o ABSOLUTE
    ../fplib/microlib/fpfix.c                0x00000000   Number         0  ffixui.o ABSOLUTE
    ../fplib/microlib/fpflt.c                0x00000000   Number         0  ffltui.o ABSOLUTE
    ../fplib/microlib/fpmul.c                0x00000000   Number         0  dmul.o ABSOLUTE
    ../fplib/microlib/fpmul.c                0x00000000   Number         0  fmul.o ABSOLUTE
    APP\RC522\RC522.c                        0x00000000   Number         0  rc522.o ABSOLUTE
    APP\key\key.c                            0x00000000   Number         0  key.o ABSOLUTE
    APP\led\led.c                            0x00000000   Number         0  led.o ABSOLUTE
    APP\tftlcd\tftlcd.c                      0x00000000   Number         0  tftlcd.o ABSOLUTE
    APP\time\time.c                          0x00000000   Number         0  time.o ABSOLUTE
    Gizwits\gizwits_product.c                0x00000000   Number         0  gizwits_product.o ABSOLUTE
    Gizwits\gizwits_protocol.c               0x00000000   Number         0  gizwits_protocol.o ABSOLUTE
    Libraries\CMSIS\core_cm3.c               0x00000000   Number         0  core_cm3.o ABSOLUTE
    Libraries\CMSIS\startup_stm32f10x_hd.s   0x00000000   Number         0  startup_stm32f10x_hd.o ABSOLUTE
    Libraries\CMSIS\system_stm32f10x.c       0x00000000   Number         0  system_stm32f10x.o ABSOLUTE
    Libraries\STM32F10x_StdPeriph_Driver\src\misc.c 0x00000000   Number         0  misc.o ABSOLUTE
    Libraries\STM32F10x_StdPeriph_Driver\src\stm32f10x_adc.c 0x00000000   Number         0  stm32f10x_adc.o ABSOLUTE
    Libraries\STM32F10x_StdPeriph_Driver\src\stm32f10x_bkp.c 0x00000000   Number         0  stm32f10x_bkp.o ABSOLUTE
    Libraries\STM32F10x_StdPeriph_Driver\src\stm32f10x_can.c 0x00000000   Number         0  stm32f10x_can.o ABSOLUTE
    Libraries\STM32F10x_StdPeriph_Driver\src\stm32f10x_dac.c 0x00000000   Number         0  stm32f10x_dac.o ABSOLUTE
    Libraries\STM32F10x_StdPeriph_Driver\src\stm32f10x_dma.c 0x00000000   Number         0  stm32f10x_dma.o ABSOLUTE
    Libraries\STM32F10x_StdPeriph_Driver\src\stm32f10x_exti.c 0x00000000   Number         0  stm32f10x_exti.o ABSOLUTE
    Libraries\STM32F10x_StdPeriph_Driver\src\stm32f10x_fsmc.c 0x00000000   Number         0  stm32f10x_fsmc.o ABSOLUTE
    Libraries\STM32F10x_StdPeriph_Driver\src\stm32f10x_gpio.c 0x00000000   Number         0  stm32f10x_gpio.o ABSOLUTE
    Libraries\STM32F10x_StdPeriph_Driver\src\stm32f10x_iwdg.c 0x00000000   Number         0  stm32f10x_iwdg.o ABSOLUTE
    Libraries\STM32F10x_StdPeriph_Driver\src\stm32f10x_pwr.c 0x00000000   Number         0  stm32f10x_pwr.o ABSOLUTE
    Libraries\STM32F10x_StdPeriph_Driver\src\stm32f10x_rcc.c 0x00000000   Number         0  stm32f10x_rcc.o ABSOLUTE
    Libraries\STM32F10x_StdPeriph_Driver\src\stm32f10x_rtc.c 0x00000000   Number         0  stm32f10x_rtc.o ABSOLUTE
    Libraries\STM32F10x_StdPeriph_Driver\src\stm32f10x_spi.c 0x00000000   Number         0  stm32f10x_spi.o ABSOLUTE
    Libraries\STM32F10x_StdPeriph_Driver\src\stm32f10x_tim.c 0x00000000   Number         0  stm32f10x_tim.o ABSOLUTE
    Libraries\STM32F10x_StdPeriph_Driver\src\stm32f10x_usart.c 0x00000000   Number         0  stm32f10x_usart.o ABSOLUTE
    Libraries\STM32F10x_StdPeriph_Driver\src\stm32f10x_wwdg.c 0x00000000   Number         0  stm32f10x_wwdg.o ABSOLUTE
    Libraries\\CMSIS\\core_cm3.c             0x00000000   Number         0  core_cm3.o ABSOLUTE
    Public\SysTick.c                         0x00000000   Number         0  systick.o ABSOLUTE
    Public\system.c                          0x00000000   Number         0  system.o ABSOLUTE
    Public\usart.c                           0x00000000   Number         0  usart.o ABSOLUTE
    User\Graph.c                             0x00000000   Number         0  graph.o ABSOLUTE
    User\main.c                              0x00000000   Number         0  main.o ABSOLUTE
    User\stm32f10x_it.c                      0x00000000   Number         0  stm32f10x_it.o ABSOLUTE
    Utils\common.c                           0x00000000   Number         0  common.o ABSOLUTE
    Utils\dataPointTools.c                   0x00000000   Number         0  datapointtools.o ABSOLUTE
    Utils\ringbuffer.c                       0x00000000   Number         0  ringbuffer.o ABSOLUTE
    cdrcmple.s                               0x00000000   Number         0  cdrcmple.o ABSOLUTE
    dc.s                                     0x00000000   Number         0  dc.o ABSOLUTE
    handlers.s                               0x00000000   Number         0  handlers.o ABSOLUTE
    init.s                                   0x00000000   Number         0  init.o ABSOLUTE
    RESET                                    0x08000000   Section      304  startup_stm32f10x_hd.o(RESET)
    .ARM.Collect$$$$00000000                 0x08000130   Section        0  entry.o(.ARM.Collect$$$$00000000)
    .ARM.Collect$$$$00000001                 0x08000130   Section        4  entry2.o(.ARM.Collect$$$$00000001)
    .ARM.Collect$$$$00000004                 0x08000134   Section        4  entry5.o(.ARM.Collect$$$$00000004)
    .ARM.Collect$$$$00000008                 0x08000138   Section        0  entry7b.o(.ARM.Collect$$$$00000008)
    .ARM.Collect$$$$0000000A                 0x08000138   Section        0  entry8b.o(.ARM.Collect$$$$0000000A)
    .ARM.Collect$$$$0000000B                 0x08000138   Section        8  entry9a.o(.ARM.Collect$$$$0000000B)
    .ARM.Collect$$$$0000000D                 0x08000140   Section        0  entry10a.o(.ARM.Collect$$$$0000000D)
    .ARM.Collect$$$$0000000F                 0x08000140   Section        0  entry11a.o(.ARM.Collect$$$$0000000F)
    .ARM.Collect$$$$00002712                 0x08000140   Section        4  entry2.o(.ARM.Collect$$$$00002712)
    __lit__00000000                          0x08000140   Data           4  entry2.o(.ARM.Collect$$$$00002712)
    .text                                    0x08000144   Section       36  startup_stm32f10x_hd.o(.text)
    .text                                    0x08000168   Section        0  memcpya.o(.text)
    .text                                    0x0800018c   Section        0  memseta.o(.text)
    .text                                    0x080001b0   Section        0  uldiv.o(.text)
    .text                                    0x08000214   Section       36  init.o(.text)
    .text                                    0x08000238   Section        0  llshl.o(.text)
    .text                                    0x08000256   Section        0  llushr.o(.text)
    i.AnalyzeRoad                            0x08000278   Section        0  main.o(i.AnalyzeRoad)
    i.BusFault_Handler                       0x08000334   Section        0  stm32f10x_it.o(i.BusFault_Handler)
    i.CalulateCRC                            0x08000338   Section        0  rc522.o(i.CalulateCRC)
    i.ClearBitMask                           0x080003a4   Section        0  rc522.o(i.ClearBitMask)
    i.DebugMon_Handler                       0x080003c0   Section        0  stm32f10x_it.o(i.DebugMon_Handler)
    i.FLOYD                                  0x080003c4   Section        0  graph.o(i.FLOYD)
    i.FSMC_NORSRAMCmd                        0x08000690   Section        0  stm32f10x_fsmc.o(i.FSMC_NORSRAMCmd)
    i.FSMC_NORSRAMInit                       0x080006c4   Section        0  stm32f10x_fsmc.o(i.FSMC_NORSRAMInit)
    i.GPIO_Init                              0x080007aa   Section        0  stm32f10x_gpio.o(i.GPIO_Init)
    i.GPIO_PinRemapConfig                    0x080008c0   Section        0  stm32f10x_gpio.o(i.GPIO_PinRemapConfig)
    i.GPIO_ReadInputDataBit                  0x08000950   Section        0  stm32f10x_gpio.o(i.GPIO_ReadInputDataBit)
    i.GPIO_ResetBits                         0x08000962   Section        0  stm32f10x_gpio.o(i.GPIO_ResetBits)
    i.GPIO_SetBits                           0x08000966   Section        0  stm32f10x_gpio.o(i.GPIO_SetBits)
    i.Go                                     0x0800096c   Section        0  time.o(i.Go)
    i.GoAcoddingDrec                         0x08000a28   Section        0  time.o(i.GoAcoddingDrec)
    i.HardFault_Handler                      0x08000a9c   Section        0  stm32f10x_it.o(i.HardFault_Handler)
    i.InitMatrix                             0x08000aa0   Section        0  graph.o(i.InitMatrix)
    i.KEY_Init                               0x08000acc   Section        0  key.o(i.KEY_Init)
    i.KEY_Scan                               0x08000b14   Section        0  key.o(i.KEY_Scan)
    i.LCD_Clear                              0x08000bb0   Section        0  tftlcd.o(i.LCD_Clear)
    i.LCD_Display_Dir                        0x08000bf8   Section        0  tftlcd.o(i.LCD_Display_Dir)
    i.LCD_DrawFRONT_COLOR                    0x08000c5c   Section        0  tftlcd.o(i.LCD_DrawFRONT_COLOR)
    i.LCD_Pow                                0x08000c78   Section        0  tftlcd.o(i.LCD_Pow)
    i.LCD_ReadData                           0x08000c90   Section        0  tftlcd.o(i.LCD_ReadData)
    i.LCD_Set_Window                         0x08000c9c   Section        0  tftlcd.o(i.LCD_Set_Window)
    i.LCD_ShowChar                           0x08000d60   Section        0  tftlcd.o(i.LCD_ShowChar)
    i.LCD_ShowString                         0x08000e88   Section        0  tftlcd.o(i.LCD_ShowString)
    i.LCD_ShowxNum                           0x08000eee   Section        0  tftlcd.o(i.LCD_ShowxNum)
    i.LCD_WriteCmd                           0x08000fac   Section        0  tftlcd.o(i.LCD_WriteCmd)
    i.LCD_WriteData                          0x08000fb8   Section        0  tftlcd.o(i.LCD_WriteData)
    i.LCD_WriteData_Color                    0x08000fc4   Section        0  tftlcd.o(i.LCD_WriteData_Color)
    i.LED_Init                               0x08000fd0   Section        0  led.o(i.LED_Init)
    i.MemManage_Handler                      0x08001004   Section        0  stm32f10x_it.o(i.MemManage_Handler)
    i.NMI_Handler                            0x08001008   Section        0  stm32f10x_it.o(i.NMI_Handler)
    i.NVIC_Init                              0x0800100c   Section        0  misc.o(i.NVIC_Init)
    i.NVIC_PriorityGroupConfig               0x0800107c   Section        0  misc.o(i.NVIC_PriorityGroupConfig)
    i.PcdAntennaOff                          0x08001090   Section        0  rc522.o(i.PcdAntennaOff)
    i.PcdAntennaOn                           0x0800109c   Section        0  rc522.o(i.PcdAntennaOn)
    i.PcdAnticoll                            0x080010b6   Section        0  rc522.o(i.PcdAnticoll)
    i.PcdAuthState                           0x08001126   Section        0  rc522.o(i.PcdAuthState)
    i.PcdComMF522                            0x08001194   Section        0  rc522.o(i.PcdComMF522)
    i.PcdRead                                0x080012c6   Section        0  rc522.o(i.PcdRead)
    i.PcdRequest                             0x0800131a   Section        0  rc522.o(i.PcdRequest)
    i.PcdReset                               0x08001370   Section        0  rc522.o(i.PcdReset)
    i.PcdSelect                              0x080013e4   Section        0  rc522.o(i.PcdSelect)
    i.PendSV_Handler                         0x08001456   Section        0  stm32f10x_it.o(i.PendSV_Handler)
    i.RC522_Init                             0x08001458   Section        0  rc522.o(i.RC522_Init)
    i.RCC_AHBPeriphClockCmd                  0x080014a0   Section        0  stm32f10x_rcc.o(i.RCC_AHBPeriphClockCmd)
    i.RCC_APB1PeriphClockCmd                 0x080014c0   Section        0  stm32f10x_rcc.o(i.RCC_APB1PeriphClockCmd)
    i.RCC_APB1PeriphResetCmd                 0x080014e0   Section        0  stm32f10x_rcc.o(i.RCC_APB1PeriphResetCmd)
    i.RCC_APB2PeriphClockCmd                 0x08001500   Section        0  stm32f10x_rcc.o(i.RCC_APB2PeriphClockCmd)
    i.RCC_APB2PeriphResetCmd                 0x08001520   Section        0  stm32f10x_rcc.o(i.RCC_APB2PeriphResetCmd)
    i.RCC_GetClocksFreq                      0x08001540   Section        0  stm32f10x_rcc.o(i.RCC_GetClocksFreq)
    i.ReadRawRC                              0x08001614   Section        0  rc522.o(i.ReadRawRC)
    i.SVC_Handler                            0x080016a8   Section        0  stm32f10x_it.o(i.SVC_Handler)
    i.SetBitMask                             0x080016aa   Section        0  rc522.o(i.SetBitMask)
    i.SetSysClock                            0x080016c6   Section        0  system_stm32f10x.o(i.SetSysClock)
    SetSysClock                              0x080016c7   Thumb Code     8  system_stm32f10x.o(i.SetSysClock)
    i.SetSysClockTo72                        0x080016d0   Section        0  system_stm32f10x.o(i.SetSysClockTo72)
    SetSysClockTo72                          0x080016d1   Thumb Code   214  system_stm32f10x.o(i.SetSysClockTo72)
    i.SysTick_CLKSourceConfig                0x080017b0   Section        0  misc.o(i.SysTick_CLKSourceConfig)
    i.SysTick_Handler                        0x080017d8   Section        0  stm32f10x_it.o(i.SysTick_Handler)
    i.SysTick_Init                           0x080017dc   Section        0  systick.o(i.SysTick_Init)
    i.SystemInit                             0x08001818   Section        0  system_stm32f10x.o(i.SystemInit)
    i.TFTLCD_FSMC_Init                       0x08001878   Section        0  tftlcd.o(i.TFTLCD_FSMC_Init)
    i.TFTLCD_GPIO_Init                       0x080018f4   Section        0  tftlcd.o(i.TFTLCD_GPIO_Init)
    i.TFTLCD_Init                            0x08001964   Section        0  tftlcd.o(i.TFTLCD_Init)
    i.TIM2_IRQHandler                        0x08001c18   Section        0  time.o(i.TIM2_IRQHandler)
    i.TIM2_Init                              0x08001c8c   Section        0  time.o(i.TIM2_Init)
    i.TIM3_CH1_PWM_Init                      0x08001cf0   Section        0  time.o(i.TIM3_CH1_PWM_Init)
    i.TIM4_CH1_PWM_Init                      0x08001e48   Section        0  time.o(i.TIM4_CH1_PWM_Init)
    i.TIM_ARRPreloadConfig                   0x08001fc0   Section        0  stm32f10x_tim.o(i.TIM_ARRPreloadConfig)
    i.TIM_ClearITPendingBit                  0x08001fd8   Section        0  stm32f10x_tim.o(i.TIM_ClearITPendingBit)
    i.TIM_Cmd                                0x08001fde   Section        0  stm32f10x_tim.o(i.TIM_Cmd)
    i.TIM_CtrlPWMOutputs                     0x08001ff6   Section        0  stm32f10x_tim.o(i.TIM_CtrlPWMOutputs)
    i.TIM_DeInit                             0x08002014   Section        0  stm32f10x_tim.o(i.TIM_DeInit)
    i.TIM_GetITStatus                        0x080021fc   Section        0  stm32f10x_tim.o(i.TIM_GetITStatus)
    i.TIM_ITConfig                           0x0800221e   Section        0  stm32f10x_tim.o(i.TIM_ITConfig)
    i.TIM_OC1Init                            0x08002230   Section        0  stm32f10x_tim.o(i.TIM_OC1Init)
    i.TIM_OC1PreloadConfig                   0x080022c8   Section        0  stm32f10x_tim.o(i.TIM_OC1PreloadConfig)
    i.TIM_OC2Init                            0x080022dc   Section        0  stm32f10x_tim.o(i.TIM_OC2Init)
    i.TIM_OC2PreloadConfig                   0x08002380   Section        0  stm32f10x_tim.o(i.TIM_OC2PreloadConfig)
    i.TIM_OC3Init                            0x0800239c   Section        0  stm32f10x_tim.o(i.TIM_OC3Init)
    i.TIM_OC3PreloadConfig                   0x0800243c   Section        0  stm32f10x_tim.o(i.TIM_OC3PreloadConfig)
    i.TIM_OC4Init                            0x08002450   Section        0  stm32f10x_tim.o(i.TIM_OC4Init)
    i.TIM_OC4PreloadConfig                   0x080024cc   Section        0  stm32f10x_tim.o(i.TIM_OC4PreloadConfig)
    i.TIM_SetCompare1                        0x080024e6   Section        0  stm32f10x_tim.o(i.TIM_SetCompare1)
    i.TIM_SetCompare2                        0x080024ea   Section        0  stm32f10x_tim.o(i.TIM_SetCompare2)
    i.TIM_SetCompare3                        0x080024ee   Section        0  stm32f10x_tim.o(i.TIM_SetCompare3)
    i.TIM_SetCompare4                        0x080024f2   Section        0  stm32f10x_tim.o(i.TIM_SetCompare4)
    i.TIM_TimeBaseInit                       0x080024f8   Section        0  stm32f10x_tim.o(i.TIM_TimeBaseInit)
    i.USART1_IRQHandler                      0x0800259c   Section        0  usart.o(i.USART1_IRQHandler)
    i.USART1_Init                            0x080025d8   Section        0  usart.o(i.USART1_Init)
    i.USART3_IRQHandler                      0x08002690   Section        0  usart.o(i.USART3_IRQHandler)
    i.USART3_Init                            0x08002730   Section        0  usart.o(i.USART3_Init)
    i.USART_ClearFlag                        0x080027e0   Section        0  stm32f10x_usart.o(i.USART_ClearFlag)
    i.USART_Cmd                              0x080027f2   Section        0  stm32f10x_usart.o(i.USART_Cmd)
    i.USART_GetFlagStatus                    0x0800280a   Section        0  stm32f10x_usart.o(i.USART_GetFlagStatus)
    i.USART_GetITStatus                      0x08002824   Section        0  stm32f10x_usart.o(i.USART_GetITStatus)
    i.USART_ITConfig                         0x08002878   Section        0  stm32f10x_usart.o(i.USART_ITConfig)
    i.USART_Init                             0x080028c4   Section        0  stm32f10x_usart.o(i.USART_Init)
    i.USART_ReceiveData                      0x0800299c   Section        0  stm32f10x_usart.o(i.USART_ReceiveData)
    i.USART_SendData                         0x080029a6   Section        0  stm32f10x_usart.o(i.USART_SendData)
    i.UsageFault_Handler                     0x080029ae   Section        0  stm32f10x_it.o(i.UsageFault_Handler)
    i.WriteRawRC                             0x080029b4   Section        0  rc522.o(i.WriteRawRC)
    i.__0printf$8                            0x08002a44   Section        0  printf8.o(i.__0printf$8)
    i.__scatterload_copy                     0x08002a64   Section       14  handlers.o(i.__scatterload_copy)
    i.__scatterload_null                     0x08002a72   Section        2  handlers.o(i.__scatterload_null)
    i.__scatterload_zeroinit                 0x08002a74   Section       14  handlers.o(i.__scatterload_zeroinit)
    i._printf_core                           0x08002a84   Section        0  printf8.o(i._printf_core)
    _printf_core                             0x08002a85   Thumb Code   996  printf8.o(i._printf_core)
    i._printf_post_padding                   0x08002e94   Section        0  printf8.o(i._printf_post_padding)
    _printf_post_padding                     0x08002e95   Thumb Code    36  printf8.o(i._printf_post_padding)
    i._printf_pre_padding                    0x08002eb8   Section        0  printf8.o(i._printf_pre_padding)
    _printf_pre_padding                      0x08002eb9   Thumb Code    46  printf8.o(i._printf_pre_padding)
    i.delay_ms                               0x08002ee8   Section        0  systick.o(i.delay_ms)
    i.delay_us                               0x08002f34   Section        0  systick.o(i.delay_us)
    i.exchangeBytes                          0x08002f80   Section        0  common.o(i.exchangeBytes)
    i.exchangeWord                           0x08002f9a   Section        0  common.o(i.exchangeWord)
    i.fputc                                  0x08002fb4   Section        0  usart.o(i.fputc)
    i.gizAcrossByteJudge                     0x08002fd8   Section        0  datapointtools.o(i.gizAcrossByteJudge)
    i.gizByteOrderExchange                   0x08003002   Section        0  datapointtools.o(i.gizByteOrderExchange)
    i.gizCheckReport                         0x08003034   Section        0  gizwits_protocol.o(i.gizCheckReport)
    gizCheckReport                           0x08003035   Thumb Code   130  gizwits_protocol.o(i.gizCheckReport)
    i.gizDataPoint2Event                     0x08003140   Section        0  gizwits_protocol.o(i.gizDataPoint2Event)
    gizDataPoint2Event                       0x08003141   Thumb Code   110  gizwits_protocol.o(i.gizDataPoint2Event)
    i.gizDataPoints2ReportData               0x080031dc   Section        0  gizwits_protocol.o(i.gizDataPoints2ReportData)
    gizDataPoints2ReportData                 0x080031dd   Thumb Code   144  gizwits_protocol.o(i.gizDataPoints2ReportData)
    i.gizDevReportPolicy                     0x080032f8   Section        0  gizwits_protocol.o(i.gizDevReportPolicy)
    gizDevReportPolicy                       0x080032f9   Thumb Code   128  gizwits_protocol.o(i.gizDevReportPolicy)
    i.gizGetTimerCount                       0x080033b4   Section        0  gizwits_product.o(i.gizGetTimerCount)
    i.gizProtocolAckHandle                   0x080033c0   Section        0  gizwits_protocol.o(i.gizProtocolAckHandle)
    gizProtocolAckHandle                     0x080033c1   Thumb Code    90  gizwits_protocol.o(i.gizProtocolAckHandle)
    i.gizProtocolCommonAck                   0x08003448   Section        0  gizwits_protocol.o(i.gizProtocolCommonAck)
    gizProtocolCommonAck                     0x08003449   Thumb Code    86  gizwits_protocol.o(i.gizProtocolCommonAck)
    i.gizProtocolErrorCmd                    0x080034e8   Section        0  gizwits_protocol.o(i.gizProtocolErrorCmd)
    gizProtocolErrorCmd                      0x080034e9   Thumb Code    90  gizwits_protocol.o(i.gizProtocolErrorCmd)
    i.gizProtocolGetDeviceInfo               0x0800358c   Section        0  gizwits_protocol.o(i.gizProtocolGetDeviceInfo)
    gizProtocolGetDeviceInfo                 0x0800358d   Thumb Code   182  gizwits_protocol.o(i.gizProtocolGetDeviceInfo)
    i.gizProtocolGetOnePacket                0x08003708   Section        0  gizwits_protocol.o(i.gizProtocolGetOnePacket)
    gizProtocolGetOnePacket                  0x08003709   Thumb Code   358  gizwits_protocol.o(i.gizProtocolGetOnePacket)
    i.gizProtocolHeadInit                    0x080038b0   Section        0  gizwits_protocol.o(i.gizProtocolHeadInit)
    gizProtocolHeadInit                      0x080038b1   Thumb Code    34  gizwits_protocol.o(i.gizProtocolHeadInit)
    i.gizProtocolIssuedDataAck               0x08003900   Section        0  gizwits_protocol.o(i.gizProtocolIssuedDataAck)
    gizProtocolIssuedDataAck                 0x08003901   Thumb Code   230  gizwits_protocol.o(i.gizProtocolIssuedDataAck)
    i.gizProtocolIssuedProcess               0x08003a40   Section        0  gizwits_protocol.o(i.gizProtocolIssuedProcess)
    gizProtocolIssuedProcess                 0x08003a41   Thumb Code   216  gizwits_protocol.o(i.gizProtocolIssuedProcess)
    i.gizProtocolModuleInfoHandle            0x08003b4c   Section        0  gizwits_protocol.o(i.gizProtocolModuleInfoHandle)
    gizProtocolModuleInfoHandle              0x08003b4d   Thumb Code    70  gizwits_protocol.o(i.gizProtocolModuleInfoHandle)
    i.gizProtocolModuleStatus                0x08003ba8   Section        0  gizwits_protocol.o(i.gizProtocolModuleStatus)
    gizProtocolModuleStatus                  0x08003ba9   Thumb Code   816  gizwits_protocol.o(i.gizProtocolModuleStatus)
    i.gizProtocolNTP                         0x080040ac   Section        0  gizwits_protocol.o(i.gizProtocolNTP)
    gizProtocolNTP                           0x080040ad   Thumb Code   112  gizwits_protocol.o(i.gizProtocolNTP)
    i.gizProtocolReboot                      0x08004134   Section        0  gizwits_protocol.o(i.gizProtocolReboot)
    gizProtocolReboot                        0x08004135   Thumb Code    28  gizwits_protocol.o(i.gizProtocolReboot)
    i.gizProtocolResendData                  0x08004150   Section        0  gizwits_protocol.o(i.gizProtocolResendData)
    gizProtocolResendData                    0x08004151   Thumb Code    62  gizwits_protocol.o(i.gizProtocolResendData)
    i.gizProtocolSum                         0x080041cc   Section        0  common.o(i.gizProtocolSum)
    i.gizProtocolWaitAck                     0x080041f4   Section        0  gizwits_protocol.o(i.gizProtocolWaitAck)
    gizProtocolWaitAck                       0x080041f5   Thumb Code    68  gizwits_protocol.o(i.gizProtocolWaitAck)
    i.gizProtocolWaitAckCheck                0x08004254   Section        0  gizwits_protocol.o(i.gizProtocolWaitAckCheck)
    gizProtocolWaitAckCheck                  0x08004255   Thumb Code    44  gizwits_protocol.o(i.gizProtocolWaitAckCheck)
    i.gizPutData                             0x0800429c   Section        0  gizwits_protocol.o(i.gizPutData)
    i.gizReportData                          0x08004310   Section        0  gizwits_protocol.o(i.gizReportData)
    gizReportData                            0x08004311   Thumb Code   142  gizwits_protocol.o(i.gizReportData)
    i.gizStandardCompressValue               0x080043e8   Section        0  datapointtools.o(i.gizStandardCompressValue)
    i.gizStandardDecompressionValue          0x08004468   Section        0  datapointtools.o(i.gizStandardDecompressionValue)
    i.gizTimerMs                             0x0800452c   Section        0  gizwits_product.o(i.gizTimerMs)
    i.gizY2X                                 0x0800453c   Section        0  datapointtools.o(i.gizY2X)
    i.gizwitsEventProcess                    0x0800454c   Section        0  gizwits_product.o(i.gizwitsEventProcess)
    i.gizwitsGetNTP                          0x08004798   Section        0  gizwits_protocol.o(i.gizwitsGetNTP)
    i.gizwitsHandle                          0x0800481c   Section        0  gizwits_protocol.o(i.gizwitsHandle)
    i.gizwitsInit                            0x08004b34   Section        0  gizwits_protocol.o(i.gizwitsInit)
    i.gizwitsSetMode                         0x08004b98   Section        0  gizwits_protocol.o(i.gizwitsSetMode)
    i.init_road                              0x08004e20   Section        0  main.o(i.init_road)
    i.input_init                             0x08004e34   Section        0  key.o(i.input_init)
    i.main                                   0x08004e60   Section        0  main.o(i.main)
    i.mcuRestart                             0x080052a8   Section        0  gizwits_product.o(i.mcuRestart)
    i.rbCanRead                              0x080052aa   Section        0  ringbuffer.o(i.rbCanRead)
    i.rbCanWrite                             0x080052e2   Section        0  ringbuffer.o(i.rbCanWrite)
    i.rbCapacity                             0x08005300   Section        0  ringbuffer.o(i.rbCapacity)
    i.rbCreate                               0x0800530e   Section        0  ringbuffer.o(i.rbCreate)
    i.rbRead                                 0x08005324   Section        0  ringbuffer.o(i.rbRead)
    i.rbWrite                                0x080053c6   Section        0  ringbuffer.o(i.rbWrite)
    i.tonodrec                               0x08005460   Section        0  main.o(i.tonodrec)
    i.uartWrite                              0x080054c4   Section        0  gizwits_product.o(i.uartWrite)
    i.userHandle                             0x0800551c   Section        0  gizwits_product.o(i.userHandle)
    i.userInit                               0x0800555c   Section        0  gizwits_product.o(i.userInit)
    i.wifi                                   0x0800557c   Section        0  main.o(i.wifi)
    .constdata                               0x08005634   Section     7142  tftlcd.o(.constdata)
    .data                                    0x20000000   Section      116  main.o(.data)
    .data                                    0x20000074   Section       20  stm32f10x_rcc.o(.data)
    APBAHBPrescTable                         0x20000074   Data          16  stm32f10x_rcc.o(.data)
    ADCPrescTable                            0x20000084   Data           4  stm32f10x_rcc.o(.data)
    .data                                    0x20000088   Section       12  tftlcd.o(.data)
    .data                                    0x20000094   Section        5  time.o(.data)
    .data                                    0x20000099   Section        1  key.o(.data)
    key                                      0x20000099   Data           1  key.o(.data)
    .data                                    0x2000009a   Section        4  systick.o(.data)
    fac_us                                   0x2000009a   Data           1  systick.o(.data)
    fac_ms                                   0x2000009c   Data           2  systick.o(.data)
    .data                                    0x2000009e   Section        2  usart.o(.data)
    .data                                    0x200000a0   Section        5  gizwits_product.o(.data)
    t                                        0x200000a4   Data           1  gizwits_product.o(.data)
    .data                                    0x200000a8   Section       16  gizwits_protocol.o(.data)
    lastReportTime                           0x200000a8   Data           4  gizwits_protocol.o(.data)
    lastRepTime                              0x200000ac   Data           4  gizwits_protocol.o(.data)
    protocolFlag                             0x200000b0   Data           1  gizwits_protocol.o(.data)
    protocolCount                            0x200000b2   Data           2  gizwits_protocol.o(.data)
    lastData                                 0x200000b4   Data           1  gizwits_protocol.o(.data)
    debugCount                               0x200000b5   Data           1  gizwits_protocol.o(.data)
    lastStatus                               0x200000b6   Data           2  gizwits_protocol.o(.data)
    .data                                    0x200000b8   Section        4  stdout.o(.data)
    .bss                                     0x200000bc   Section      521  main.o(.bss)
    keyroad                                  0x200002af   Data          22  main.o(.bss)
    .bss                                     0x200002c5   Section     1452  graph.o(.bss)
    DFloyd                                   0x200002c5   Data         484  graph.o(.bss)
    Path                                     0x200004a9   Data         484  graph.o(.bss)
    G                                        0x2000068d   Data         484  graph.o(.bss)
    .bss                                     0x20000871   Section      200  usart.o(.bss)
    .bss                                     0x20000939   Section       13  gizwits_product.o(.bss)
    .bss                                     0x20000946   Section      350  gizwits_protocol.o(.bss)
    rbBuf                                    0x20000a72   Data          50  gizwits_protocol.o(.bss)
    STACK                                    0x20000aa8   Section     1024  startup_stm32f10x_hd.o(STACK)

    Global Symbols

    Symbol Name                              Value     Ov Type        Size  Object(Section)

    BuildAttributes$$THM_ISAv4$P$D$K$B$S$PE$A:L22UL41UL21$X:L11$S22US41US21$IEEE1$IW$USESV6$~STKCKD$USESV7$~SHL$OTIME$ROPI$EBA8$MICROLIB$REQ8$PRES8$EABIv2 0x00000000   Number         0  anon$$obj.o ABSOLUTE
    __ARM_use_no_argv                        0x00000000   Number         0  main.o ABSOLUTE
    _printf_a                                0x00000000   Number         0  stubs.o ABSOLUTE
    _printf_c                                0x00000000   Number         0  stubs.o ABSOLUTE
    _printf_charcount                        0x00000000   Number         0  stubs.o ABSOLUTE
    _printf_d                                0x00000000   Number         0  stubs.o ABSOLUTE
    _printf_e                                0x00000000   Number         0  stubs.o ABSOLUTE
    _printf_f                                0x00000000   Number         0  stubs.o ABSOLUTE
    _printf_flags                            0x00000000   Number         0  stubs.o ABSOLUTE
    _printf_fp_dec                           0x00000000   Number         0  stubs.o ABSOLUTE
    _printf_fp_hex                           0x00000000   Number         0  stubs.o ABSOLUTE
    _printf_g                                0x00000000   Number         0  stubs.o ABSOLUTE
    _printf_i                                0x00000000   Number         0  stubs.o ABSOLUTE
    _printf_int_dec                          0x00000000   Number         0  stubs.o ABSOLUTE
    _printf_l                                0x00000000   Number         0  stubs.o ABSOLUTE
    _printf_lc                               0x00000000   Number         0  stubs.o ABSOLUTE
    _printf_ll                               0x00000000   Number         0  stubs.o ABSOLUTE
    _printf_lld                              0x00000000   Number         0  stubs.o ABSOLUTE
    _printf_lli                              0x00000000   Number         0  stubs.o ABSOLUTE
    _printf_llo                              0x00000000   Number         0  stubs.o ABSOLUTE
    _printf_llu                              0x00000000   Number         0  stubs.o ABSOLUTE
    _printf_llx                              0x00000000   Number         0  stubs.o ABSOLUTE
    _printf_longlong_dec                     0x00000000   Number         0  stubs.o ABSOLUTE
    _printf_longlong_hex                     0x00000000   Number         0  stubs.o ABSOLUTE
    _printf_longlong_oct                     0x00000000   Number         0  stubs.o ABSOLUTE
    _printf_ls                               0x00000000   Number         0  stubs.o ABSOLUTE
    _printf_mbtowc                           0x00000000   Number         0  stubs.o ABSOLUTE
    _printf_n                                0x00000000   Number         0  stubs.o ABSOLUTE
    _printf_o                                0x00000000   Number         0  stubs.o ABSOLUTE
    _printf_p                                0x00000000   Number         0  stubs.o ABSOLUTE
    _printf_percent                          0x00000000   Number         0  stubs.o ABSOLUTE
    _printf_pre_padding                      0x00000000   Number         0  stubs.o ABSOLUTE
    _printf_return_value                     0x00000000   Number         0  stubs.o ABSOLUTE
    _printf_s                                0x00000000   Number         0  stubs.o ABSOLUTE
    _printf_sizespec                         0x00000000   Number         0  stubs.o ABSOLUTE
    _printf_str                              0x00000000   Number         0  stubs.o ABSOLUTE
    _printf_truncate_signed                  0x00000000   Number         0  stubs.o ABSOLUTE
    _printf_truncate_unsigned                0x00000000   Number         0  stubs.o ABSOLUTE
    _printf_u                                0x00000000   Number         0  stubs.o ABSOLUTE
    _printf_wc                               0x00000000   Number         0  stubs.o ABSOLUTE
    _printf_wctomb                           0x00000000   Number         0  stubs.o ABSOLUTE
    _printf_widthprec                        0x00000000   Number         0  stubs.o ABSOLUTE
    _printf_x                                0x00000000   Number         0  stubs.o ABSOLUTE
    __cpp_initialize__aeabi_                  - Undefined Weak Reference
    __cxa_finalize                            - Undefined Weak Reference
    __decompress                              - Undefined Weak Reference
    _clock_init                               - Undefined Weak Reference
    _microlib_exit                            - Undefined Weak Reference
    __Vectors_Size                           0x00000130   Number         0  startup_stm32f10x_hd.o ABSOLUTE
    __Vectors                                0x08000000   Data           4  startup_stm32f10x_hd.o(RESET)
    __Vectors_End                            0x08000130   Data           0  startup_stm32f10x_hd.o(RESET)
    __main                                   0x08000131   Thumb Code     0  entry.o(.ARM.Collect$$$$00000000)
    _main_stk                                0x08000131   Thumb Code     0  entry2.o(.ARM.Collect$$$$00000001)
    _main_scatterload                        0x08000135   Thumb Code     0  entry5.o(.ARM.Collect$$$$00000004)
    __main_after_scatterload                 0x08000139   Thumb Code     0  entry5.o(.ARM.Collect$$$$00000004)
    _main_clock                              0x08000139   Thumb Code     0  entry7b.o(.ARM.Collect$$$$00000008)
    _main_cpp_init                           0x08000139   Thumb Code     0  entry8b.o(.ARM.Collect$$$$0000000A)
    _main_init                               0x08000139   Thumb Code     0  entry9a.o(.ARM.Collect$$$$0000000B)
    __rt_final_cpp                           0x08000141   Thumb Code     0  entry10a.o(.ARM.Collect$$$$0000000D)
    __rt_final_exit                          0x08000141   Thumb Code     0  entry11a.o(.ARM.Collect$$$$0000000F)
    Reset_Handler                            0x08000145   Thumb Code     8  startup_stm32f10x_hd.o(.text)
    ADC1_2_IRQHandler                        0x0800015f   Thumb Code     0  startup_stm32f10x_hd.o(.text)
    ADC3_IRQHandler                          0x0800015f   Thumb Code     0  startup_stm32f10x_hd.o(.text)
    CAN1_RX1_IRQHandler                      0x0800015f   Thumb Code     0  startup_stm32f10x_hd.o(.text)
    CAN1_SCE_IRQHandler                      0x0800015f   Thumb Code     0  startup_stm32f10x_hd.o(.text)
    DMA1_Channel1_IRQHandler                 0x0800015f   Thumb Code     0  startup_stm32f10x_hd.o(.text)
    DMA1_Channel2_IRQHandler                 0x0800015f   Thumb Code     0  startup_stm32f10x_hd.o(.text)
    DMA1_Channel3_IRQHandler                 0x0800015f   Thumb Code     0  startup_stm32f10x_hd.o(.text)
    DMA1_Channel4_IRQHandler                 0x0800015f   Thumb Code     0  startup_stm32f10x_hd.o(.text)
    DMA1_Channel5_IRQHandler                 0x0800015f   Thumb Code     0  startup_stm32f10x_hd.o(.text)
    DMA1_Channel6_IRQHandler                 0x0800015f   Thumb Code     0  startup_stm32f10x_hd.o(.text)
    DMA1_Channel7_IRQHandler                 0x0800015f   Thumb Code     0  startup_stm32f10x_hd.o(.text)
    DMA2_Channel1_IRQHandler                 0x0800015f   Thumb Code     0  startup_stm32f10x_hd.o(.text)
    DMA2_Channel2_IRQHandler                 0x0800015f   Thumb Code     0  startup_stm32f10x_hd.o(.text)
    DMA2_Channel3_IRQHandler                 0x0800015f   Thumb Code     0  startup_stm32f10x_hd.o(.text)
    DMA2_Channel4_5_IRQHandler               0x0800015f   Thumb Code     0  startup_stm32f10x_hd.o(.text)
    EXTI0_IRQHandler                         0x0800015f   Thumb Code     0  startup_stm32f10x_hd.o(.text)
    EXTI15_10_IRQHandler                     0x0800015f   Thumb Code     0  startup_stm32f10x_hd.o(.text)
    EXTI1_IRQHandler                         0x0800015f   Thumb Code     0  startup_stm32f10x_hd.o(.text)
    EXTI2_IRQHandler                         0x0800015f   Thumb Code     0  startup_stm32f10x_hd.o(.text)
    EXTI3_IRQHandler                         0x0800015f   Thumb Code     0  startup_stm32f10x_hd.o(.text)
    EXTI4_IRQHandler                         0x0800015f   Thumb Code     0  startup_stm32f10x_hd.o(.text)
    EXTI9_5_IRQHandler                       0x0800015f   Thumb Code     0  startup_stm32f10x_hd.o(.text)
    FLASH_IRQHandler                         0x0800015f   Thumb Code     0  startup_stm32f10x_hd.o(.text)
    FSMC_IRQHandler                          0x0800015f   Thumb Code     0  startup_stm32f10x_hd.o(.text)
    I2C1_ER_IRQHandler                       0x0800015f   Thumb Code     0  startup_stm32f10x_hd.o(.text)
    I2C1_EV_IRQHandler                       0x0800015f   Thumb Code     0  startup_stm32f10x_hd.o(.text)
    I2C2_ER_IRQHandler                       0x0800015f   Thumb Code     0  startup_stm32f10x_hd.o(.text)
    I2C2_EV_IRQHandler                       0x0800015f   Thumb Code     0  startup_stm32f10x_hd.o(.text)
    PVD_IRQHandler                           0x0800015f   Thumb Code     0  startup_stm32f10x_hd.o(.text)
    RCC_IRQHandler                           0x0800015f   Thumb Code     0  startup_stm32f10x_hd.o(.text)
    RTCAlarm_IRQHandler                      0x0800015f   Thumb Code     0  startup_stm32f10x_hd.o(.text)
    RTC_IRQHandler                           0x0800015f   Thumb Code     0  startup_stm32f10x_hd.o(.text)
    SDIO_IRQHandler                          0x0800015f   Thumb Code     0  startup_stm32f10x_hd.o(.text)
    SPI1_IRQHandler                          0x0800015f   Thumb Code     0  startup_stm32f10x_hd.o(.text)
    SPI2_IRQHandler                          0x0800015f   Thumb Code     0  startup_stm32f10x_hd.o(.text)
    SPI3_IRQHandler                          0x0800015f   Thumb Code     0  startup_stm32f10x_hd.o(.text)
    TAMPER_IRQHandler                        0x0800015f   Thumb Code     0  startup_stm32f10x_hd.o(.text)
    TIM1_BRK_IRQHandler                      0x0800015f   Thumb Code     0  startup_stm32f10x_hd.o(.text)
    TIM1_CC_IRQHandler                       0x0800015f   Thumb Code     0  startup_stm32f10x_hd.o(.text)
    TIM1_TRG_COM_IRQHandler                  0x0800015f   Thumb Code     0  startup_stm32f10x_hd.o(.text)
    TIM1_UP_IRQHandler                       0x0800015f   Thumb Code     0  startup_stm32f10x_hd.o(.text)
    TIM3_IRQHandler                          0x0800015f   Thumb Code     0  startup_stm32f10x_hd.o(.text)
    TIM4_IRQHandler                          0x0800015f   Thumb Code     0  startup_stm32f10x_hd.o(.text)
    TIM5_IRQHandler                          0x0800015f   Thumb Code     0  startup_stm32f10x_hd.o(.text)
    TIM6_IRQHandler                          0x0800015f   Thumb Code     0  startup_stm32f10x_hd.o(.text)
    TIM7_IRQHandler                          0x0800015f   Thumb Code     0  startup_stm32f10x_hd.o(.text)
    TIM8_BRK_IRQHandler                      0x0800015f   Thumb Code     0  startup_stm32f10x_hd.o(.text)
    TIM8_CC_IRQHandler                       0x0800015f   Thumb Code     0  startup_stm32f10x_hd.o(.text)
    TIM8_TRG_COM_IRQHandler                  0x0800015f   Thumb Code     0  startup_stm32f10x_hd.o(.text)
    TIM8_UP_IRQHandler                       0x0800015f   Thumb Code     0  startup_stm32f10x_hd.o(.text)
    UART4_IRQHandler                         0x0800015f   Thumb Code     0  startup_stm32f10x_hd.o(.text)
    UART5_IRQHandler                         0x0800015f   Thumb Code     0  startup_stm32f10x_hd.o(.text)
    USART2_IRQHandler                        0x0800015f   Thumb Code     0  startup_stm32f10x_hd.o(.text)
    USBWakeUp_IRQHandler                     0x0800015f   Thumb Code     0  startup_stm32f10x_hd.o(.text)
    USB_HP_CAN1_TX_IRQHandler                0x0800015f   Thumb Code     0  startup_stm32f10x_hd.o(.text)
    USB_LP_CAN1_RX0_IRQHandler               0x0800015f   Thumb Code     0  startup_stm32f10x_hd.o(.text)
    WWDG_IRQHandler                          0x0800015f   Thumb Code     0  startup_stm32f10x_hd.o(.text)
    __aeabi_memcpy                           0x08000169   Thumb Code    36  memcpya.o(.text)
    __aeabi_memcpy4                          0x08000169   Thumb Code     0  memcpya.o(.text)
    __aeabi_memcpy8                          0x08000169   Thumb Code     0  memcpya.o(.text)
    __aeabi_memset                           0x0800018d   Thumb Code    14  memseta.o(.text)
    __aeabi_memset4                          0x0800018d   Thumb Code     0  memseta.o(.text)
    __aeabi_memset8                          0x0800018d   Thumb Code     0  memseta.o(.text)
    __aeabi_memclr                           0x0800019b   Thumb Code     4  memseta.o(.text)
    __aeabi_memclr4                          0x0800019b   Thumb Code     0  memseta.o(.text)
    __aeabi_memclr8                          0x0800019b   Thumb Code     0  memseta.o(.text)
    _memset$wrapper                          0x0800019f   Thumb Code    18  memseta.o(.text)
    __aeabi_uldivmod                         0x080001b1   Thumb Code    98  uldiv.o(.text)
    __scatterload                            0x08000215   Thumb Code    28  init.o(.text)
    __scatterload_rt2                        0x08000215   Thumb Code     0  init.o(.text)
    __aeabi_llsl                             0x08000239   Thumb Code    30  llshl.o(.text)
    _ll_shift_l                              0x08000239   Thumb Code     0  llshl.o(.text)
    __aeabi_llsr                             0x08000257   Thumb Code    32  llushr.o(.text)
    _ll_ushift_r                             0x08000257   Thumb Code     0  llushr.o(.text)
    AnalyzeRoad                              0x08000279   Thumb Code   144  main.o(i.AnalyzeRoad)
    BusFault_Handler                         0x08000335   Thumb Code     4  stm32f10x_it.o(i.BusFault_Handler)
    CalulateCRC                              0x08000339   Thumb Code   108  rc522.o(i.CalulateCRC)
    ClearBitMask                             0x080003a5   Thumb Code    28  rc522.o(i.ClearBitMask)
    DebugMon_Handler                         0x080003c1   Thumb Code     2  stm32f10x_it.o(i.DebugMon_Handler)
    FLOYD                                    0x080003c5   Thumb Code   686  graph.o(i.FLOYD)
    FSMC_NORSRAMCmd                          0x08000691   Thumb Code    46  stm32f10x_fsmc.o(i.FSMC_NORSRAMCmd)
    FSMC_NORSRAMInit                         0x080006c5   Thumb Code   230  stm32f10x_fsmc.o(i.FSMC_NORSRAMInit)
    GPIO_Init                                0x080007ab   Thumb Code   278  stm32f10x_gpio.o(i.GPIO_Init)
    GPIO_PinRemapConfig                      0x080008c1   Thumb Code   138  stm32f10x_gpio.o(i.GPIO_PinRemapConfig)
    GPIO_ReadInputDataBit                    0x08000951   Thumb Code    18  stm32f10x_gpio.o(i.GPIO_ReadInputDataBit)
    GPIO_ResetBits                           0x08000963   Thumb Code     4  stm32f10x_gpio.o(i.GPIO_ResetBits)
    GPIO_SetBits                             0x08000967   Thumb Code     4  stm32f10x_gpio.o(i.GPIO_SetBits)
    Go                                       0x0800096d   Thumb Code   176  time.o(i.Go)
    GoAcoddingDrec                           0x08000a29   Thumb Code   116  time.o(i.GoAcoddingDrec)
    HardFault_Handler                        0x08000a9d   Thumb Code     4  stm32f10x_it.o(i.HardFault_Handler)
    InitMatrix                               0x08000aa1   Thumb Code    42  graph.o(i.InitMatrix)
    KEY_Init                                 0x08000acd   Thumb Code    64  key.o(i.KEY_Init)
    KEY_Scan                                 0x08000b15   Thumb Code   142  key.o(i.KEY_Scan)
    LCD_Clear                                0x08000bb1   Thumb Code    68  tftlcd.o(i.LCD_Clear)
    LCD_Display_Dir                          0x08000bf9   Thumb Code    96  tftlcd.o(i.LCD_Display_Dir)
    LCD_DrawFRONT_COLOR                      0x08000c5d   Thumb Code    28  tftlcd.o(i.LCD_DrawFRONT_COLOR)
    LCD_Pow                                  0x08000c79   Thumb Code    22  tftlcd.o(i.LCD_Pow)
    LCD_ReadData                             0x08000c91   Thumb Code     6  tftlcd.o(i.LCD_ReadData)
    LCD_Set_Window                           0x08000c9d   Thumb Code   192  tftlcd.o(i.LCD_Set_Window)
    LCD_ShowChar                             0x08000d61   Thumb Code   272  tftlcd.o(i.LCD_ShowChar)
    LCD_ShowString                           0x08000e89   Thumb Code   102  tftlcd.o(i.LCD_ShowString)
    LCD_ShowxNum                             0x08000eef   Thumb Code   190  tftlcd.o(i.LCD_ShowxNum)
    LCD_WriteCmd                             0x08000fad   Thumb Code     6  tftlcd.o(i.LCD_WriteCmd)
    LCD_WriteData                            0x08000fb9   Thumb Code     6  tftlcd.o(i.LCD_WriteData)
    LCD_WriteData_Color                      0x08000fc5   Thumb Code     6  tftlcd.o(i.LCD_WriteData_Color)
    LED_Init                                 0x08000fd1   Thumb Code    46  led.o(i.LED_Init)
    MemManage_Handler                        0x08001005   Thumb Code     4  stm32f10x_it.o(i.MemManage_Handler)
    NMI_Handler                              0x08001009   Thumb Code     2  stm32f10x_it.o(i.NMI_Handler)
    NVIC_Init                                0x0800100d   Thumb Code   100  misc.o(i.NVIC_Init)
    NVIC_PriorityGroupConfig                 0x0800107d   Thumb Code    10  misc.o(i.NVIC_PriorityGroupConfig)
    PcdAntennaOff                            0x08001091   Thumb Code    12  rc522.o(i.PcdAntennaOff)
    PcdAntennaOn                             0x0800109d   Thumb Code    26  rc522.o(i.PcdAntennaOn)
    PcdAnticoll                              0x080010b7   Thumb Code   112  rc522.o(i.PcdAnticoll)
    PcdAuthState                             0x08001127   Thumb Code   110  rc522.o(i.PcdAuthState)
    PcdComMF522                              0x08001195   Thumb Code   306  rc522.o(i.PcdComMF522)
    PcdRead                                  0x080012c7   Thumb Code    84  rc522.o(i.PcdRead)
    PcdRequest                               0x0800131b   Thumb Code    84  rc522.o(i.PcdRequest)
    PcdReset                                 0x08001371   Thumb Code   106  rc522.o(i.PcdReset)
    PcdSelect                                0x080013e5   Thumb Code   114  rc522.o(i.PcdSelect)
    PendSV_Handler                           0x08001457   Thumb Code     2  stm32f10x_it.o(i.PendSV_Handler)
    RC522_Init                               0x08001459   Thumb Code    66  rc522.o(i.RC522_Init)
    RCC_AHBPeriphClockCmd                    0x080014a1   Thumb Code    26  stm32f10x_rcc.o(i.RCC_AHBPeriphClockCmd)
    RCC_APB1PeriphClockCmd                   0x080014c1   Thumb Code    26  stm32f10x_rcc.o(i.RCC_APB1PeriphClockCmd)
    RCC_APB1PeriphResetCmd                   0x080014e1   Thumb Code    26  stm32f10x_rcc.o(i.RCC_APB1PeriphResetCmd)
    RCC_APB2PeriphClockCmd                   0x08001501   Thumb Code    26  stm32f10x_rcc.o(i.RCC_APB2PeriphClockCmd)
    RCC_APB2PeriphResetCmd                   0x08001521   Thumb Code    26  stm32f10x_rcc.o(i.RCC_APB2PeriphResetCmd)
    RCC_GetClocksFreq                        0x08001541   Thumb Code   192  stm32f10x_rcc.o(i.RCC_GetClocksFreq)
    ReadRawRC                                0x08001615   Thumb Code   138  rc522.o(i.ReadRawRC)
    SVC_Handler                              0x080016a9   Thumb Code     2  stm32f10x_it.o(i.SVC_Handler)
    SetBitMask                               0x080016ab   Thumb Code    28  rc522.o(i.SetBitMask)
    SysTick_CLKSourceConfig                  0x080017b1   Thumb Code    40  misc.o(i.SysTick_CLKSourceConfig)
    SysTick_Handler                          0x080017d9   Thumb Code     2  stm32f10x_it.o(i.SysTick_Handler)
    SysTick_Init                             0x080017dd   Thumb Code    52  systick.o(i.SysTick_Init)
    SystemInit                               0x08001819   Thumb Code    78  system_stm32f10x.o(i.SystemInit)
    TFTLCD_FSMC_Init                         0x08001879   Thumb Code   124  tftlcd.o(i.TFTLCD_FSMC_Init)
    TFTLCD_GPIO_Init                         0x080018f5   Thumb Code    98  tftlcd.o(i.TFTLCD_GPIO_Init)
    TFTLCD_Init                              0x08001965   Thumb Code   670  tftlcd.o(i.TFTLCD_Init)
    TIM2_IRQHandler                          0x08001c19   Thumb Code   100  time.o(i.TIM2_IRQHandler)
    TIM2_Init                                0x08001c8d   Thumb Code   100  time.o(i.TIM2_Init)
    TIM3_CH1_PWM_Init                        0x08001cf1   Thumb Code   330  time.o(i.TIM3_CH1_PWM_Init)
    TIM4_CH1_PWM_Init                        0x08001e49   Thumb Code   360  time.o(i.TIM4_CH1_PWM_Init)
    TIM_ARRPreloadConfig                     0x08001fc1   Thumb Code    24  stm32f10x_tim.o(i.TIM_ARRPreloadConfig)
    TIM_ClearITPendingBit                    0x08001fd9   Thumb Code     6  stm32f10x_tim.o(i.TIM_ClearITPendingBit)
    TIM_Cmd                                  0x08001fdf   Thumb Code    24  stm32f10x_tim.o(i.TIM_Cmd)
    TIM_CtrlPWMOutputs                       0x08001ff7   Thumb Code    30  stm32f10x_tim.o(i.TIM_CtrlPWMOutputs)
    TIM_DeInit                               0x08002015   Thumb Code   424  stm32f10x_tim.o(i.TIM_DeInit)
    TIM_GetITStatus                          0x080021fd   Thumb Code    34  stm32f10x_tim.o(i.TIM_GetITStatus)
    TIM_ITConfig                             0x0800221f   Thumb Code    18  stm32f10x_tim.o(i.TIM_ITConfig)
    TIM_OC1Init                              0x08002231   Thumb Code   132  stm32f10x_tim.o(i.TIM_OC1Init)
    TIM_OC1PreloadConfig                     0x080022c9   Thumb Code    18  stm32f10x_tim.o(i.TIM_OC1PreloadConfig)
    TIM_OC2Init                              0x080022dd   Thumb Code   154  stm32f10x_tim.o(i.TIM_OC2Init)
    TIM_OC2PreloadConfig                     0x08002381   Thumb Code    26  stm32f10x_tim.o(i.TIM_OC2PreloadConfig)
    TIM_OC3Init                              0x0800239d   Thumb Code   150  stm32f10x_tim.o(i.TIM_OC3Init)
    TIM_OC3PreloadConfig                     0x0800243d   Thumb Code    18  stm32f10x_tim.o(i.TIM_OC3PreloadConfig)
    TIM_OC4Init                              0x08002451   Thumb Code   114  stm32f10x_tim.o(i.TIM_OC4Init)
    TIM_OC4PreloadConfig                     0x080024cd   Thumb Code    26  stm32f10x_tim.o(i.TIM_OC4PreloadConfig)
    TIM_SetCompare1                          0x080024e7   Thumb Code     4  stm32f10x_tim.o(i.TIM_SetCompare1)
    TIM_SetCompare2                          0x080024eb   Thumb Code     4  stm32f10x_tim.o(i.TIM_SetCompare2)
    TIM_SetCompare3                          0x080024ef   Thumb Code     4  stm32f10x_tim.o(i.TIM_SetCompare3)
    TIM_SetCompare4                          0x080024f3   Thumb Code     6  stm32f10x_tim.o(i.TIM_SetCompare4)
    TIM_TimeBaseInit                         0x080024f9   Thumb Code   122  stm32f10x_tim.o(i.TIM_TimeBaseInit)
    USART1_IRQHandler                        0x0800259d   Thumb Code    54  usart.o(i.USART1_IRQHandler)
    USART1_Init                              0x080025d9   Thumb Code   174  usart.o(i.USART1_Init)
    USART3_IRQHandler                        0x08002691   Thumb Code   146  usart.o(i.USART3_IRQHandler)
    USART3_Init                              0x08002731   Thumb Code   166  usart.o(i.USART3_Init)
    USART_ClearFlag                          0x080027e1   Thumb Code    18  stm32f10x_usart.o(i.USART_ClearFlag)
    USART_Cmd                                0x080027f3   Thumb Code    24  stm32f10x_usart.o(i.USART_Cmd)
    USART_GetFlagStatus                      0x0800280b   Thumb Code    26  stm32f10x_usart.o(i.USART_GetFlagStatus)
    USART_GetITStatus                        0x08002825   Thumb Code    84  stm32f10x_usart.o(i.USART_GetITStatus)
    USART_ITConfig                           0x08002879   Thumb Code    74  stm32f10x_usart.o(i.USART_ITConfig)
    USART_Init                               0x080028c5   Thumb Code   210  stm32f10x_usart.o(i.USART_Init)
    USART_ReceiveData                        0x0800299d   Thumb Code    10  stm32f10x_usart.o(i.USART_ReceiveData)
    USART_SendData                           0x080029a7   Thumb Code     8  stm32f10x_usart.o(i.USART_SendData)
    UsageFault_Handler                       0x080029af   Thumb Code     4  stm32f10x_it.o(i.UsageFault_Handler)
    WriteRawRC                               0x080029b5   Thumb Code   136  rc522.o(i.WriteRawRC)
    __0printf$8                              0x08002a45   Thumb Code    22  printf8.o(i.__0printf$8)
    __1printf$8                              0x08002a45   Thumb Code     0  printf8.o(i.__0printf$8)
    __2printf                                0x08002a45   Thumb Code     0  printf8.o(i.__0printf$8)
    __scatterload_copy                       0x08002a65   Thumb Code    14  handlers.o(i.__scatterload_copy)
    __scatterload_null                       0x08002a73   Thumb Code     2  handlers.o(i.__scatterload_null)
    __scatterload_zeroinit                   0x08002a75   Thumb Code    14  handlers.o(i.__scatterload_zeroinit)
    delay_ms                                 0x08002ee9   Thumb Code    72  systick.o(i.delay_ms)
    delay_us                                 0x08002f35   Thumb Code    72  systick.o(i.delay_us)
    exchangeBytes                            0x08002f81   Thumb Code    26  common.o(i.exchangeBytes)
    exchangeWord                             0x08002f9b   Thumb Code    26  common.o(i.exchangeWord)
    fputc                                    0x08002fb5   Thumb Code    32  usart.o(i.fputc)
    gizAcrossByteJudge                       0x08002fd9   Thumb Code    42  datapointtools.o(i.gizAcrossByteJudge)
    gizByteOrderExchange                     0x08003003   Thumb Code    50  datapointtools.o(i.gizByteOrderExchange)
    gizGetTimerCount                         0x080033b5   Thumb Code     6  gizwits_product.o(i.gizGetTimerCount)
    gizProtocolSum                           0x080041cd   Thumb Code    38  common.o(i.gizProtocolSum)
    gizPutData                               0x0800429d   Thumb Code    52  gizwits_protocol.o(i.gizPutData)
    gizStandardCompressValue                 0x080043e9   Thumb Code   128  datapointtools.o(i.gizStandardCompressValue)
    gizStandardDecompressionValue            0x08004469   Thumb Code   194  datapointtools.o(i.gizStandardDecompressionValue)
    gizTimerMs                               0x0800452d   Thumb Code    12  gizwits_product.o(i.gizTimerMs)
    gizY2X                                   0x0800453d   Thumb Code    14  datapointtools.o(i.gizY2X)
    gizwitsEventProcess                      0x0800454d   Thumb Code   398  gizwits_product.o(i.gizwitsEventProcess)
    gizwitsGetNTP                            0x08004799   Thumb Code    94  gizwits_protocol.o(i.gizwitsGetNTP)
    gizwitsHandle                            0x0800481d   Thumb Code   542  gizwits_protocol.o(i.gizwitsHandle)
    gizwitsInit                              0x08004b35   Thumb Code    46  gizwits_protocol.o(i.gizwitsInit)
    gizwitsSetMode                           0x08004b99   Thumb Code   590  gizwits_protocol.o(i.gizwitsSetMode)
    init_road                                0x08004e21   Thumb Code    20  main.o(i.init_road)
    input_init                               0x08004e35   Thumb Code    38  key.o(i.input_init)
    main                                     0x08004e61   Thumb Code   912  main.o(i.main)
    mcuRestart                               0x080052a9   Thumb Code     2  gizwits_product.o(i.mcuRestart)
    rbCanRead                                0x080052ab   Thumb Code    56  ringbuffer.o(i.rbCanRead)
    rbCanWrite                               0x080052e3   Thumb Code    30  ringbuffer.o(i.rbCanWrite)
    rbCapacity                               0x08005301   Thumb Code    14  ringbuffer.o(i.rbCapacity)
    rbCreate                                 0x0800530f   Thumb Code    22  ringbuffer.o(i.rbCreate)
    rbRead                                   0x08005325   Thumb Code   162  ringbuffer.o(i.rbRead)
    rbWrite                                  0x080053c7   Thumb Code   154  ringbuffer.o(i.rbWrite)
    tonodrec                                 0x08005461   Thumb Code    98  main.o(i.tonodrec)
    uartWrite                                0x080054c5   Thumb Code    82  gizwits_product.o(i.uartWrite)
    userHandle                               0x0800551d   Thumb Code    56  gizwits_product.o(i.userHandle)
    userInit                                 0x0800555d   Thumb Code    28  gizwits_product.o(i.userInit)
    wifi                                     0x0800557d   Thumb Code   126  main.o(i.wifi)
    ascii_1206                               0x08005634   Data        1140  tftlcd.o(.constdata)
    ascii_1608                               0x08005aa8   Data        1520  tftlcd.o(.constdata)
    ascii_2412                               0x08006098   Data        3420  tftlcd.o(.constdata)
    CnChar32x29                              0x08006df4   Data        1062  tftlcd.o(.constdata)
    Region$$Table$$Base                      0x0800721c   Number         0  anon$$obj.o(Region$$Table)
    Region$$Table$$Limit                     0x0800723c   Number         0  anon$$obj.o(Region$$Table)
    DefalutRoad                              0x20000000   Data           5  main.o(.data)
    Drec                                     0x20000005   Data          72  main.o(.data)
    MidWay                                   0x2000004d   Data           1  main.o(.data)
    data1                                    0x2000004e   Data          16  main.o(.data)
    data2                                    0x2000005e   Data           4  main.o(.data)
    DefaultKey                               0x20000062   Data           6  main.o(.data)
    status                                   0x20000068   Data           1  main.o(.data)
    i                                        0x20000069   Data           1  main.o(.data)
    temp                                     0x2000006c   Data           4  main.o(.data)
    wifi_sta                                 0x20000070   Data           1  main.o(.data)
    RMark                                    0x20000071   Data           1  main.o(.data)
    Stop                                     0x20000072   Data           1  main.o(.data)
    Direction                                0x20000073   Data           1  main.o(.data)
    FRONT_COLOR                              0x20000088   Data           2  tftlcd.o(.data)
    BACK_COLOR                               0x2000008a   Data           2  tftlcd.o(.data)
    tftlcd_data                              0x2000008c   Data           8  tftlcd.o(.data)
    huoervalue                               0x20000094   Data           4  time.o(.data)
    key_num                                  0x20000098   Data           1  time.o(.data)
    USART_RX_STA                             0x2000009e   Data           2  usart.o(.data)
    timerMsCount                             0x200000a0   Data           4  gizwits_product.o(.data)
    __stdout                                 0x200000b8   Data           4  stdout.o(.data)
    data_write                               0x200000bc   Data          16  main.o(.bss)
    g_ucTempbuf                              0x200000cc   Data          20  main.o(.bss)
    g                                        0x200000e0   Data         441  main.o(.bss)
    keyroad                                  0x20000299   Data          22  main.o(.bss)
    USART_RX_BUF                             0x20000871   Data         200  usart.o(.bss)
    currentDataPoint                         0x20000939   Data          13  gizwits_product.o(.bss)
    gizwitsProtocol                          0x20000946   Data         284  gizwits_protocol.o(.bss)
    pRb                                      0x20000a62   Data          16  gizwits_protocol.o(.bss)
    __initial_sp                             0x20000ea8   Data           0  startup_stm32f10x_hd.o(STACK)



==============================================================================

Memory Map of the image

  Image Entry point : 0x08000131

  Load Region LR_IROM1 (Base: 0x08000000, Size: 0x000072f8, Max: 0x00080000, ABSOLUTE)

    Execution Region ER_IROM1 (Exec base: 0x08000000, Load base: 0x08000000, Size: 0x0000723c, Max: 0x00080000, ABSOLUTE)

    Exec Addr    Load Addr    Size         Type   Attr      Idx    E Section Name        Object

    0x08000000   0x08000000   0x00000130   Data   RO          303    RESET               startup_stm32f10x_hd.o
    0x08000130   0x08000130   0x00000000   Code   RO         3546  * .ARM.Collect$$$$00000000  mc_w.l(entry.o)
    0x08000130   0x08000130   0x00000004   Code   RO         3830    .ARM.Collect$$$$00000001  mc_w.l(entry2.o)
    0x08000134   0x08000134   0x00000004   Code   RO         3833    .ARM.Collect$$$$00000004  mc_w.l(entry5.o)
    0x08000138   0x08000138   0x00000000   Code   RO         3835    .ARM.Collect$$$$00000008  mc_w.l(entry7b.o)
    0x08000138   0x08000138   0x00000000   Code   RO         3837    .ARM.Collect$$$$0000000A  mc_w.l(entry8b.o)
    0x08000138   0x08000138   0x00000008   Code   RO         3838    .ARM.Collect$$$$0000000B  mc_w.l(entry9a.o)
    0x08000140   0x08000140   0x00000000   Code   RO         3840    .ARM.Collect$$$$0000000D  mc_w.l(entry10a.o)
    0x08000140   0x08000140   0x00000000   Code   RO         3842    .ARM.Collect$$$$0000000F  mc_w.l(entry11a.o)
    0x08000140   0x08000140   0x00000004   Code   RO         3831    .ARM.Collect$$$$00002712  mc_w.l(entry2.o)
    0x08000144   0x08000144   0x00000024   Code   RO          304    .text               startup_stm32f10x_hd.o
    0x08000168   0x08000168   0x00000024   Code   RO         3551    .text               mc_w.l(memcpya.o)
    0x0800018c   0x0800018c   0x00000024   Code   RO         3553    .text               mc_w.l(memseta.o)
    0x080001b0   0x080001b0   0x00000062   Code   RO         3847    .text               mc_w.l(uldiv.o)
    0x08000212   0x08000212   0x00000002   PAD
    0x08000214   0x08000214   0x00000024   Code   RO         3862    .text               mc_w.l(init.o)
    0x08000238   0x08000238   0x0000001e   Code   RO         3864    .text               mc_w.l(llshl.o)
    0x08000256   0x08000256   0x00000020   Code   RO         3866    .text               mc_w.l(llushr.o)
    0x08000276   0x08000276   0x00000002   PAD
    0x08000278   0x08000278   0x000000bc   Code   RO            1    i.AnalyzeRoad       main.o
    0x08000334   0x08000334   0x00000004   Code   RO          216    i.BusFault_Handler  stm32f10x_it.o
    0x08000338   0x08000338   0x0000006c   Code   RO         2800    i.CalulateCRC       rc522.o
    0x080003a4   0x080003a4   0x0000001c   Code   RO         2801    i.ClearBitMask      rc522.o
    0x080003c0   0x080003c0   0x00000002   Code   RO          217    i.DebugMon_Handler  stm32f10x_it.o
    0x080003c2   0x080003c2   0x00000002   PAD
    0x080003c4   0x080003c4   0x000002cc   Code   RO         3013    i.FLOYD             graph.o
    0x08000690   0x08000690   0x00000034   Code   RO         2303    i.FSMC_NORSRAMCmd   stm32f10x_fsmc.o
    0x080006c4   0x080006c4   0x000000e6   Code   RO         2305    i.FSMC_NORSRAMInit  stm32f10x_fsmc.o
    0x080007aa   0x080007aa   0x00000116   Code   RO          315    i.GPIO_Init         stm32f10x_gpio.o
    0x080008c0   0x080008c0   0x00000090   Code   RO          317    i.GPIO_PinRemapConfig  stm32f10x_gpio.o
    0x08000950   0x08000950   0x00000012   Code   RO          319    i.GPIO_ReadInputDataBit  stm32f10x_gpio.o
    0x08000962   0x08000962   0x00000004   Code   RO          322    i.GPIO_ResetBits    stm32f10x_gpio.o
    0x08000966   0x08000966   0x00000004   Code   RO          323    i.GPIO_SetBits      stm32f10x_gpio.o
    0x0800096a   0x0800096a   0x00000002   PAD
    0x0800096c   0x0800096c   0x000000bc   Code   RO         2923    i.Go                time.o
    0x08000a28   0x08000a28   0x00000074   Code   RO         2924    i.GoAcoddingDrec    time.o
    0x08000a9c   0x08000a9c   0x00000004   Code   RO          218    i.HardFault_Handler  stm32f10x_it.o
    0x08000aa0   0x08000aa0   0x0000002a   Code   RO         3014    i.InitMatrix        graph.o
    0x08000aca   0x08000aca   0x00000002   PAD
    0x08000acc   0x08000acc   0x00000048   Code   RO         2985    i.KEY_Init          key.o
    0x08000b14   0x08000b14   0x0000009c   Code   RO         2986    i.KEY_Scan          key.o
    0x08000bb0   0x08000bb0   0x00000048   Code   RO         2615    i.LCD_Clear         tftlcd.o
    0x08000bf8   0x08000bf8   0x00000064   Code   RO         2616    i.LCD_Display_Dir   tftlcd.o
    0x08000c5c   0x08000c5c   0x0000001c   Code   RO         2617    i.LCD_DrawFRONT_COLOR  tftlcd.o
    0x08000c78   0x08000c78   0x00000016   Code   RO         2625    i.LCD_Pow           tftlcd.o
    0x08000c8e   0x08000c8e   0x00000002   PAD
    0x08000c90   0x08000c90   0x0000000c   Code   RO         2626    i.LCD_ReadData      tftlcd.o
    0x08000c9c   0x08000c9c   0x000000c4   Code   RO         2628    i.LCD_Set_Window    tftlcd.o
    0x08000d60   0x08000d60   0x00000128   Code   RO         2629    i.LCD_ShowChar      tftlcd.o
    0x08000e88   0x08000e88   0x00000066   Code   RO         2633    i.LCD_ShowString    tftlcd.o
    0x08000eee   0x08000eee   0x000000be   Code   RO         2634    i.LCD_ShowxNum      tftlcd.o
    0x08000fac   0x08000fac   0x0000000c   Code   RO         2635    i.LCD_WriteCmd      tftlcd.o
    0x08000fb8   0x08000fb8   0x0000000c   Code   RO         2637    i.LCD_WriteData     tftlcd.o
    0x08000fc4   0x08000fc4   0x0000000c   Code   RO         2638    i.LCD_WriteData_Color  tftlcd.o
    0x08000fd0   0x08000fd0   0x00000034   Code   RO         2600    i.LED_Init          led.o
    0x08001004   0x08001004   0x00000004   Code   RO          219    i.MemManage_Handler  stm32f10x_it.o
    0x08001008   0x08001008   0x00000002   Code   RO          220    i.NMI_Handler       stm32f10x_it.o
    0x0800100a   0x0800100a   0x00000002   PAD
    0x0800100c   0x0800100c   0x00000070   Code   RO          623    i.NVIC_Init         misc.o
    0x0800107c   0x0800107c   0x00000014   Code   RO          624    i.NVIC_PriorityGroupConfig  misc.o
    0x08001090   0x08001090   0x0000000c   Code   RO         2802    i.PcdAntennaOff     rc522.o
    0x0800109c   0x0800109c   0x0000001a   Code   RO         2803    i.PcdAntennaOn      rc522.o
    0x080010b6   0x080010b6   0x00000070   Code   RO         2804    i.PcdAnticoll       rc522.o
    0x08001126   0x08001126   0x0000006e   Code   RO         2805    i.PcdAuthState      rc522.o
    0x08001194   0x08001194   0x00000132   Code   RO         2807    i.PcdComMF522       rc522.o
    0x080012c6   0x080012c6   0x00000054   Code   RO         2809    i.PcdRead           rc522.o
    0x0800131a   0x0800131a   0x00000054   Code   RO         2810    i.PcdRequest        rc522.o
    0x0800136e   0x0800136e   0x00000002   PAD
    0x08001370   0x08001370   0x00000074   Code   RO         2811    i.PcdReset          rc522.o
    0x080013e4   0x080013e4   0x00000072   Code   RO         2812    i.PcdSelect         rc522.o
    0x08001456   0x08001456   0x00000002   Code   RO          221    i.PendSV_Handler    stm32f10x_it.o
    0x08001458   0x08001458   0x00000048   Code   RO         2815    i.RC522_Init        rc522.o
    0x080014a0   0x080014a0   0x00000020   Code   RO          424    i.RCC_AHBPeriphClockCmd  stm32f10x_rcc.o
    0x080014c0   0x080014c0   0x00000020   Code   RO          425    i.RCC_APB1PeriphClockCmd  stm32f10x_rcc.o
    0x080014e0   0x080014e0   0x00000020   Code   RO          426    i.RCC_APB1PeriphResetCmd  stm32f10x_rcc.o
    0x08001500   0x08001500   0x00000020   Code   RO          427    i.RCC_APB2PeriphClockCmd  stm32f10x_rcc.o
    0x08001520   0x08001520   0x00000020   Code   RO          428    i.RCC_APB2PeriphResetCmd  stm32f10x_rcc.o
    0x08001540   0x08001540   0x000000d4   Code   RO          435    i.RCC_GetClocksFreq  stm32f10x_rcc.o
    0x08001614   0x08001614   0x00000094   Code   RO         2816    i.ReadRawRC         rc522.o
    0x080016a8   0x080016a8   0x00000002   Code   RO          222    i.SVC_Handler       stm32f10x_it.o
    0x080016aa   0x080016aa   0x0000001c   Code   RO         2817    i.SetBitMask        rc522.o
    0x080016c6   0x080016c6   0x00000008   Code   RO         2556    i.SetSysClock       system_stm32f10x.o
    0x080016ce   0x080016ce   0x00000002   PAD
    0x080016d0   0x080016d0   0x000000e0   Code   RO         2557    i.SetSysClockTo72   system_stm32f10x.o
    0x080017b0   0x080017b0   0x00000028   Code   RO          627    i.SysTick_CLKSourceConfig  misc.o
    0x080017d8   0x080017d8   0x00000002   Code   RO          223    i.SysTick_Handler   stm32f10x_it.o
    0x080017da   0x080017da   0x00000002   PAD
    0x080017dc   0x080017dc   0x0000003c   Code   RO         3047    i.SysTick_Init      systick.o
    0x08001818   0x08001818   0x00000060   Code   RO         2559    i.SystemInit        system_stm32f10x.o
    0x08001878   0x08001878   0x0000007c   Code   RO         2639    i.TFTLCD_FSMC_Init  tftlcd.o
    0x080018f4   0x080018f4   0x00000070   Code   RO         2640    i.TFTLCD_GPIO_Init  tftlcd.o
    0x08001964   0x08001964   0x000002b4   Code   RO         2641    i.TFTLCD_Init       tftlcd.o
    0x08001c18   0x08001c18   0x00000074   Code   RO         2925    i.TIM2_IRQHandler   time.o
    0x08001c8c   0x08001c8c   0x00000064   Code   RO         2926    i.TIM2_Init         time.o
    0x08001cf0   0x08001cf0   0x00000158   Code   RO         2927    i.TIM3_CH1_PWM_Init  time.o
    0x08001e48   0x08001e48   0x00000178   Code   RO         2928    i.TIM4_CH1_PWM_Init  time.o
    0x08001fc0   0x08001fc0   0x00000018   Code   RO          717    i.TIM_ARRPreloadConfig  stm32f10x_tim.o
    0x08001fd8   0x08001fd8   0x00000006   Code   RO          724    i.TIM_ClearITPendingBit  stm32f10x_tim.o
    0x08001fde   0x08001fde   0x00000018   Code   RO          729    i.TIM_Cmd           stm32f10x_tim.o
    0x08001ff6   0x08001ff6   0x0000001e   Code   RO          731    i.TIM_CtrlPWMOutputs  stm32f10x_tim.o
    0x08002014   0x08002014   0x000001e8   Code   RO          734    i.TIM_DeInit        stm32f10x_tim.o
    0x080021fc   0x080021fc   0x00000022   Code   RO          750    i.TIM_GetITStatus   stm32f10x_tim.o
    0x0800221e   0x0800221e   0x00000012   Code   RO          754    i.TIM_ITConfig      stm32f10x_tim.o
    0x08002230   0x08002230   0x00000098   Code   RO          758    i.TIM_OC1Init       stm32f10x_tim.o
    0x080022c8   0x080022c8   0x00000012   Code   RO          761    i.TIM_OC1PreloadConfig  stm32f10x_tim.o
    0x080022da   0x080022da   0x00000002   PAD
    0x080022dc   0x080022dc   0x000000a4   Code   RO          763    i.TIM_OC2Init       stm32f10x_tim.o
    0x08002380   0x08002380   0x0000001a   Code   RO          766    i.TIM_OC2PreloadConfig  stm32f10x_tim.o
    0x0800239a   0x0800239a   0x00000002   PAD
    0x0800239c   0x0800239c   0x000000a0   Code   RO          768    i.TIM_OC3Init       stm32f10x_tim.o
    0x0800243c   0x0800243c   0x00000012   Code   RO          771    i.TIM_OC3PreloadConfig  stm32f10x_tim.o
    0x0800244e   0x0800244e   0x00000002   PAD
    0x08002450   0x08002450   0x0000007c   Code   RO          773    i.TIM_OC4Init       stm32f10x_tim.o
    0x080024cc   0x080024cc   0x0000001a   Code   RO          775    i.TIM_OC4PreloadConfig  stm32f10x_tim.o
    0x080024e6   0x080024e6   0x00000004   Code   RO          790    i.TIM_SetCompare1   stm32f10x_tim.o
    0x080024ea   0x080024ea   0x00000004   Code   RO          791    i.TIM_SetCompare2   stm32f10x_tim.o
    0x080024ee   0x080024ee   0x00000004   Code   RO          792    i.TIM_SetCompare3   stm32f10x_tim.o
    0x080024f2   0x080024f2   0x00000006   Code   RO          793    i.TIM_SetCompare4   stm32f10x_tim.o
    0x080024f8   0x080024f8   0x000000a4   Code   RO          800    i.TIM_TimeBaseInit  stm32f10x_tim.o
    0x0800259c   0x0800259c   0x0000003c   Code   RO         3076    i.USART1_IRQHandler  usart.o
    0x080025d8   0x080025d8   0x000000b8   Code   RO         3077    i.USART1_Init       usart.o
    0x08002690   0x08002690   0x000000a0   Code   RO         3078    i.USART3_IRQHandler  usart.o
    0x08002730   0x08002730   0x000000b0   Code   RO         3079    i.USART3_Init       usart.o
    0x080027e0   0x080027e0   0x00000012   Code   RO         1261    i.USART_ClearFlag   stm32f10x_usart.o
    0x080027f2   0x080027f2   0x00000018   Code   RO         1265    i.USART_Cmd         stm32f10x_usart.o
    0x0800280a   0x0800280a   0x0000001a   Code   RO         1268    i.USART_GetFlagStatus  stm32f10x_usart.o
    0x08002824   0x08002824   0x00000054   Code   RO         1269    i.USART_GetITStatus  stm32f10x_usart.o
    0x08002878   0x08002878   0x0000004a   Code   RO         1271    i.USART_ITConfig    stm32f10x_usart.o
    0x080028c2   0x080028c2   0x00000002   PAD
    0x080028c4   0x080028c4   0x000000d8   Code   RO         1272    i.USART_Init        stm32f10x_usart.o
    0x0800299c   0x0800299c   0x0000000a   Code   RO         1279    i.USART_ReceiveData  stm32f10x_usart.o
    0x080029a6   0x080029a6   0x00000008   Code   RO         1282    i.USART_SendData    stm32f10x_usart.o
    0x080029ae   0x080029ae   0x00000004   Code   RO          224    i.UsageFault_Handler  stm32f10x_it.o
    0x080029b2   0x080029b2   0x00000002   PAD
    0x080029b4   0x080029b4   0x00000090   Code   RO         2818    i.WriteRawRC        rc522.o
    0x08002a44   0x08002a44   0x00000020   Code   RO         3766    i.__0printf$8       mc_w.l(printf8.o)
    0x08002a64   0x08002a64   0x0000000e   Code   RO         3874    i.__scatterload_copy  mc_w.l(handlers.o)
    0x08002a72   0x08002a72   0x00000002   Code   RO         3875    i.__scatterload_null  mc_w.l(handlers.o)
    0x08002a74   0x08002a74   0x0000000e   Code   RO         3876    i.__scatterload_zeroinit  mc_w.l(handlers.o)
    0x08002a82   0x08002a82   0x00000002   PAD
    0x08002a84   0x08002a84   0x00000410   Code   RO         3773    i._printf_core      mc_w.l(printf8.o)
    0x08002e94   0x08002e94   0x00000024   Code   RO         3774    i._printf_post_padding  mc_w.l(printf8.o)
    0x08002eb8   0x08002eb8   0x0000002e   Code   RO         3775    i._printf_pre_padding  mc_w.l(printf8.o)
    0x08002ee6   0x08002ee6   0x00000002   PAD
    0x08002ee8   0x08002ee8   0x0000004c   Code   RO         3048    i.delay_ms          systick.o
    0x08002f34   0x08002f34   0x0000004c   Code   RO         3049    i.delay_us          systick.o
    0x08002f80   0x08002f80   0x0000001a   Code   RO         3354    i.exchangeBytes     common.o
    0x08002f9a   0x08002f9a   0x0000001a   Code   RO         3355    i.exchangeWord      common.o
    0x08002fb4   0x08002fb4   0x00000024   Code   RO         3080    i.fputc             usart.o
    0x08002fd8   0x08002fd8   0x0000002a   Code   RO         3426    i.gizAcrossByteJudge  datapointtools.o
    0x08003002   0x08003002   0x00000032   Code   RO         3427    i.gizByteOrderExchange  datapointtools.o
    0x08003034   0x08003034   0x0000010c   Code   RO         3190    i.gizCheckReport    gizwits_protocol.o
    0x08003140   0x08003140   0x0000009c   Code   RO         3191    i.gizDataPoint2Event  gizwits_protocol.o
    0x080031dc   0x080031dc   0x0000011c   Code   RO         3192    i.gizDataPoints2ReportData  gizwits_protocol.o
    0x080032f8   0x080032f8   0x000000bc   Code   RO         3193    i.gizDevReportPolicy  gizwits_protocol.o
    0x080033b4   0x080033b4   0x0000000c   Code   RO         3121    i.gizGetTimerCount  gizwits_product.o
    0x080033c0   0x080033c0   0x00000088   Code   RO         3194    i.gizProtocolAckHandle  gizwits_protocol.o
    0x08003448   0x08003448   0x000000a0   Code   RO         3195    i.gizProtocolCommonAck  gizwits_protocol.o
    0x080034e8   0x080034e8   0x000000a4   Code   RO         3196    i.gizProtocolErrorCmd  gizwits_protocol.o
    0x0800358c   0x0800358c   0x0000017c   Code   RO         3197    i.gizProtocolGetDeviceInfo  gizwits_protocol.o
    0x08003708   0x08003708   0x000001a8   Code   RO         3198    i.gizProtocolGetOnePacket  gizwits_protocol.o
    0x080038b0   0x080038b0   0x00000050   Code   RO         3199    i.gizProtocolHeadInit  gizwits_protocol.o
    0x08003900   0x08003900   0x00000140   Code   RO         3200    i.gizProtocolIssuedDataAck  gizwits_protocol.o
    0x08003a40   0x08003a40   0x0000010c   Code   RO         3201    i.gizProtocolIssuedProcess  gizwits_protocol.o
    0x08003b4c   0x08003b4c   0x0000005c   Code   RO         3202    i.gizProtocolModuleInfoHandle  gizwits_protocol.o
    0x08003ba8   0x08003ba8   0x00000504   Code   RO         3203    i.gizProtocolModuleStatus  gizwits_protocol.o
    0x080040ac   0x080040ac   0x00000088   Code   RO         3204    i.gizProtocolNTP    gizwits_protocol.o
    0x08004134   0x08004134   0x0000001c   Code   RO         3205    i.gizProtocolReboot  gizwits_protocol.o
    0x08004150   0x08004150   0x0000007c   Code   RO         3206    i.gizProtocolResendData  gizwits_protocol.o
    0x080041cc   0x080041cc   0x00000026   Code   RO         3357    i.gizProtocolSum    common.o
    0x080041f2   0x080041f2   0x00000002   PAD
    0x080041f4   0x080041f4   0x00000060   Code   RO         3207    i.gizProtocolWaitAck  gizwits_protocol.o
    0x08004254   0x08004254   0x00000048   Code   RO         3208    i.gizProtocolWaitAckCheck  gizwits_protocol.o
    0x0800429c   0x0800429c   0x00000074   Code   RO         3209    i.gizPutData        gizwits_protocol.o
    0x08004310   0x08004310   0x000000d8   Code   RO         3210    i.gizReportData     gizwits_protocol.o
    0x080043e8   0x080043e8   0x00000080   Code   RO         3428    i.gizStandardCompressValue  datapointtools.o
    0x08004468   0x08004468   0x000000c2   Code   RO         3429    i.gizStandardDecompressionValue  datapointtools.o
    0x0800452a   0x0800452a   0x00000002   PAD
    0x0800452c   0x0800452c   0x00000010   Code   RO         3122    i.gizTimerMs        gizwits_product.o
    0x0800453c   0x0800453c   0x0000000e   Code   RO         3434    i.gizY2X            datapointtools.o
    0x0800454a   0x0800454a   0x00000002   PAD
    0x0800454c   0x0800454c   0x0000024c   Code   RO         3123    i.gizwitsEventProcess  gizwits_product.o
    0x08004798   0x08004798   0x00000084   Code   RO         3212    i.gizwitsGetNTP     gizwits_protocol.o
    0x0800481c   0x0800481c   0x00000318   Code   RO         3213    i.gizwitsHandle     gizwits_protocol.o
    0x08004b34   0x08004b34   0x00000064   Code   RO         3214    i.gizwitsInit       gizwits_protocol.o
    0x08004b98   0x08004b98   0x00000288   Code   RO         3216    i.gizwitsSetMode    gizwits_protocol.o
    0x08004e20   0x08004e20   0x00000014   Code   RO            3    i.init_road         main.o
    0x08004e34   0x08004e34   0x0000002c   Code   RO         2987    i.input_init        key.o
    0x08004e60   0x08004e60   0x00000448   Code   RO            4    i.main              main.o
    0x080052a8   0x080052a8   0x00000002   Code   RO         3124    i.mcuRestart        gizwits_product.o
    0x080052aa   0x080052aa   0x00000038   Code   RO         3495    i.rbCanRead         ringbuffer.o
    0x080052e2   0x080052e2   0x0000001e   Code   RO         3496    i.rbCanWrite        ringbuffer.o
    0x08005300   0x08005300   0x0000000e   Code   RO         3497    i.rbCapacity        ringbuffer.o
    0x0800530e   0x0800530e   0x00000016   Code   RO         3498    i.rbCreate          ringbuffer.o
    0x08005324   0x08005324   0x000000a2   Code   RO         3500    i.rbRead            ringbuffer.o
    0x080053c6   0x080053c6   0x0000009a   Code   RO         3501    i.rbWrite           ringbuffer.o
    0x08005460   0x08005460   0x00000062   Code   RO            9    i.tonodrec          main.o
    0x080054c2   0x080054c2   0x00000002   PAD
    0x080054c4   0x080054c4   0x00000058   Code   RO         3125    i.uartWrite         gizwits_product.o
    0x0800551c   0x0800551c   0x00000040   Code   RO         3126    i.userHandle        gizwits_product.o
    0x0800555c   0x0800555c   0x00000020   Code   RO         3127    i.userInit          gizwits_product.o
    0x0800557c   0x0800557c   0x000000b8   Code   RO           10    i.wifi              main.o
    0x08005634   0x08005634   0x00001be6   Data   RO         2642    .constdata          tftlcd.o
    0x0800721a   0x0800721a   0x00000002   PAD
    0x0800721c   0x0800721c   0x00000020   Data   RO         3872    Region$$Table       anon$$obj.o


    Execution Region RW_IRAM1 (Exec base: 0x20000000, Load base: 0x0800723c, Size: 0x00000ea8, Max: 0x00010000, ABSOLUTE)

    Exec Addr    Load Addr    Size         Type   Attr      Idx    E Section Name        Object

    0x20000000   0x0800723c   0x00000074   Data   RW           12    .data               main.o
    0x20000074   0x080072b0   0x00000014   Data   RW          455    .data               stm32f10x_rcc.o
    0x20000088   0x080072c4   0x0000000c   Data   RW         2643    .data               tftlcd.o
    0x20000094   0x080072d0   0x00000005   Data   RW         2929    .data               time.o
    0x20000099   0x080072d5   0x00000001   Data   RW         2988    .data               key.o
    0x2000009a   0x080072d6   0x00000004   Data   RW         3050    .data               systick.o
    0x2000009e   0x080072da   0x00000002   Data   RW         3082    .data               usart.o
    0x200000a0   0x080072dc   0x00000005   Data   RW         3129    .data               gizwits_product.o
    0x200000a5   0x080072e1   0x00000003   PAD
    0x200000a8   0x080072e4   0x00000010   Data   RW         3218    .data               gizwits_protocol.o
    0x200000b8   0x080072f4   0x00000004   Data   RW         3844    .data               mc_w.l(stdout.o)
    0x200000bc        -       0x00000209   Zero   RW           11    .bss                main.o
    0x200002c5        -       0x000005ac   Zero   RW         3016    .bss                graph.o
    0x20000871        -       0x000000c8   Zero   RW         3081    .bss                usart.o
    0x20000939        -       0x0000000d   Zero   RW         3128    .bss                gizwits_product.o
    0x20000946        -       0x0000015e   Zero   RW         3217    .bss                gizwits_protocol.o
    0x20000aa4   0x080072f8   0x00000004   PAD
    0x20000aa8        -       0x00000400   Zero   RW          301    STACK               startup_stm32f10x_hd.o


==============================================================================

Image component sizes


      Code (inc. data)   RO Data    RW Data    ZI Data      Debug   Object Name

        90          0          0          0          0       3488   common.o
       428          0          0          0          0       4484   datapointtools.o
       802        278          0          5         13      12358   gizwits_product.o
      6664       2226          0         16        350      19738   gizwits_protocol.o
       758         30          0          0       1452       1797   graph.o
       272         28          0          1          0       1679   key.o
        52          6          0          0          0        495   led.o
      1586        286          0        116        521     266382   main.o
       172         22          0          0          0       2321   misc.o
      1492         34          0          0          0      10440   rc522.o
       438          0          0          0          0       4668   ringbuffer.o
        36          8        304          0       1024        864   startup_stm32f10x_hd.o
       282          6          0          0          0       2017   stm32f10x_fsmc.o
       448          6          0          0          0       4866   stm32f10x_gpio.o
        26          0          0          0          0       4018   stm32f10x_it.o
       372         50          0         20          0       6640   stm32f10x_rcc.o
      1494        156          0          0          0      14111   stm32f10x_tim.o
       460          6          0          0          0       7279   stm32f10x_usart.o
       328         28          0          0          0       2033   system_stm32f10x.o
       212         16          0          4          0       1813   systick.o
      1982         96       7142         12          0      12332   tftlcd.o
      1240         58          0          5          0       6506   time.o
       616         44          0          2        200       3700   usart.o

    ----------------------------------------------------------------------
     20284       3384       7480        184       3564     394029   Object Totals
         0          0         32          0          0          0   (incl. Generated)
        34          0          2          3          4          0   (incl. Padding)

    ----------------------------------------------------------------------

      Code (inc. data)   RO Data    RW Data    ZI Data      Debug   Library Member Name

         0          0          0          0          0          0   entry.o
         0          0          0          0          0          0   entry10a.o
         0          0          0          0          0          0   entry11a.o
         8          4          0          0          0          0   entry2.o
         4          0          0          0          0          0   entry5.o
         0          0          0          0          0          0   entry7b.o
         0          0          0          0          0          0   entry8b.o
         8          4          0          0          0          0   entry9a.o
        30          0          0          0          0          0   handlers.o
        36          8          0          0          0         68   init.o
        30          0          0          0          0         68   llshl.o
        32          0          0          0          0         68   llushr.o
        36          0          0          0          0         68   memcpya.o
        36          0          0          0          0        108   memseta.o
      1154         54          0          0          0        352   printf8.o
         0          0          0          4          0          0   stdout.o
        98          0          0          0          0         92   uldiv.o

    ----------------------------------------------------------------------
      1480         70          0          4          0        824   Library Totals
         8          0          0          0          0          0   (incl. Padding)

    ----------------------------------------------------------------------

      Code (inc. data)   RO Data    RW Data    ZI Data      Debug   Library Name

      1472         70          0          4          0        824   mc_w.l

    ----------------------------------------------------------------------
      1480         70          0          4          0        824   Library Totals

    ----------------------------------------------------------------------

==============================================================================


      Code (inc. data)   RO Data    RW Data    ZI Data      Debug   

     21764       3454       7480        188       3564     386685   Grand Totals
     21764       3454       7480        188       3564     386685   ELF Image Totals
     21764       3454       7480        188          0          0   ROM Totals

==============================================================================

    Total RO  Size (Code + RO Data)                29244 (  28.56kB)
    Total RW  Size (RW Data + ZI Data)              3752 (   3.66kB)
    Total ROM Size (Code + RO Data + RW Data)      29432 (  28.74kB)

==============================================================================

