Component: ARM Compiler 5.06 update 6 (build 750) Tool: armlink [4d35ed]

==============================================================================

Section Cross References

    main.o(i.main) refers to systick.o(i.SysTick_Init) for SysTick_Init
    main.o(i.main) refers to misc.o(i.NVIC_PriorityGroupConfig) for NVIC_PriorityGroupConfig
    main.o(i.main) refers to key.o(i.KEY_Init) for KEY_Init
    main.o(i.main) refers to usart.o(i.USART1_Init) for USART1_Init
    main.o(i.main) refers to tftlcd.o(i.TFTLCD_Init) for TFTLCD_Init
    main.o(i.main) refers to rc522.o(i.RC522_Init) for RC522_Init
    main.o(i.main) refers to rc522.o(i.PcdReset) for PcdReset
    main.o(i.main) refers to rc522.o(i.PcdAntennaOff) for PcdAntennaOff
    main.o(i.main) refers to systick.o(i.delay_ms) for delay_ms
    main.o(i.main) refers to rc522.o(i.PcdAntennaOn) for PcdAntennaOn
    main.o(i.main) refers to time.o(i.TIM4_Init) for TIM4_Init
    main.o(i.main) refers to time.o(i.pwm2_GPIO_Cfg) for pwm2_GPIO_Cfg
    main.o(i.main) refers to time.o(i.TIM2_Cfg) for TIM2_Cfg
    main.o(i.main) refers to time.o(i.PWM2_Cfg) for PWM2_Cfg
    main.o(i.main) refers to time.o(i.pwm3_GPIO_Cfg) for pwm3_GPIO_Cfg
    main.o(i.main) refers to time.o(i.TIM3_Cfg) for TIM3_Cfg
    main.o(i.main) refers to time.o(i.PWM3_Cfg) for PWM3_Cfg
    main.o(i.main) refers to tftlcd.o(i.LCD_ShowString) for LCD_ShowString
    main.o(i.main) refers to rfid_s.o(i.rfid_select) for rfid_select
    main.o(i.main) refers to tftlcd.o(i.LCD_Clear) for LCD_Clear
    main.o(i.main) refers to time.o(.data) for key_num
    main.o(i.main) refers to tftlcd.o(.data) for FRONT_COLOR
    rfid_s.o(i.rfid_select) refers to tftlcd.o(i.LCD_Clear) for LCD_Clear
    rfid_s.o(i.rfid_select) refers to tftlcd.o(i.LCD_ShowString) for LCD_ShowString
    rfid_s.o(i.rfid_select) refers to rfid_s.o(i.task2_writecard) for task2_writecard
    rfid_s.o(i.rfid_select) refers to rfid_s.o(i.task3_readcard) for task3_readcard
    rfid_s.o(i.rfid_select) refers to time.o(.data) for key_num
    rfid_s.o(i.rfid_select) refers to tftlcd.o(.data) for FRONT_COLOR
    rfid_s.o(i.task1_showid) refers to tftlcd.o(i.LCD_Clear) for LCD_Clear
    rfid_s.o(i.task1_showid) refers to tftlcd.o(i.LCD_ShowString) for LCD_ShowString
    rfid_s.o(i.task1_showid) refers to rc522.o(i.PcdRequest) for PcdRequest
    rfid_s.o(i.task1_showid) refers to rc522.o(i.PcdReset) for PcdReset
    rfid_s.o(i.task1_showid) refers to rc522.o(i.PcdAntennaOff) for PcdAntennaOff
    rfid_s.o(i.task1_showid) refers to rc522.o(i.PcdAntennaOn) for PcdAntennaOn
    rfid_s.o(i.task1_showid) refers to rc522.o(i.PcdAnticoll) for PcdAnticoll
    rfid_s.o(i.task1_showid) refers to tftlcd.o(i.LCD_ShowxNum) for LCD_ShowxNum
    rfid_s.o(i.task1_showid) refers to tftlcd.o(.data) for FRONT_COLOR
    rfid_s.o(i.task1_showid) refers to time.o(.data) for key_num
    rfid_s.o(i.task1_showid) refers to rfid_s.o(.bss) for g_ucTempbuf
    rfid_s.o(i.task1_showid) refers to rfid_s.o(.data) for status
    rfid_s.o(i.task2_writecard) refers to tftlcd.o(i.LCD_Clear) for LCD_Clear
    rfid_s.o(i.task2_writecard) refers to tftlcd.o(i.LCD_ShowString) for LCD_ShowString
    rfid_s.o(i.task2_writecard) refers to tftlcd.o(i.LCD_ShowxNum) for LCD_ShowxNum
    rfid_s.o(i.task2_writecard) refers to rc522.o(i.PcdRequest) for PcdRequest
    rfid_s.o(i.task2_writecard) refers to rc522.o(i.PcdReset) for PcdReset
    rfid_s.o(i.task2_writecard) refers to rc522.o(i.PcdAntennaOff) for PcdAntennaOff
    rfid_s.o(i.task2_writecard) refers to rc522.o(i.PcdAntennaOn) for PcdAntennaOn
    rfid_s.o(i.task2_writecard) refers to rc522.o(i.PcdAnticoll) for PcdAnticoll
    rfid_s.o(i.task2_writecard) refers to rc522.o(i.PcdSelect) for PcdSelect
    rfid_s.o(i.task2_writecard) refers to rc522.o(i.PcdAuthState) for PcdAuthState
    rfid_s.o(i.task2_writecard) refers to rc522.o(i.PcdWrite) for PcdWrite
    rfid_s.o(i.task2_writecard) refers to systick.o(i.delay_ms) for delay_ms
    rfid_s.o(i.task2_writecard) refers to tftlcd.o(.data) for FRONT_COLOR
    rfid_s.o(i.task2_writecard) refers to time.o(.data) for key_num
    rfid_s.o(i.task2_writecard) refers to rfid_s.o(.bss) for data_write
    rfid_s.o(i.task2_writecard) refers to rfid_s.o(.data) for status
    rfid_s.o(i.task3_readcard) refers to tftlcd.o(i.LCD_Clear) for LCD_Clear
    rfid_s.o(i.task3_readcard) refers to tftlcd.o(i.LCD_ShowString) for LCD_ShowString
    rfid_s.o(i.task3_readcard) refers to rc522.o(i.PcdRequest) for PcdRequest
    rfid_s.o(i.task3_readcard) refers to rc522.o(i.PcdReset) for PcdReset
    rfid_s.o(i.task3_readcard) refers to rc522.o(i.PcdAntennaOff) for PcdAntennaOff
    rfid_s.o(i.task3_readcard) refers to rc522.o(i.PcdAntennaOn) for PcdAntennaOn
    rfid_s.o(i.task3_readcard) refers to rc522.o(i.PcdAnticoll) for PcdAnticoll
    rfid_s.o(i.task3_readcard) refers to tftlcd.o(i.LCD_ShowxNum) for LCD_ShowxNum
    rfid_s.o(i.task3_readcard) refers to rc522.o(i.PcdSelect) for PcdSelect
[...]
    printf8.o(i.__0vfprintf$8) refers to printf8.o(i._printf_core) for _printf_core
    printf8.o(i.__0vfprintf$8) refers to usart.o(i.fputc) for fputc
    printf8.o(i.__0vprintf$8) refers to printf8.o(i._printf_core) for _printf_core
    printf8.o(i.__0vprintf$8) refers to usart.o(i.fputc) for fputc
    printf8.o(i.__0vprintf$8) refers to stdout.o(.data) for __stdout
    printf8.o(i.__0vsnprintf$8) refers to printf8.o(i._printf_core) for _printf_core
    printf8.o(i.__0vsnprintf$8) refers to printf8.o(i._snputc) for _snputc
    printf8.o(i.__0vsprintf$8) refers to printf8.o(i._printf_core) for _printf_core
    printf8.o(i.__0vsprintf$8) refers to printf8.o(i._sputc) for _sputc
    printf8.o(i._printf_core) refers to printf8.o(i._printf_pre_padding) for _printf_pre_padding
    printf8.o(i._printf_core) refers to uldiv.o(.text) for __aeabi_uldivmod
    printf8.o(i._printf_core) refers to printf8.o(i._printf_post_padding) for _printf_post_padding
    printfa.o(i.__0fprintf) refers (Special) to iusefp.o(.text) for __I$use$fp
    printfa.o(i.__0fprintf) refers to printfa.o(i._printf_core) for _printf_core
    printfa.o(i.__0fprintf) refers to usart.o(i.fputc) for fputc
    printfa.o(i.__0printf) refers (Special) to iusefp.o(.text) for __I$use$fp
    printfa.o(i.__0printf) refers to printfa.o(i._printf_core) for _printf_core
    printfa.o(i.__0printf) refers to usart.o(i.fputc) for fputc
    printfa.o(i.__0printf) refers to stdout.o(.data) for __stdout
    printfa.o(i.__0snprintf) refers (Special) to iusefp.o(.text) for __I$use$fp
    printfa.o(i.__0snprintf) refers to printfa.o(i._printf_core) for _printf_core
    printfa.o(i.__0snprintf) refers to printfa.o(i._snputc) for _snputc
    printfa.o(i.__0sprintf) refers (Special) to iusefp.o(.text) for __I$use$fp
    printfa.o(i.__0sprintf) refers to printfa.o(i._printf_core) for _printf_core
    printfa.o(i.__0sprintf) refers to printfa.o(i._sputc) for _sputc
    printfa.o(i.__0vfprintf) refers (Special) to iusefp.o(.text) for __I$use$fp
    printfa.o(i.__0vfprintf) refers to printfa.o(i._printf_core) for _printf_core
    printfa.o(i.__0vfprintf) refers to usart.o(i.fputc) for fputc
    printfa.o(i.__0vprintf) refers (Special) to iusefp.o(.text) for __I$use$fp
    printfa.o(i.__0vprintf) refers to printfa.o(i._printf_core) for _printf_core
    printfa.o(i.__0vprintf) refers to usart.o(i.fputc) for fputc
    printfa.o(i.__0vprintf) refers to stdout.o(.data) for __stdout
    printfa.o(i.__0vsnprintf) refers (Special) to iusefp.o(.text) for __I$use$fp
    printfa.o(i.__0vsnprintf) refers to printfa.o(i._printf_core) for _printf_core
    printfa.o(i.__0vsnprintf) refers to printfa.o(i._snputc) for _snputc
    printfa.o(i.__0vsprintf) refers (Special) to iusefp.o(.text) for __I$use$fp
    printfa.o(i.__0vsprintf) refers to printfa.o(i._printf_core) for _printf_core
    printfa.o(i.__0vsprintf) refers to printfa.o(i._sputc) for _sputc
    printfa.o(i._fp_digits) refers (Special) to iusefp.o(.text) for __I$use$fp
    printfa.o(i._fp_digits) refers to dmul.o(.text) for __aeabi_dmul
    printfa.o(i._fp_digits) refers to ddiv.o(.text) for __aeabi_ddiv
    printfa.o(i._fp_digits) refers to cdrcmple.o(.text) for __aeabi_cdrcmple
    printfa.o(i._fp_digits) refers to dadd.o(.text) for __aeabi_dadd
    printfa.o(i._fp_digits) refers to dfixul.o(.text) for __aeabi_d2ulz
    printfa.o(i._fp_digits) refers to uldiv.o(.text) for __aeabi_uldivmod
    printfa.o(i._printf_core) refers (Special) to iusefp.o(.text) for __I$use$fp
    printfa.o(i._printf_core) refers to printfa.o(i._printf_pre_padding) for _printf_pre_padding
    printfa.o(i._printf_core) refers to uldiv.o(.text) for __aeabi_uldivmod
    printfa.o(i._printf_core) refers to printfa.o(i._printf_post_padding) for _printf_post_padding
    printfa.o(i._printf_core) refers to printfa.o(i._fp_digits) for _fp_digits
    printfa.o(i._printf_core) refers to uidiv.o(.text) for __aeabi_uidivmod
    printfa.o(i._printf_post_padding) refers (Special) to iusefp.o(.text) for __I$use$fp
    printfa.o(i._printf_pre_padding) refers (Special) to iusefp.o(.text) for __I$use$fp
    printfa.o(i._snputc) refers (Special) to iusefp.o(.text) for __I$use$fp
    printfa.o(i._sputc) refers (Special) to iusefp.o(.text) for __I$use$fp
    entry2.o(.ARM.Collect$$$$00000001) refers to entry2.o(.ARM.Collect$$$$00002712) for __lit__00000000
    entry2.o(.ARM.Collect$$$$00002712) refers to startup_stm32f10x_hd.o(STACK) for __initial_sp
    entry2.o(__vectab_stack_and_reset_area) refers to startup_stm32f10x_hd.o(STACK) for __initial_sp
    entry2.o(__vectab_stack_and_reset_area) refers to entry.o(.ARM.Collect$$$$00000000) for __main
    entry5.o(.ARM.Collect$$$$00000004) refers to init.o(.text) for __scatterload
    entry9a.o(.ARM.Collect$$$$0000000B) refers to main.o(i.main) for main
    entry9b.o(.ARM.Collect$$$$0000000C) refers to main.o(i.main) for main
    uldiv.o(.text) refers to llushr.o(.text) for __aeabi_llsr
    uldiv.o(.text) refers to llshl.o(.text) for __aeabi_llsl
    dadd.o(.text) refers to llshl.o(.text) for __aeabi_llsl
    dadd.o(.text) refers to llsshr.o(.text) for __aeabi_lasr
    dadd.o(.text) refers to depilogue.o(.text) for _double_epilogue
    dmul.o(.text) refers to depilogue.o(.text) for _double_epilogue
    ddiv.o(.text) refers to depilogue.o(.text) for _double_round
    dfixul.o(.text) refers to llushr.o(.text) for __aeabi_llsr
    dfixul.o(.text) refers to llshl.o(.text) for __aeabi_llsl
    init.o(.text) refers to entry5.o(.ARM.Collect$$$$00000004) for __main_after_scatterload
    depilogue.o(.text) refers to llshl.o(.text) for __aeabi_llsl
    depilogue.o(.text) refers to llushr.o(.text) for __aeabi_llsr


==============================================================================

Removing Unused input sections from the image.

    Removing direct_m.o(i.direct_move), (2 bytes).
    Removing rfid_s.o(i.task1_showid), (264 bytes).
    Removing startup_stm32f10x_hd.o(HEAP), (512 bytes).
    Removing stm32f10x_gpio.o(i.GPIO_AFIODeInit), (20 bytes).
    Removing stm32f10x_gpio.o(i.GPIO_DeInit), (200 bytes).
    Removing stm32f10x_gpio.o(i.GPIO_ETH_MediaInterfaceConfig), (12 bytes).
    Removing stm32f10x_gpio.o(i.GPIO_EXTILineConfig), (64 bytes).
    Removing stm32f10x_gpio.o(i.GPIO_EventOutputCmd), (12 bytes).
    Removing stm32f10x_gpio.o(i.GPIO_EventOutputConfig), (32 bytes).
    Removing stm32f10x_gpio.o(i.GPIO_PinLockConfig), (18 bytes).
    Removing stm32f10x_gpio.o(i.GPIO_ReadInputData), (8 bytes).
    Removing stm32f10x_gpio.o(i.GPIO_ReadInputDataBit), (18 bytes).
    Removing stm32f10x_gpio.o(i.GPIO_ReadOutputData), (8 bytes).
    Removing stm32f10x_gpio.o(i.GPIO_ReadOutputDataBit), (18 bytes).
    Removing stm32f10x_gpio.o(i.GPIO_ResetBits), (4 bytes).
    Removing stm32f10x_gpio.o(i.GPIO_StructInit), (16 bytes).
    Removing stm32f10x_gpio.o(i.GPIO_Write), (4 bytes).
    Removing stm32f10x_gpio.o(i.GPIO_WriteBit), (10 bytes).
    Removing stm32f10x_rcc.o(i.RCC_ADCCLKConfig), (24 bytes).
    Removing stm32f10x_rcc.o(i.RCC_APB1PeriphResetCmd), (32 bytes).
    Removing stm32f10x_rcc.o(i.RCC_APB2PeriphResetCmd), (32 bytes).
    Removing stm32f10x_rcc.o(i.RCC_AdjustHSICalibrationValue), (24 bytes).
    Removing stm32f10x_rcc.o(i.RCC_BackupResetCmd), (12 bytes).
    Removing stm32f10x_rcc.o(i.RCC_ClearFlag), (20 bytes).
    Removing stm32f10x_rcc.o(i.RCC_ClearITPendingBit), (12 bytes).
    Removing stm32f10x_rcc.o(i.RCC_ClockSecuritySystemCmd), (12 bytes).
    Removing stm32f10x_rcc.o(i.RCC_DeInit), (76 bytes).
    Removing stm32f10x_rcc.o(i.RCC_GetFlagStatus), (60 bytes).
    Removing stm32f10x_rcc.o(i.RCC_GetITStatus), (24 bytes).
    Removing stm32f10x_rcc.o(i.RCC_GetSYSCLKSource), (16 bytes).
    Removing stm32f10x_rcc.o(i.RCC_HCLKConfig), (24 bytes).
    Removing stm32f10x_rcc.o(i.RCC_HSEConfig), (76 bytes).
    Removing stm32f10x_rcc.o(i.RCC_HSICmd), (12 bytes).
    Removing stm32f10x_rcc.o(i.RCC_ITConfig), (32 bytes).
    Removing stm32f10x_rcc.o(i.RCC_LSEConfig), (52 bytes).
    Removing stm32f10x_rcc.o(i.RCC_LSICmd), (12 bytes).
    Removing stm32f10x_rcc.o(i.RCC_MCOConfig), (12 bytes).
    Removing stm32f10x_rcc.o(i.RCC_PCLK1Config), (24 bytes).
    Removing stm32f10x_rcc.o(i.RCC_PCLK2Config), (24 bytes).
    Removing stm32f10x_rcc.o(i.RCC_PLLCmd), (12 bytes).
    Removing stm32f10x_rcc.o(i.RCC_PLLConfig), (28 bytes).
    Removing stm32f10x_rcc.o(i.RCC_RTCCLKCmd), (12 bytes).
    Removing stm32f10x_rcc.o(i.RCC_RTCCLKConfig), (16 bytes).
    Removing stm32f10x_rcc.o(i.RCC_SYSCLKConfig), (24 bytes).
    Removing stm32f10x_rcc.o(i.RCC_USBCLKConfig), (12 bytes).
    Removing stm32f10x_rcc.o(i.RCC_WaitForHSEStartUp), (56 bytes).
    Removing misc.o(i.NVIC_SetVectorTable), (20 bytes).
    Removing misc.o(i.NVIC_SystemLPConfig), (32 bytes).
    Removing stm32f10x_exti.o(i.EXTI_ClearFlag), (12 bytes).
    Removing stm32f10x_exti.o(i.EXTI_ClearITPendingBit), (12 bytes).
    Removing stm32f10x_exti.o(i.EXTI_DeInit), (36 bytes).
    Removing stm32f10x_exti.o(i.EXTI_GenerateSWInterrupt), (16 bytes).
    Removing stm32f10x_exti.o(i.EXTI_GetFlagStatus), (24 bytes).
    Removing stm32f10x_exti.o(i.EXTI_GetITStatus), (40 bytes).
    Removing stm32f10x_exti.o(i.EXTI_Init), (148 bytes).
    Removing stm32f10x_exti.o(i.EXTI_StructInit), (16 bytes).
    Removing stm32f10x_tim.o(i.TI1_Config), (128 bytes).
    Removing stm32f10x_tim.o(i.TI2_Config), (152 bytes).
    Removing stm32f10x_tim.o(i.TI3_Config), (144 bytes).
    Removing stm32f10x_tim.o(i.TI4_Config), (152 bytes).
    Removing stm32f10x_tim.o(i.TIM_BDTRConfig), (32 bytes).
    Removing stm32f10x_tim.o(i.TIM_BDTRStructInit), (18 bytes).
    Removing stm32f10x_tim.o(i.TIM_CCPreloadControl), (24 bytes).
    Removing stm32f10x_tim.o(i.TIM_CCxCmd), (30 bytes).
    Removing stm32f10x_tim.o(i.TIM_CCxNCmd), (30 bytes).
    Removing stm32f10x_tim.o(i.TIM_ClearFlag), (6 bytes).
    Removing stm32f10x_tim.o(i.TIM_ClearOC1Ref), (18 bytes).
    Removing stm32f10x_tim.o(i.TIM_ClearOC2Ref), (24 bytes).
    Removing stm32f10x_tim.o(i.TIM_ClearOC3Ref), (18 bytes).
    Removing stm32f10x_tim.o(i.TIM_ClearOC4Ref), (24 bytes).
    Removing stm32f10x_tim.o(i.TIM_CounterModeConfig), (18 bytes).
    Removing stm32f10x_tim.o(i.TIM_DMACmd), (18 bytes).
    Removing stm32f10x_tim.o(i.TIM_DMAConfig), (10 bytes).
    Removing stm32f10x_tim.o(i.TIM_DeInit), (488 bytes).
    Removing stm32f10x_tim.o(i.TIM_ETRClockMode1Config), (54 bytes).
    Removing stm32f10x_tim.o(i.TIM_ETRClockMode2Config), (32 bytes).
    Removing stm32f10x_tim.o(i.TIM_ETRConfig), (28 bytes).
    Removing stm32f10x_tim.o(i.TIM_EncoderInterfaceConfig), (66 bytes).
    Removing stm32f10x_tim.o(i.TIM_ForcedOC1Config), (18 bytes).
    Removing stm32f10x_tim.o(i.TIM_ForcedOC2Config), (26 bytes).
    Removing stm32f10x_tim.o(i.TIM_ForcedOC3Config), (18 bytes).
    Removing stm32f10x_tim.o(i.TIM_ForcedOC4Config), (26 bytes).
    Removing stm32f10x_tim.o(i.TIM_GenerateEvent), (4 bytes).
    Removing stm32f10x_tim.o(i.TIM_GetCapture1), (6 bytes).
    Removing stm32f10x_tim.o(i.TIM_GetCapture2), (6 bytes).
    Removing stm32f10x_tim.o(i.TIM_GetCapture3), (6 bytes).
    Removing stm32f10x_tim.o(i.TIM_GetCapture4), (8 bytes).
    Removing stm32f10x_tim.o(i.TIM_GetCounter), (6 bytes).
    Removing stm32f10x_tim.o(i.TIM_GetFlagStatus), (18 bytes).
    Removing stm32f10x_tim.o(i.TIM_GetPrescaler), (6 bytes).
    Removing stm32f10x_tim.o(i.TIM_ICInit), (172 bytes).
    Removing stm32f10x_tim.o(i.TIM_ICStructInit), (18 bytes).
    Removing stm32f10x_tim.o(i.TIM_ITRxExternalClockConfig), (24 bytes).
    Removing stm32f10x_tim.o(i.TIM_InternalClockConfig), (12 bytes).
    Removing stm32f10x_tim.o(i.TIM_OC1FastConfig), (18 bytes).
    Removing stm32f10x_tim.o(i.TIM_OC1NPolarityConfig), (18 bytes).
    Removing stm32f10x_tim.o(i.TIM_OC1PolarityConfig), (18 bytes).
    Removing stm32f10x_tim.o(i.TIM_OC2FastConfig), (26 bytes).
    Removing stm32f10x_tim.o(i.TIM_OC2NPolarityConfig), (26 bytes).
    Removing stm32f10x_tim.o(i.TIM_OC2PolarityConfig), (26 bytes).
    Removing stm32f10x_tim.o(i.TIM_OC3FastConfig), (18 bytes).
    Removing stm32f10x_tim.o(i.TIM_OC3NPolarityConfig), (26 bytes).
    Removing stm32f10x_tim.o(i.TIM_OC3PolarityConfig), (26 bytes).
    Removing stm32f10x_tim.o(i.TIM_OC4FastConfig), (26 bytes).
    Removing stm32f10x_tim.o(i.TIM_OC4PolarityConfig), (26 bytes).
    Removing stm32f10x_tim.o(i.TIM_PWMIConfig), (124 bytes).
    Removing stm32f10x_tim.o(i.TIM_PrescalerConfig), (6 bytes).
    Removing stm32f10x_tim.o(i.TIM_SelectCCDMA), (24 bytes).
    Removing stm32f10x_tim.o(i.TIM_SelectCOM), (24 bytes).
    Removing stm32f10x_tim.o(i.TIM_SelectHallSensor), (24 bytes).
    Removing stm32f10x_tim.o(i.TIM_SelectInputTrigger), (18 bytes).
    Removing stm32f10x_tim.o(i.TIM_SelectMasterSlaveMode), (18 bytes).
    Removing stm32f10x_tim.o(i.TIM_SelectOCxM), (82 bytes).
    Removing stm32f10x_tim.o(i.TIM_SelectOnePulseMode), (18 bytes).
    Removing stm32f10x_tim.o(i.TIM_SelectOutputTrigger), (18 bytes).
    Removing stm32f10x_tim.o(i.TIM_SelectSlaveMode), (18 bytes).
    Removing stm32f10x_tim.o(i.TIM_SetAutoreload), (4 bytes).
    Removing stm32f10x_tim.o(i.TIM_SetClockDivision), (18 bytes).
    Removing stm32f10x_tim.o(i.TIM_SetCompare1), (4 bytes).
    Removing stm32f10x_tim.o(i.TIM_SetCompare2), (4 bytes).
    Removing stm32f10x_tim.o(i.TIM_SetCompare3), (4 bytes).
    Removing stm32f10x_tim.o(i.TIM_SetCompare4), (6 bytes).
    Removing stm32f10x_tim.o(i.TIM_SetCounter), (4 bytes).
    Removing stm32f10x_tim.o(i.TIM_SetIC1Prescaler), (18 bytes).
    Removing stm32f10x_tim.o(i.TIM_SetIC2Prescaler), (26 bytes).
    Removing stm32f10x_tim.o(i.TIM_SetIC3Prescaler), (18 bytes).
    Removing stm32f10x_tim.o(i.TIM_SetIC4Prescaler), (26 bytes).
    Removing stm32f10x_tim.o(i.TIM_TIxExternalClockConfig), (62 bytes).
    Removing stm32f10x_tim.o(i.TIM_TimeBaseStructInit), (18 bytes).
    Removing stm32f10x_tim.o(i.TIM_UpdateDisableConfig), (24 bytes).
    Removing stm32f10x_tim.o(i.TIM_UpdateRequestConfig), (24 bytes).
    Removing stm32f10x_usart.o(i.USART_ClearITPendingBit), (30 bytes).
    Removing stm32f10x_usart.o(i.USART_ClockInit), (34 bytes).
    Removing stm32f10x_usart.o(i.USART_ClockStructInit), (12 bytes).
    Removing stm32f10x_usart.o(i.USART_DMACmd), (18 bytes).
    Removing stm32f10x_usart.o(i.USART_DeInit), (156 bytes).
    Removing stm32f10x_usart.o(i.USART_HalfDuplexCmd), (24 bytes).
    Removing stm32f10x_usart.o(i.USART_IrDACmd), (24 bytes).
    Removing stm32f10x_usart.o(i.USART_IrDAConfig), (18 bytes).
    Removing stm32f10x_usart.o(i.USART_LINBreakDetectLengthConfig), (18 bytes).
    Removing stm32f10x_usart.o(i.USART_LINCmd), (24 bytes).
    Removing stm32f10x_usart.o(i.USART_OneBitMethodCmd), (24 bytes).
    Removing stm32f10x_usart.o(i.USART_OverSampling8Cmd), (22 bytes).
    Removing stm32f10x_usart.o(i.USART_ReceiverWakeUpCmd), (24 bytes).
    Removing stm32f10x_usart.o(i.USART_SendBreak), (10 bytes).
    Removing stm32f10x_usart.o(i.USART_SetAddress), (18 bytes).
    Removing stm32f10x_usart.o(i.USART_SetGuardTime), (16 bytes).
    Removing stm32f10x_usart.o(i.USART_SetPrescaler), (16 bytes).
    Removing stm32f10x_usart.o(i.USART_SmartCardCmd), (24 bytes).
    Removing stm32f10x_usart.o(i.USART_SmartCardNACKCmd), (24 bytes).
    Removing stm32f10x_usart.o(i.USART_StructInit), (24 bytes).
    Removing stm32f10x_usart.o(i.USART_WakeUpConfig), (18 bytes).
    Removing stm32f10x_iwdg.o(i.IWDG_Enable), (16 bytes).
    Removing stm32f10x_iwdg.o(i.IWDG_GetFlagStatus), (24 bytes).
    Removing stm32f10x_iwdg.o(i.IWDG_ReloadCounter), (16 bytes).
    Removing stm32f10x_iwdg.o(i.IWDG_SetPrescaler), (12 bytes).
    Removing stm32f10x_iwdg.o(i.IWDG_SetReload), (12 bytes).
    Removing stm32f10x_iwdg.o(i.IWDG_WriteAccessCmd), (12 bytes).
    Removing stm32f10x_wwdg.o(i.WWDG_ClearFlag), (12 bytes).
    Removing stm32f10x_wwdg.o(i.WWDG_DeInit), (22 bytes).
    Removing stm32f10x_wwdg.o(i.WWDG_Enable), (16 bytes).
    Removing stm32f10x_wwdg.o(i.WWDG_EnableIT), (12 bytes).
    Removing stm32f10x_wwdg.o(i.WWDG_GetFlagStatus), (12 bytes).
    Removing stm32f10x_wwdg.o(i.WWDG_SetCounter), (16 bytes).
    Removing stm32f10x_wwdg.o(i.WWDG_SetPrescaler), (24 bytes).
    Removing stm32f10x_wwdg.o(i.WWDG_SetWindowValue), (40 bytes).
    Removing stm32f10x_bkp.o(i.BKP_ClearFlag), (20 bytes).
    Removing stm32f10x_bkp.o(i.BKP_ClearITPendingBit), (20 bytes).
    Removing stm32f10x_bkp.o(i.BKP_DeInit), (16 bytes).
    Removing stm32f10x_bkp.o(i.BKP_GetFlagStatus), (12 bytes).
    Removing stm32f10x_bkp.o(i.BKP_GetITStatus), (12 bytes).
    Removing stm32f10x_bkp.o(i.BKP_ITConfig), (12 bytes).
    Removing stm32f10x_bkp.o(i.BKP_RTCOutputConfig), (28 bytes).
    Removing stm32f10x_bkp.o(i.BKP_ReadBackupRegister), (28 bytes).
    Removing stm32f10x_bkp.o(i.BKP_SetRTCCalibrationValue), (28 bytes).
    Removing stm32f10x_bkp.o(i.BKP_TamperPinCmd), (12 bytes).
    Removing stm32f10x_bkp.o(i.BKP_TamperPinLevelConfig), (12 bytes).
    Removing stm32f10x_bkp.o(i.BKP_WriteBackupRegister), (28 bytes).
    Removing stm32f10x_pwr.o(i.PWR_BackupAccessCmd), (12 bytes).
    Removing stm32f10x_pwr.o(i.PWR_ClearFlag), (20 bytes).
    Removing stm32f10x_pwr.o(i.PWR_DeInit), (22 bytes).
    Removing stm32f10x_pwr.o(i.PWR_EnterSTANDBYMode), (52 bytes).
    Removing stm32f10x_pwr.o(i.PWR_EnterSTOPMode), (64 bytes).
    Removing stm32f10x_pwr.o(i.PWR_GetFlagStatus), (24 bytes).
    Removing stm32f10x_pwr.o(i.PWR_PVDCmd), (12 bytes).
    Removing stm32f10x_pwr.o(i.PWR_PVDLevelConfig), (24 bytes).
    Removing stm32f10x_pwr.o(i.PWR_WakeUpPinCmd), (12 bytes).
    Removing stm32f10x_adc.o(i.ADC_AnalogWatchdogCmd), (20 bytes).
    Removing stm32f10x_adc.o(i.ADC_AnalogWatchdogSingleChannelConfig), (16 bytes).
    Removing stm32f10x_adc.o(i.ADC_AnalogWatchdogThresholdsConfig), (6 bytes).
    Removing stm32f10x_adc.o(i.ADC_AutoInjectedConvCmd), (22 bytes).
    Removing stm32f10x_adc.o(i.ADC_ClearFlag), (6 bytes).
    Removing stm32f10x_adc.o(i.ADC_ClearITPendingBit), (10 bytes).
    Removing stm32f10x_adc.o(i.ADC_Cmd), (22 bytes).
    Removing stm32f10x_adc.o(i.ADC_DMACmd), (22 bytes).
    Removing stm32f10x_adc.o(i.ADC_DeInit), (92 bytes).
    Removing stm32f10x_adc.o(i.ADC_DiscModeChannelCountConfig), (24 bytes).
    Removing stm32f10x_adc.o(i.ADC_DiscModeCmd), (22 bytes).
    Removing stm32f10x_adc.o(i.ADC_ExternalTrigConvCmd), (22 bytes).
    Removing stm32f10x_adc.o(i.ADC_ExternalTrigInjectedConvCmd), (22 bytes).
    Removing stm32f10x_adc.o(i.ADC_ExternalTrigInjectedConvConfig), (16 bytes).
    Removing stm32f10x_adc.o(i.ADC_GetCalibrationStatus), (20 bytes).
    Removing stm32f10x_adc.o(i.ADC_GetConversionValue), (8 bytes).
    Removing stm32f10x_adc.o(i.ADC_GetDualModeConversionValue), (12 bytes).
    Removing stm32f10x_adc.o(i.ADC_GetFlagStatus), (18 bytes).
    Removing stm32f10x_adc.o(i.ADC_GetITStatus), (36 bytes).
    Removing stm32f10x_adc.o(i.ADC_GetInjectedConversionValue), (28 bytes).
    Removing stm32f10x_adc.o(i.ADC_GetResetCalibrationStatus), (20 bytes).
    Removing stm32f10x_adc.o(i.ADC_GetSoftwareStartConvStatus), (20 bytes).
    Removing stm32f10x_adc.o(i.ADC_GetSoftwareStartInjectedConvCmdStatus), (20 bytes).
    Removing stm32f10x_adc.o(i.ADC_ITConfig), (24 bytes).
    Removing stm32f10x_adc.o(i.ADC_Init), (80 bytes).
    Removing stm32f10x_adc.o(i.ADC_InjectedChannelConfig), (130 bytes).
    Removing stm32f10x_adc.o(i.ADC_InjectedDiscModeCmd), (22 bytes).
    Removing stm32f10x_adc.o(i.ADC_InjectedSequencerLengthConfig), (24 bytes).
    Removing stm32f10x_adc.o(i.ADC_RegularChannelConfig), (184 bytes).
    Removing stm32f10x_adc.o(i.ADC_ResetCalibration), (10 bytes).
    Removing stm32f10x_adc.o(i.ADC_SetInjectedOffset), (20 bytes).
    Removing stm32f10x_adc.o(i.ADC_SoftwareStartConvCmd), (22 bytes).
    Removing stm32f10x_adc.o(i.ADC_SoftwareStartInjectedConvCmd), (22 bytes).
    Removing stm32f10x_adc.o(i.ADC_StartCalibration), (10 bytes).
    Removing stm32f10x_adc.o(i.ADC_StructInit), (18 bytes).
    Removing stm32f10x_adc.o(i.ADC_TempSensorVrefintCmd), (36 bytes).
    Removing stm32f10x_dac.o(i.DAC_Cmd), (40 bytes).
    Removing stm32f10x_dac.o(i.DAC_DMACmd), (44 bytes).
    Removing stm32f10x_dac.o(i.DAC_DeInit), (22 bytes).
    Removing stm32f10x_dac.o(i.DAC_DualSoftwareTriggerCmd), (36 bytes).
    Removing stm32f10x_dac.o(i.DAC_GetDataOutputValue), (36 bytes).
    Removing stm32f10x_dac.o(i.DAC_Init), (52 bytes).
    Removing stm32f10x_dac.o(i.DAC_SetChannel1Data), (32 bytes).
    Removing stm32f10x_dac.o(i.DAC_SetChannel2Data), (32 bytes).
    Removing stm32f10x_dac.o(i.DAC_SetDualChannelData), (36 bytes).
    Removing stm32f10x_dac.o(i.DAC_SoftwareTriggerCmd), (44 bytes).
    Removing stm32f10x_dac.o(i.DAC_StructInit), (12 bytes).
    Removing stm32f10x_dac.o(i.DAC_WaveGenerationCmd), (40 bytes).
    Removing stm32f10x_dma.o(i.DMA_ClearFlag), (28 bytes).
    Removing stm32f10x_dma.o(i.DMA_ClearITPendingBit), (28 bytes).
    Removing stm32f10x_dma.o(i.DMA_Cmd), (24 bytes).
    Removing stm32f10x_dma.o(i.DMA_DeInit), (332 bytes).
    Removing stm32f10x_dma.o(i.DMA_GetCurrDataCounter), (8 bytes).
    Removing stm32f10x_dma.o(i.DMA_GetFlagStatus), (44 bytes).
    Removing stm32f10x_dma.o(i.DMA_GetITStatus), (44 bytes).
    Removing stm32f10x_dma.o(i.DMA_ITConfig), (18 bytes).
    Removing stm32f10x_dma.o(i.DMA_Init), (60 bytes).
    Removing stm32f10x_dma.o(i.DMA_SetCurrDataCounter), (4 bytes).
    Removing stm32f10x_dma.o(i.DMA_StructInit), (26 bytes).
    Removing stm32f10x_rtc.o(i.RTC_ClearFlag), (16 bytes).
    Removing stm32f10x_rtc.o(i.RTC_ClearITPendingBit), (16 bytes).
    Removing stm32f10x_rtc.o(i.RTC_EnterConfigMode), (20 bytes).
    Removing stm32f10x_rtc.o(i.RTC_ExitConfigMode), (20 bytes).
    Removing stm32f10x_rtc.o(i.RTC_GetCounter), (20 bytes).
    Removing stm32f10x_rtc.o(i.RTC_GetDivider), (24 bytes).
    Removing stm32f10x_rtc.o(i.RTC_GetFlagStatus), (24 bytes).
    Removing stm32f10x_rtc.o(i.RTC_GetITStatus), (36 bytes).
    Removing stm32f10x_rtc.o(i.RTC_ITConfig), (32 bytes).
    Removing stm32f10x_rtc.o(i.RTC_SetAlarm), (28 bytes).
    Removing stm32f10x_rtc.o(i.RTC_SetCounter), (28 bytes).
    Removing stm32f10x_rtc.o(i.RTC_SetPrescaler), (32 bytes).
    Removing stm32f10x_rtc.o(i.RTC_WaitForLastTask), (20 bytes).
    Removing stm32f10x_rtc.o(i.RTC_WaitForSynchro), (36 bytes).
    Removing stm32f10x_can.o(i.CAN_CancelTransmit), (48 bytes).
    Removing stm32f10x_can.o(i.CAN_ClearFlag), (56 bytes).
    Removing stm32f10x_can.o(i.CAN_ClearITPendingBit), (168 bytes).
    Removing stm32f10x_can.o(i.CAN_DBGFreeze), (22 bytes).
    Removing stm32f10x_can.o(i.CAN_DeInit), (56 bytes).
    Removing stm32f10x_can.o(i.CAN_FIFORelease), (22 bytes).
    Removing stm32f10x_can.o(i.CAN_FilterInit), (264 bytes).
    Removing stm32f10x_can.o(i.CAN_GetFlagStatus), (120 bytes).
    Removing stm32f10x_can.o(i.CAN_GetITStatus), (288 bytes).
    Removing stm32f10x_can.o(i.CAN_GetLSBTransmitErrorCounter), (12 bytes).
    Removing stm32f10x_can.o(i.CAN_GetLastErrorCode), (12 bytes).
    Removing stm32f10x_can.o(i.CAN_GetReceiveErrorCounter), (10 bytes).
    Removing stm32f10x_can.o(i.CAN_ITConfig), (18 bytes).
    Removing stm32f10x_can.o(i.CAN_Init), (276 bytes).
    Removing stm32f10x_can.o(i.CAN_MessagePending), (30 bytes).
    Removing stm32f10x_can.o(i.CAN_OperatingModeRequest), (162 bytes).
    Removing stm32f10x_can.o(i.CAN_Receive), (240 bytes).
    Removing stm32f10x_can.o(i.CAN_SlaveStartBank), (52 bytes).
    Removing stm32f10x_can.o(i.CAN_Sleep), (30 bytes).
    Removing stm32f10x_can.o(i.CAN_StructInit), (32 bytes).
    Removing stm32f10x_can.o(i.CAN_TTComModeCmd), (118 bytes).
    Removing stm32f10x_can.o(i.CAN_Transmit), (294 bytes).
    Removing stm32f10x_can.o(i.CAN_TransmitStatus), (160 bytes).
    Removing stm32f10x_can.o(i.CAN_WakeUp), (48 bytes).
    Removing stm32f10x_can.o(i.CheckITStatus), (18 bytes).
    Removing stm32f10x_fsmc.o(i.FSMC_ClearFlag), (64 bytes).
    Removing stm32f10x_fsmc.o(i.FSMC_ClearITPendingBit), (72 bytes).
    Removing stm32f10x_fsmc.o(i.FSMC_GetECC), (28 bytes).
    Removing stm32f10x_fsmc.o(i.FSMC_GetFlagStatus), (56 bytes).
    Removing stm32f10x_fsmc.o(i.FSMC_GetITStatus), (68 bytes).
    Removing stm32f10x_fsmc.o(i.FSMC_ITConfig), (128 bytes).
    Removing stm32f10x_fsmc.o(i.FSMC_NANDCmd), (92 bytes).
    Removing stm32f10x_fsmc.o(i.FSMC_NANDDeInit), (68 bytes).
    Removing stm32f10x_fsmc.o(i.FSMC_NANDECCCmd), (92 bytes).
    Removing stm32f10x_fsmc.o(i.FSMC_NANDInit), (136 bytes).
    Removing stm32f10x_fsmc.o(i.FSMC_NANDStructInit), (54 bytes).
    Removing stm32f10x_fsmc.o(i.FSMC_NORSRAMDeInit), (54 bytes).
    Removing stm32f10x_fsmc.o(i.FSMC_NORSRAMStructInit), (114 bytes).
    Removing stm32f10x_fsmc.o(i.FSMC_PCCARDCmd), (48 bytes).
    Removing stm32f10x_fsmc.o(i.FSMC_PCCARDDeInit), (40 bytes).
    Removing stm32f10x_fsmc.o(i.FSMC_PCCARDInit), (132 bytes).
    Removing stm32f10x_fsmc.o(i.FSMC_PCCARDStructInit), (60 bytes).
    Removing stm32f10x_spi.o(i.I2S_Cmd), (24 bytes).
    Removing stm32f10x_spi.o(i.I2S_Init), (232 bytes).
    Removing stm32f10x_spi.o(i.I2S_StructInit), (20 bytes).
    Removing stm32f10x_spi.o(i.SPI_BiDirectionalLineConfig), (28 bytes).
    Removing stm32f10x_spi.o(i.SPI_CalculateCRC), (24 bytes).
    Removing stm32f10x_spi.o(i.SPI_Cmd), (24 bytes).
    Removing stm32f10x_spi.o(i.SPI_DataSizeConfig), (18 bytes).
    Removing stm32f10x_spi.o(i.SPI_GetCRC), (16 bytes).
    Removing stm32f10x_spi.o(i.SPI_GetCRCPolynomial), (6 bytes).
    Removing stm32f10x_spi.o(i.SPI_I2S_ClearFlag), (6 bytes).
    Removing stm32f10x_spi.o(i.SPI_I2S_ClearITPendingBit), (20 bytes).
    Removing stm32f10x_spi.o(i.SPI_I2S_DMACmd), (18 bytes).
    Removing stm32f10x_spi.o(i.SPI_I2S_DeInit), (88 bytes).
    Removing stm32f10x_spi.o(i.SPI_I2S_GetFlagStatus), (18 bytes).
    Removing stm32f10x_spi.o(i.SPI_I2S_GetITStatus), (52 bytes).
    Removing stm32f10x_spi.o(i.SPI_I2S_ITConfig), (32 bytes).
    Removing stm32f10x_spi.o(i.SPI_I2S_ReceiveData), (6 bytes).
    Removing stm32f10x_spi.o(i.SPI_I2S_SendData), (4 bytes).
    Removing stm32f10x_spi.o(i.SPI_Init), (60 bytes).
    Removing stm32f10x_spi.o(i.SPI_NSSInternalSoftwareConfig), (30 bytes).
    Removing stm32f10x_spi.o(i.SPI_SSOutputCmd), (24 bytes).
    Removing stm32f10x_spi.o(i.SPI_StructInit), (24 bytes).
    Removing stm32f10x_spi.o(i.SPI_TransmitCRC), (10 bytes).
    Removing system_stm32f10x.o(i.SystemCoreClockUpdate), (164 bytes).
    Removing system_stm32f10x.o(.data), (20 bytes).
    Removing core_cm3.o(.emb_text), (32 bytes).
    Removing led.o(i.LED_Init), (52 bytes).
    Removing tftlcd.o(i.LCD_DrawLine), (176 bytes).
    Removing tftlcd.o(i.LCD_DrawLine_Color), (172 bytes).
    Removing tftlcd.o(i.LCD_DrawPoint), (32 bytes).
    Removing tftlcd.o(i.LCD_DrawRectangle), (60 bytes).
    Removing tftlcd.o(i.LCD_Draw_Circle), (152 bytes).
    Removing tftlcd.o(i.LCD_DrowSign), (132 bytes).
    Removing tftlcd.o(i.LCD_Fill), (96 bytes).
    Removing tftlcd.o(i.LCD_ReadPoint), (84 bytes).
    Removing tftlcd.o(i.LCD_ShowFontHZ), (232 bytes).
    Removing tftlcd.o(i.LCD_ShowNum), (148 bytes).
    Removing tftlcd.o(i.LCD_ShowPicture), (92 bytes).
    Removing tftlcd.o(i.LCD_WriteCmdData), (20 bytes).
    Removing rc522.o(i.PcdBakValue), (198 bytes).
    Removing rc522.o(i.PcdHalt), (52 bytes).
    Removing rc522.o(i.PcdValue), (204 bytes).
    Removing dadd.o(.text), (334 bytes).
    Removing dmul.o(.text), (228 bytes).
    Removing ddiv.o(.text), (222 bytes).
    Removing dfixul.o(.text), (48 bytes).
    Removing cdrcmple.o(.text), (48 bytes).
    Removing depilogue.o(.text), (186 bytes).

350 unused section(s) (total 16750 bytes) removed from the image.

==============================================================================

Image Symbol Table

    Local Symbols

    Symbol Name                              Value     Ov Type        Size  Object(Section)

    ../clib/microlib/division.c              0x00000000   Number         0  uidiv.o ABSOLUTE
    ../clib/microlib/division.c              0x00000000   Number         0  uldiv.o ABSOLUTE
    ../clib/microlib/init/entry.s            0x00000000   Number         0  entry.o ABSOLUTE
    ../clib/microlib/init/entry.s            0x00000000   Number         0  entry10a.o ABSOLUTE
    ../clib/microlib/init/entry.s            0x00000000   Number         0  entry9a.o ABSOLUTE
    ../clib/microlib/init/entry.s            0x00000000   Number         0  entry10b.o ABSOLUTE
    ../clib/microlib/init/entry.s            0x00000000   Number         0  entry11a.o ABSOLUTE
    ../clib/microlib/init/entry.s            0x00000000   Number         0  entry8b.o ABSOLUTE
    ../clib/microlib/init/entry.s            0x00000000   Number         0  entry11b.o ABSOLUTE
    ../clib/microlib/init/entry.s            0x00000000   Number         0  entry8a.o ABSOLUTE
    ../clib/microlib/init/entry.s            0x00000000   Number         0  entry9b.o ABSOLUTE
    ../clib/microlib/init/entry.s            0x00000000   Number         0  entry2.o ABSOLUTE
    ../clib/microlib/init/entry.s            0x00000000   Number         0  entry5.o ABSOLUTE
    ../clib/microlib/init/entry.s            0x00000000   Number         0  entry7a.o ABSOLUTE
    ../clib/microlib/init/entry.s            0x00000000   Number         0  entry7b.o ABSOLUTE
    ../clib/microlib/longlong.c              0x00000000   Number         0  llsshr.o ABSOLUTE
    ../clib/microlib/longlong.c              0x00000000   Number         0  llushr.o ABSOLUTE
    ../clib/microlib/longlong.c              0x00000000   Number         0  llshl.o ABSOLUTE
    ../clib/microlib/printf/printf.c         0x00000000   Number         0  printf3.o ABSOLUTE
    ../clib/microlib/printf/printf.c         0x00000000   Number         0  printf4.o ABSOLUTE
    ../clib/microlib/printf/printf.c         0x00000000   Number         0  printf6.o ABSOLUTE
    ../clib/microlib/printf/printf.c         0x00000000   Number         0  printf7.o ABSOLUTE
    ../clib/microlib/printf/printf.c         0x00000000   Number         0  printf8.o ABSOLUTE
    ../clib/microlib/printf/printf.c         0x00000000   Number         0  printf5.o ABSOLUTE
    ../clib/microlib/printf/printf.c         0x00000000   Number         0  printfb.o ABSOLUTE
    ../clib/microlib/printf/printf.c         0x00000000   Number         0  printfa.o ABSOLUTE
    ../clib/microlib/printf/printf.c         0x00000000   Number         0  printf0.o ABSOLUTE
    ../clib/microlib/printf/printf.c         0x00000000   Number         0  printf2.o ABSOLUTE
    ../clib/microlib/printf/printf.c         0x00000000   Number         0  printf1.o ABSOLUTE
    ../clib/microlib/printf/stubs.s          0x00000000   Number         0  stubs.o ABSOLUTE
    ../clib/microlib/stdio/streams.c         0x00000000   Number         0  stdout.o ABSOLUTE
    ../clib/microlib/stubs.s                 0x00000000   Number         0  iusefp.o ABSOLUTE
    ../fplib/microlib/fpadd.c                0x00000000   Number         0  dadd.o ABSOLUTE
    ../fplib/microlib/fpdiv.c                0x00000000   Number         0  ddiv.o ABSOLUTE
    ../fplib/microlib/fpepilogue.c           0x00000000   Number         0  depilogue.o ABSOLUTE
    ../fplib/microlib/fpfix.c                0x00000000   Number         0  dfixul.o ABSOLUTE
    ../fplib/microlib/fpmul.c                0x00000000   Number         0  dmul.o ABSOLUTE
    APP\RC522\RC522.c                        0x00000000   Number         0  rc522.o ABSOLUTE
    APP\direct_m.c                           0x00000000   Number         0  direct_m.o ABSOLUTE
    APP\key\key.c                            0x00000000   Number         0  key.o ABSOLUTE
    APP\led\led.c                            0x00000000   Number         0  led.o ABSOLUTE
    APP\rfid_s.c                             0x00000000   Number         0  rfid_s.o ABSOLUTE
    APP\tftlcd\tftlcd.c                      0x00000000   Number         0  tftlcd.o ABSOLUTE
    APP\time\time.c                          0x00000000   Number         0  time.o ABSOLUTE
    Libraries\CMSIS\core_cm3.c               0x00000000   Number         0  core_cm3.o ABSOLUTE
    Libraries\CMSIS\startup_stm32f10x_hd.s   0x00000000   Number         0  startup_stm32f10x_hd.o ABSOLUTE
    Libraries\CMSIS\system_stm32f10x.c       0x00000000   Number         0  system_stm32f10x.o ABSOLUTE
    Libraries\STM32F10x_StdPeriph_Driver\src\misc.c 0x00000000   Number         0  misc.o ABSOLUTE
    Libraries\STM32F10x_StdPeriph_Driver\src\stm32f10x_adc.c 0x00000000   Number         0  stm32f10x_adc.o ABSOLUTE
    Libraries\STM32F10x_StdPeriph_Driver\src\stm32f10x_bkp.c 0x00000000   Number         0  stm32f10x_bkp.o ABSOLUTE
    Libraries\STM32F10x_StdPeriph_Driver\src\stm32f10x_can.c 0x00000000   Number         0  stm32f10x_can.o ABSOLUTE
    Libraries\STM32F10x_StdPeriph_Driver\src\stm32f10x_dac.c 0x00000000   Number         0  stm32f10x_dac.o ABSOLUTE
    Libraries\STM32F10x_StdPeriph_Driver\src\stm32f10x_dma.c 0x00000000   Number         0  stm32f10x_dma.o ABSOLUTE
    Libraries\STM32F10x_StdPeriph_Driver\src\stm32f10x_exti.c 0x00000000   Number         0  stm32f10x_exti.o ABSOLUTE
    Libraries\STM32F10x_StdPeriph_Driver\src\stm32f10x_fsmc.c 0x00000000   Number         0  stm32f10x_fsmc.o ABSOLUTE
    Libraries\STM32F10x_StdPeriph_Driver\src\stm32f10x_gpio.c 0x00000000   Number         0  stm32f10x_gpio.o ABSOLUTE
    Libraries\STM32F10x_StdPeriph_Driver\src\stm32f10x_iwdg.c 0x00000000   Number         0  stm32f10x_iwdg.o ABSOLUTE
    Libraries\STM32F10x_StdPeriph_Driver\src\stm32f10x_pwr.c 0x00000000   Number         0  stm32f10x_pwr.o ABSOLUTE
    Libraries\STM32F10x_StdPeriph_Driver\src\stm32f10x_rcc.c 0x00000000   Number         0  stm32f10x_rcc.o ABSOLUTE
    Libraries\STM32F10x_StdPeriph_Driver\src\stm32f10x_rtc.c 0x00000000   Number         0  stm32f10x_rtc.o ABSOLUTE
    Libraries\STM32F10x_StdPeriph_Driver\src\stm32f10x_spi.c 0x00000000   Number         0  stm32f10x_spi.o ABSOLUTE
    Libraries\STM32F10x_StdPeriph_Driver\src\stm32f10x_tim.c 0x00000000   Number         0  stm32f10x_tim.o ABSOLUTE
    Libraries\STM32F10x_StdPeriph_Driver\src\stm32f10x_usart.c 0x00000000   Number         0  stm32f10x_usart.o ABSOLUTE
    Libraries\STM32F10x_StdPeriph_Driver\src\stm32f10x_wwdg.c 0x00000000   Number         0  stm32f10x_wwdg.o ABSOLUTE
    Libraries\\CMSIS\\core_cm3.c             0x00000000   Number         0  core_cm3.o ABSOLUTE
    Public\SysTick.c                         0x00000000   Number         0  systick.o ABSOLUTE
    Public\system.c                          0x00000000   Number         0  system.o ABSOLUTE
    Public\usart.c                           0x00000000   Number         0  usart.o ABSOLUTE
    User\main.c                              0x00000000   Number         0  main.o ABSOLUTE
    User\stm32f10x_it.c                      0x00000000   Number         0  stm32f10x_it.o ABSOLUTE
    cdrcmple.s                               0x00000000   Number         0  cdrcmple.o ABSOLUTE
    dc.s                                     0x00000000   Number         0  dc.o ABSOLUTE
    handlers.s                               0x00000000   Number         0  handlers.o ABSOLUTE
    init.s                                   0x00000000   Number         0  init.o ABSOLUTE
    RESET                                    0x08000000   Section      304  startup_stm32f10x_hd.o(RESET)
    .ARM.Collect$$$$00000000                 0x08000130   Section        0  entry.o(.ARM.Collect$$$$00000000)
    .ARM.Collect$$$$00000001                 0x08000130   Section        4  entry2.o(.ARM.Collect$$$$00000001)
    .ARM.Collect$$$$00000004                 0x08000134   Section        4  entry5.o(.ARM.Collect$$$$00000004)
    .ARM.Collect$$$$00000008                 0x08000138   Section        0  entry7b.o(.ARM.Collect$$$$00000008)
    .ARM.Collect$$$$0000000A                 0x08000138   Section        0  entry8b.o(.ARM.Collect$$$$0000000A)
    .ARM.Collect$$$$0000000B                 0x08000138   Section        8  entry9a.o(.ARM.Collect$$$$0000000B)
    .ARM.Collect$$$$0000000D                 0x08000140   Section        0  entry10a.o(.ARM.Collect$$$$0000000D)
    .ARM.Collect$$$$0000000F                 0x08000140   Section        0  entry11a.o(.ARM.Collect$$$$0000000F)
    .ARM.Collect$$$$00002712                 0x08000140   Section        4  entry2.o(.ARM.Collect$$$$00002712)
    __lit__00000000                          0x08000140   Data           4  entry2.o(.ARM.Collect$$$$00002712)
    .text                                    0x08000144   Section       36  startup_stm32f10x_hd.o(.text)
    .text                                    0x08000168   Section        0  uldiv.o(.text)
    .text                                    0x080001cc   Section       36  init.o(.text)
    .text                                    0x080001f0   Section        0  llshl.o(.text)
    .text                                    0x0800020e   Section        0  llushr.o(.text)
    i.BusFault_Handler                       0x0800022e   Section        0  stm32f10x_it.o(i.BusFault_Handler)
    i.CalulateCRC                            0x08000232   Section        0  rc522.o(i.CalulateCRC)
    i.ClearBitMask                           0x0800029e   Section        0  rc522.o(i.ClearBitMask)
    i.DebugMon_Handler                       0x080002ba   Section        0  stm32f10x_it.o(i.DebugMon_Handler)
    i.FSMC_NORSRAMCmd                        0x080002bc   Section        0  stm32f10x_fsmc.o(i.FSMC_NORSRAMCmd)
    i.FSMC_NORSRAMInit                       0x080002f0   Section        0  stm32f10x_fsmc.o(i.FSMC_NORSRAMInit)
    i.GPIO_Init                              0x080003d6   Section        0  stm32f10x_gpio.o(i.GPIO_Init)
    i.GPIO_PinRemapConfig                    0x080004ec   Section        0  stm32f10x_gpio.o(i.GPIO_PinRemapConfig)
    i.GPIO_SetBits                           0x0800057c   Section        0  stm32f10x_gpio.o(i.GPIO_SetBits)
    i.HardFault_Handler                      0x08000580   Section        0  stm32f10x_it.o(i.HardFault_Handler)
    i.KEY_Init                               0x08000584   Section        0  key.o(i.KEY_Init)
    i.KEY_Scan                               0x080005cc   Section        0  key.o(i.KEY_Scan)
    i.LCD_Clear                              0x08000668   Section        0  tftlcd.o(i.LCD_Clear)
    i.LCD_Display_Dir                        0x080006b0   Section        0  tftlcd.o(i.LCD_Display_Dir)
    i.LCD_DrawFRONT_COLOR                    0x08000714   Section        0  tftlcd.o(i.LCD_DrawFRONT_COLOR)
    i.LCD_Pow                                0x08000730   Section        0  tftlcd.o(i.LCD_Pow)
    i.LCD_ReadData                           0x08000748   Section        0  tftlcd.o(i.LCD_ReadData)
    i.LCD_Set_Window                         0x08000754   Section        0  tftlcd.o(i.LCD_Set_Window)
    i.LCD_ShowChar                           0x08000818   Section        0  tftlcd.o(i.LCD_ShowChar)
    i.LCD_ShowString                         0x08000940   Section        0  tftlcd.o(i.LCD_ShowString)
    i.LCD_ShowxNum                           0x080009a6   Section        0  tftlcd.o(i.LCD_ShowxNum)
    i.LCD_WriteCmd                           0x08000a64   Section        0  tftlcd.o(i.LCD_WriteCmd)
    i.LCD_WriteData                          0x08000a70   Section        0  tftlcd.o(i.LCD_WriteData)
    i.LCD_WriteData_Color                    0x08000a7c   Section        0  tftlcd.o(i.LCD_WriteData_Color)
    i.MemManage_Handler                      0x08000a88   Section        0  stm32f10x_it.o(i.MemManage_Handler)
    i.NMI_Handler                            0x08000a8c   Section        0  stm32f10x_it.o(i.NMI_Handler)
    i.NVIC_Init                              0x08000a90   Section        0  misc.o(i.NVIC_Init)
    i.NVIC_PriorityGroupConfig               0x08000b00   Section        0  misc.o(i.NVIC_PriorityGroupConfig)
    i.PWM2_Cfg                               0x08000b14   Section        0  time.o(i.PWM2_Cfg)
    i.PWM3_Cfg                               0x08000c20   Section        0  time.o(i.PWM3_Cfg)
    i.PcdAntennaOff                          0x08000cdc   Section        0  rc522.o(i.PcdAntennaOff)
    i.PcdAntennaOn                           0x08000ce8   Section        0  rc522.o(i.PcdAntennaOn)
    i.PcdAnticoll                            0x08000d02   Section        0  rc522.o(i.PcdAnticoll)
    i.PcdAuthState                           0x08000d72   Section        0  rc522.o(i.PcdAuthState)
    i.PcdComMF522                            0x08000de0   Section        0  rc522.o(i.PcdComMF522)
    i.PcdRead                                0x08000f12   Section        0  rc522.o(i.PcdRead)
    i.PcdRequest                             0x08000f66   Section        0  rc522.o(i.PcdRequest)
    i.PcdReset                               0x08000fbc   Section        0  rc522.o(i.PcdReset)
    i.PcdSelect                              0x08001030   Section        0  rc522.o(i.PcdSelect)
    i.PcdWrite                               0x080010a2   Section        0  rc522.o(i.PcdWrite)
    i.PendSV_Handler                         0x08001134   Section        0  stm32f10x_it.o(i.PendSV_Handler)
    i.RC522_Init                             0x08001138   Section        0  rc522.o(i.RC522_Init)
    i.RCC_AHBPeriphClockCmd                  0x08001180   Section        0  stm32f10x_rcc.o(i.RCC_AHBPeriphClockCmd)
    i.RCC_APB1PeriphClockCmd                 0x080011a0   Section        0  stm32f10x_rcc.o(i.RCC_APB1PeriphClockCmd)
    i.RCC_APB2PeriphClockCmd                 0x080011c0   Section        0  stm32f10x_rcc.o(i.RCC_APB2PeriphClockCmd)
    i.RCC_GetClocksFreq                      0x080011e0   Section        0  stm32f10x_rcc.o(i.RCC_GetClocksFreq)
    i.ReadRawRC                              0x080012b4   Section        0  rc522.o(i.ReadRawRC)
    i.SVC_Handler                            0x08001348   Section        0  stm32f10x_it.o(i.SVC_Handler)
    i.SetBitMask                             0x0800134a   Section        0  rc522.o(i.SetBitMask)
    i.SetSysClock                            0x08001366   Section        0  system_stm32f10x.o(i.SetSysClock)
    SetSysClock                              0x08001367   Thumb Code     8  system_stm32f10x.o(i.SetSysClock)
    i.SetSysClockTo72                        0x08001370   Section        0  system_stm32f10x.o(i.SetSysClockTo72)
    SetSysClockTo72                          0x08001371   Thumb Code   214  system_stm32f10x.o(i.SetSysClockTo72)
    i.SysTick_CLKSourceConfig                0x08001450   Section        0  misc.o(i.SysTick_CLKSourceConfig)
    i.SysTick_Handler                        0x08001478   Section        0  stm32f10x_it.o(i.SysTick_Handler)
    i.SysTick_Init                           0x0800147c   Section        0  systick.o(i.SysTick_Init)
    i.SystemInit                             0x080014b8   Section        0  system_stm32f10x.o(i.SystemInit)
    i.TFTLCD_FSMC_Init                       0x08001518   Section        0  tftlcd.o(i.TFTLCD_FSMC_Init)
    i.TFTLCD_GPIO_Init                       0x08001594   Section        0  tftlcd.o(i.TFTLCD_GPIO_Init)
    i.TFTLCD_Init                            0x08001604   Section        0  tftlcd.o(i.TFTLCD_Init)
    i.TIM2_Cfg                               0x080018b8   Section        0  time.o(i.TIM2_Cfg)
    i.TIM3_Cfg                               0x080018e0   Section        0  time.o(i.TIM3_Cfg)
    i.TIM4_IRQHandler                        0x08001910   Section        0  time.o(i.TIM4_IRQHandler)
    i.TIM4_Init                              0x08001938   Section        0  time.o(i.TIM4_Init)
    i.TIM_ARRPreloadConfig                   0x080019a0   Section        0  stm32f10x_tim.o(i.TIM_ARRPreloadConfig)
    i.TIM_ClearITPendingBit                  0x080019b8   Section        0  stm32f10x_tim.o(i.TIM_ClearITPendingBit)
    i.TIM_Cmd                                0x080019be   Section        0  stm32f10x_tim.o(i.TIM_Cmd)
    i.TIM_CtrlPWMOutputs                     0x080019d6   Section        0  stm32f10x_tim.o(i.TIM_CtrlPWMOutputs)
    i.TIM_GetITStatus                        0x080019f4   Section        0  stm32f10x_tim.o(i.TIM_GetITStatus)
    i.TIM_ITConfig                           0x08001a16   Section        0  stm32f10x_tim.o(i.TIM_ITConfig)
    i.TIM_OC1Init                            0x08001a28   Section        0  stm32f10x_tim.o(i.TIM_OC1Init)
    i.TIM_OC1PreloadConfig                   0x08001ac0   Section        0  stm32f10x_tim.o(i.TIM_OC1PreloadConfig)
    i.TIM_OC2Init                            0x08001ad4   Section        0  stm32f10x_tim.o(i.TIM_OC2Init)
    i.TIM_OC2PreloadConfig                   0x08001b78   Section        0  stm32f10x_tim.o(i.TIM_OC2PreloadConfig)
    i.TIM_OC3Init                            0x08001b94   Section        0  stm32f10x_tim.o(i.TIM_OC3Init)
    i.TIM_OC3PreloadConfig                   0x08001c34   Section        0  stm32f10x_tim.o(i.TIM_OC3PreloadConfig)
    i.TIM_OC4Init                            0x08001c48   Section        0  stm32f10x_tim.o(i.TIM_OC4Init)
    i.TIM_OC4PreloadConfig                   0x08001cc4   Section        0  stm32f10x_tim.o(i.TIM_OC4PreloadConfig)
    i.TIM_OCStructInit                       0x08001cde   Section        0  stm32f10x_tim.o(i.TIM_OCStructInit)
    i.TIM_TimeBaseInit                       0x08001cf4   Section        0  stm32f10x_tim.o(i.TIM_TimeBaseInit)
    i.USART1_IRQHandler                      0x08001d98   Section        0  usart.o(i.USART1_IRQHandler)
    i.USART1_Init                            0x08001dd4   Section        0  usart.o(i.USART1_Init)
    i.USART_ClearFlag                        0x08001e8c   Section        0  stm32f10x_usart.o(i.USART_ClearFlag)
    i.USART_Cmd                              0x08001e9e   Section        0  stm32f10x_usart.o(i.USART_Cmd)
    i.USART_GetFlagStatus                    0x08001eb6   Section        0  stm32f10x_usart.o(i.USART_GetFlagStatus)
    i.USART_GetITStatus                      0x08001ed0   Section        0  stm32f10x_usart.o(i.USART_GetITStatus)
    i.USART_ITConfig                         0x08001f24   Section        0  stm32f10x_usart.o(i.USART_ITConfig)
    i.USART_Init                             0x08001f70   Section        0  stm32f10x_usart.o(i.USART_Init)
    i.USART_ReceiveData                      0x08002048   Section        0  stm32f10x_usart.o(i.USART_ReceiveData)
    i.USART_SendData                         0x08002052   Section        0  stm32f10x_usart.o(i.USART_SendData)
    i.UsageFault_Handler                     0x0800205a   Section        0  stm32f10x_it.o(i.UsageFault_Handler)
    i.WriteRawRC                             0x08002060   Section        0  rc522.o(i.WriteRawRC)
    i.__0printf$5                            0x080020f0   Section        0  printf5.o(i.__0printf$5)
    i.__scatterload_copy                     0x08002110   Section       14  handlers.o(i.__scatterload_copy)
    i.__scatterload_null                     0x0800211e   Section        2  handlers.o(i.__scatterload_null)
    i.__scatterload_zeroinit                 0x08002120   Section       14  handlers.o(i.__scatterload_zeroinit)
    i._printf_core                           0x08002130   Section        0  printf5.o(i._printf_core)
    _printf_core                             0x08002131   Thumb Code   658  printf5.o(i._printf_core)
    i.delay_ms                               0x080023f0   Section        0  systick.o(i.delay_ms)
    i.delay_us                               0x0800243c   Section        0  systick.o(i.delay_us)
    i.fputc                                  0x08002488   Section        0  usart.o(i.fputc)
    i.main                                   0x080024ac   Section        0  main.o(i.main)
    i.pwm2_GPIO_Cfg                          0x08002600   Section        0  time.o(i.pwm2_GPIO_Cfg)
    i.pwm3_GPIO_Cfg                          0x08002654   Section        0  time.o(i.pwm3_GPIO_Cfg)
    i.rfid_select                            0x080026a4   Section        0  rfid_s.o(i.rfid_select)
    i.task2_writecard                        0x080027a0   Section        0  rfid_s.o(i.task2_writecard)
    i.task3_readcard                         0x08002988   Section        0  rfid_s.o(i.task3_readcard)
    .constdata                               0x08002b48   Section     7142  tftlcd.o(.constdata)
    .data                                    0x20000000   Section       32  rfid_s.o(.data)
    .data                                    0x20000020   Section       20  stm32f10x_rcc.o(.data)
    APBAHBPrescTable                         0x20000020   Data          16  stm32f10x_rcc.o(.data)
    ADCPrescTable                            0x20000030   Data           4  stm32f10x_rcc.o(.data)
    .data                                    0x20000034   Section       12  tftlcd.o(.data)
    .data                                    0x20000040   Section        1  time.o(.data)
    .data                                    0x20000041   Section        1  key.o(.data)
    key                                      0x20000041   Data           1  key.o(.data)
    .data                                    0x20000042   Section        4  systick.o(.data)
    fac_us                                   0x20000042   Data           1  systick.o(.data)
    fac_ms                                   0x20000044   Data           2  systick.o(.data)
    .data                                    0x20000048   Section        4  stdout.o(.data)
    .bss                                     0x2000004c   Section       36  rfid_s.o(.bss)
    STACK                                    0x20000070   Section     1024  startup_stm32f10x_hd.o(STACK)

    Global Symbols

    Symbol Name                              Value     Ov Type        Size  Object(Section)

    BuildAttributes$$THM_ISAv4$P$D$K$B$S$PE$A:L22UL41UL21$X:L11$S22US41US21$IEEE1$IW$USESV6$~STKCKD$USESV7$~SHL$OSPACE$ROPI$EBA8$MICROLIB$REQ8$PRES8$EABIv2 0x00000000   Number         0  anon$$obj.o ABSOLUTE
    __ARM_use_no_argv                        0x00000000   Number         0  main.o ABSOLUTE
    _printf_a                                0x00000000   Number         0  stubs.o ABSOLUTE
    _printf_c                                0x00000000   Number         0  stubs.o ABSOLUTE
    _printf_charcount                        0x00000000   Number         0  stubs.o ABSOLUTE
    _printf_d                                0x00000000   Number         0  stubs.o ABSOLUTE
    _printf_e                                0x00000000   Number         0  stubs.o ABSOLUTE
    _printf_f                                0x00000000   Number         0  stubs.o ABSOLUTE
    _printf_flags                            0x00000000   Number         0  stubs.o ABSOLUTE
    _printf_fp_dec                           0x00000000   Number         0  stubs.o ABSOLUTE
    _printf_fp_hex                           0x00000000   Number         0  stubs.o ABSOLUTE
    _printf_g                                0x00000000   Number         0  stubs.o ABSOLUTE
    _printf_i                                0x00000000   Number         0  stubs.o ABSOLUTE
    _printf_int_dec                          0x00000000   Number         0  stubs.o ABSOLUTE
    _printf_l                                0x00000000   Number         0  stubs.o ABSOLUTE
    _printf_lc                               0x00000000   Number         0  stubs.o ABSOLUTE
    _printf_ll                               0x00000000   Number         0  stubs.o ABSOLUTE
    _printf_lld                              0x00000000   Number         0  stubs.o ABSOLUTE
    _printf_lli                              0x00000000   Number         0  stubs.o ABSOLUTE
    _printf_llo                              0x00000000   Number         0  stubs.o ABSOLUTE
    _printf_llu                              0x00000000   Number         0  stubs.o ABSOLUTE
    _printf_llx                              0x00000000   Number         0  stubs.o ABSOLUTE
    _printf_longlong_dec                     0x00000000   Number         0  stubs.o ABSOLUTE
    _printf_longlong_hex                     0x00000000   Number         0  stubs.o ABSOLUTE
    _printf_longlong_oct                     0x00000000   Number         0  stubs.o ABSOLUTE
    _printf_ls                               0x00000000   Number         0  stubs.o ABSOLUTE
    _printf_mbtowc                           0x00000000   Number         0  stubs.o ABSOLUTE
    _printf_n                                0x00000000   Number         0  stubs.o ABSOLUTE
    _printf_o                                0x00000000   Number         0  stubs.o ABSOLUTE
    _printf_p                                0x00000000   Number         0  stubs.o ABSOLUTE
    _printf_percent                          0x00000000   Number         0  stubs.o ABSOLUTE
    _printf_pre_padding                      0x00000000   Number         0  stubs.o ABSOLUTE
    _printf_return_value                     0x00000000   Number         0  stubs.o ABSOLUTE
    _printf_s                                0x00000000   Number         0  stubs.o ABSOLUTE
    _printf_sizespec                         0x00000000   Number         0  stubs.o ABSOLUTE
    _printf_str                              0x00000000   Number         0  stubs.o ABSOLUTE
    _printf_truncate_signed                  0x00000000   Number         0  stubs.o ABSOLUTE
    _printf_truncate_unsigned                0x00000000   Number         0  stubs.o ABSOLUTE
    _printf_u                                0x00000000   Number         0  stubs.o ABSOLUTE
    _printf_wc                               0x00000000   Number         0  stubs.o ABSOLUTE
    _printf_wctomb                           0x00000000   Number         0  stubs.o ABSOLUTE
    _printf_widthprec                        0x00000000   Number         0  stubs.o ABSOLUTE
    _printf_x                                0x00000000   Number         0  stubs.o ABSOLUTE
    __cpp_initialize__aeabi_                  - Undefined Weak Reference
    __cxa_finalize                            - Undefined Weak Reference
    __decompress                              - Undefined Weak Reference
    _clock_init                               - Undefined Weak Reference
    _microlib_exit                            - Undefined Weak Reference
    __Vectors_Size                           0x00000130   Number         0  startup_stm32f10x_hd.o ABSOLUTE
    __Vectors                                0x08000000   Data           4  startup_stm32f10x_hd.o(RESET)
    __Vectors_End                            0x08000130   Data           0  startup_stm32f10x_hd.o(RESET)
    __main                                   0x08000131   Thumb Code     0  entry.o(.ARM.Collect$$$$00000000)
    _main_stk                                0x08000131   Thumb Code     0  entry2.o(.ARM.Collect$$$$00000001)
    _main_scatterload                        0x08000135   Thumb Code     0  entry5.o(.ARM.Collect$$$$00000004)
    __main_after_scatterload                 0x08000139   Thumb Code     0  entry5.o(.ARM.Collect$$$$00000004)
    _main_clock                              0x08000139   Thumb Code     0  entry7b.o(.ARM.Collect$$$$00000008)
    _main_cpp_init                           0x08000139   Thumb Code     0  entry8b.o(.ARM.Collect$$$$0000000A)
    _main_init                               0x08000139   Thumb Code     0  entry9a.o(.ARM.Collect$$$$0000000B)
    __rt_final_cpp                           0x08000141   Thumb Code     0  entry10a.o(.ARM.Collect$$$$0000000D)
    __rt_final_exit                          0x08000141   Thumb Code     0  entry11a.o(.ARM.Collect$$$$0000000F)
    Reset_Handler                            0x08000145   Thumb Code     8  startup_stm32f10x_hd.o(.text)
    ADC1_2_IRQHandler                        0x0800015f   Thumb Code     0  startup_stm32f10x_hd.o(.text)
    ADC3_IRQHandler                          0x0800015f   Thumb Code     0  startup_stm32f10x_hd.o(.text)
    CAN1_RX1_IRQHandler                      0x0800015f   Thumb Code     0  startup_stm32f10x_hd.o(.text)
    CAN1_SCE_IRQHandler                      0x0800015f   Thumb Code     0  startup_stm32f10x_hd.o(.text)
    DMA1_Channel1_IRQHandler                 0x0800015f   Thumb Code     0  startup_stm32f10x_hd.o(.text)
    DMA1_Channel2_IRQHandler                 0x0800015f   Thumb Code     0  startup_stm32f10x_hd.o(.text)
    DMA1_Channel3_IRQHandler                 0x0800015f   Thumb Code     0  startup_stm32f10x_hd.o(.text)
    DMA1_Channel4_IRQHandler                 0x0800015f   Thumb Code     0  startup_stm32f10x_hd.o(.text)
    DMA1_Channel5_IRQHandler                 0x0800015f   Thumb Code     0  startup_stm32f10x_hd.o(.text)
    DMA1_Channel6_IRQHandler                 0x0800015f   Thumb Code     0  startup_stm32f10x_hd.o(.text)
    DMA1_Channel7_IRQHandler                 0x0800015f   Thumb Code     0  startup_stm32f10x_hd.o(.text)
    DMA2_Channel1_IRQHandler                 0x0800015f   Thumb Code     0  startup_stm32f10x_hd.o(.text)
    DMA2_Channel2_IRQHandler                 0x0800015f   Thumb Code     0  startup_stm32f10x_hd.o(.text)
    DMA2_Channel3_IRQHandler                 0x0800015f   Thumb Code     0  startup_stm32f10x_hd.o(.text)
    DMA2_Channel4_5_IRQHandler               0x0800015f   Thumb Code     0  startup_stm32f10x_hd.o(.text)
    EXTI0_IRQHandler                         0x0800015f   Thumb Code     0  startup_stm32f10x_hd.o(.text)
    EXTI15_10_IRQHandler                     0x0800015f   Thumb Code     0  startup_stm32f10x_hd.o(.text)
    EXTI1_IRQHandler                         0x0800015f   Thumb Code     0  startup_stm32f10x_hd.o(.text)
    EXTI2_IRQHandler                         0x0800015f   Thumb Code     0  startup_stm32f10x_hd.o(.text)
    EXTI3_IRQHandler                         0x0800015f   Thumb Code     0  startup_stm32f10x_hd.o(.text)
    EXTI4_IRQHandler                         0x0800015f   Thumb Code     0  startup_stm32f10x_hd.o(.text)
    EXTI9_5_IRQHandler                       0x0800015f   Thumb Code     0  startup_stm32f10x_hd.o(.text)
    FLASH_IRQHandler                         0x0800015f   Thumb Code     0  startup_stm32f10x_hd.o(.text)
    FSMC_IRQHandler                          0x0800015f   Thumb Code     0  startup_stm32f10x_hd.o(.text)
    I2C1_ER_IRQHandler                       0x0800015f   Thumb Code     0  startup_stm32f10x_hd.o(.text)
    I2C1_EV_IRQHandler                       0x0800015f   Thumb Code     0  startup_stm32f10x_hd.o(.text)
    I2C2_ER_IRQHandler                       0x0800015f   Thumb Code     0  startup_stm32f10x_hd.o(.text)
    I2C2_EV_IRQHandler                       0x0800015f   Thumb Code     0  startup_stm32f10x_hd.o(.text)
    PVD_IRQHandler                           0x0800015f   Thumb Code     0  startup_stm32f10x_hd.o(.text)
    RCC_IRQHandler                           0x0800015f   Thumb Code     0  startup_stm32f10x_hd.o(.text)
    RTCAlarm_IRQHandler                      0x0800015f   Thumb Code     0  startup_stm32f10x_hd.o(.text)
    RTC_IRQHandler                           0x0800015f   Thumb Code     0  startup_stm32f10x_hd.o(.text)
    SDIO_IRQHandler                          0x0800015f   Thumb Code     0  startup_stm32f10x_hd.o(.text)
    SPI1_IRQHandler                          0x0800015f   Thumb Code     0  startup_stm32f10x_hd.o(.text)
    SPI2_IRQHandler                          0x0800015f   Thumb Code     0  startup_stm32f10x_hd.o(.text)
    SPI3_IRQHandler                          0x0800015f   Thumb Code     0  startup_stm32f10x_hd.o(.text)
    TAMPER_IRQHandler                        0x0800015f   Thumb Code     0  startup_stm32f10x_hd.o(.text)
    TIM1_BRK_IRQHandler                      0x0800015f   Thumb Code     0  startup_stm32f10x_hd.o(.text)
    TIM1_CC_IRQHandler                       0x0800015f   Thumb Code     0  startup_stm32f10x_hd.o(.text)
    TIM1_TRG_COM_IRQHandler                  0x0800015f   Thumb Code     0  startup_stm32f10x_hd.o(.text)
    TIM1_UP_IRQHandler                       0x0800015f   Thumb Code     0  startup_stm32f10x_hd.o(.text)
    TIM2_IRQHandler                          0x0800015f   Thumb Code     0  startup_stm32f10x_hd.o(.text)
    TIM3_IRQHandler                          0x0800015f   Thumb Code     0  startup_stm32f10x_hd.o(.text)
    TIM5_IRQHandler                          0x0800015f   Thumb Code     0  startup_stm32f10x_hd.o(.text)
    TIM6_IRQHandler                          0x0800015f   Thumb Code     0  startup_stm32f10x_hd.o(.text)
    TIM7_IRQHandler                          0x0800015f   Thumb Code     0  startup_stm32f10x_hd.o(.text)
    TIM8_BRK_IRQHandler                      0x0800015f   Thumb Code     0  startup_stm32f10x_hd.o(.text)
    TIM8_CC_IRQHandler                       0x0800015f   Thumb Code     0  startup_stm32f10x_hd.o(.text)
    TIM8_TRG_COM_IRQHandler                  0x0800015f   Thumb Code     0  startup_stm32f10x_hd.o(.text)
    TIM8_UP_IRQHandler                       0x0800015f   Thumb Code     0  startup_stm32f10x_hd.o(.text)
    UART4_IRQHandler                         0x0800015f   Thumb Code     0  startup_stm32f10x_hd.o(.text)
    UART5_IRQHandler                         0x0800015f   Thumb Code     0  startup_stm32f10x_hd.o(.text)
    USART2_IRQHandler                        0x0800015f   Thumb Code     0  startup_stm32f10x_hd.o(.text)
    USART3_IRQHandler                        0x0800015f   Thumb Code     0  startup_stm32f10x_hd.o(.text)
    USBWakeUp_IRQHandler                     0x0800015f   Thumb Code     0  startup_stm32f10x_hd.o(.text)
    USB_HP_CAN1_TX_IRQHandler                0x0800015f   Thumb Code     0  startup_stm32f10x_hd.o(.text)
    USB_LP_CAN1_RX0_IRQHandler               0x0800015f   Thumb Code     0  startup_stm32f10x_hd.o(.text)
    WWDG_IRQHandler                          0x0800015f   Thumb Code     0  startup_stm32f10x_hd.o(.text)
    __aeabi_uldivmod                         0x08000169   Thumb Code    98  uldiv.o(.text)
    __scatterload                            0x080001cd   Thumb Code    28  init.o(.text)
    __scatterload_rt2                        0x080001cd   Thumb Code     0  init.o(.text)
    __aeabi_llsl                             0x080001f1   Thumb Code    30  llshl.o(.text)
    _ll_shift_l                              0x080001f1   Thumb Code     0  llshl.o(.text)
    __aeabi_llsr                             0x0800020f   Thumb Code    32  llushr.o(.text)
    _ll_ushift_r                             0x0800020f   Thumb Code     0  llushr.o(.text)
    BusFault_Handler                         0x0800022f   Thumb Code     4  stm32f10x_it.o(i.BusFault_Handler)
    CalulateCRC                              0x08000233   Thumb Code   108  rc522.o(i.CalulateCRC)
    ClearBitMask                             0x0800029f   Thumb Code    28  rc522.o(i.ClearBitMask)
    DebugMon_Handler                         0x080002bb   Thumb Code     2  stm32f10x_it.o(i.DebugMon_Handler)
    FSMC_NORSRAMCmd                          0x080002bd   Thumb Code    46  stm32f10x_fsmc.o(i.FSMC_NORSRAMCmd)
    FSMC_NORSRAMInit                         0x080002f1   Thumb Code   230  stm32f10x_fsmc.o(i.FSMC_NORSRAMInit)
    GPIO_Init                                0x080003d7   Thumb Code   278  stm32f10x_gpio.o(i.GPIO_Init)
    GPIO_PinRemapConfig                      0x080004ed   Thumb Code   138  stm32f10x_gpio.o(i.GPIO_PinRemapConfig)
    GPIO_SetBits                             0x0800057d   Thumb Code     4  stm32f10x_gpio.o(i.GPIO_SetBits)
    HardFault_Handler                        0x08000581   Thumb Code     4  stm32f10x_it.o(i.HardFault_Handler)
    KEY_Init                                 0x08000585   Thumb Code    64  key.o(i.KEY_Init)
    KEY_Scan                                 0x080005cd   Thumb Code   142  key.o(i.KEY_Scan)
    LCD_Clear                                0x08000669   Thumb Code    68  tftlcd.o(i.LCD_Clear)
    LCD_Display_Dir                          0x080006b1   Thumb Code    96  tftlcd.o(i.LCD_Display_Dir)
    LCD_DrawFRONT_COLOR                      0x08000715   Thumb Code    28  tftlcd.o(i.LCD_DrawFRONT_COLOR)
    LCD_Pow                                  0x08000731   Thumb Code    22  tftlcd.o(i.LCD_Pow)
    LCD_ReadData                             0x08000749   Thumb Code     6  tftlcd.o(i.LCD_ReadData)
    LCD_Set_Window                           0x08000755   Thumb Code   192  tftlcd.o(i.LCD_Set_Window)
    LCD_ShowChar                             0x08000819   Thumb Code   272  tftlcd.o(i.LCD_ShowChar)
    LCD_ShowString                           0x08000941   Thumb Code   102  tftlcd.o(i.LCD_ShowString)
    LCD_ShowxNum                             0x080009a7   Thumb Code   190  tftlcd.o(i.LCD_ShowxNum)
    LCD_WriteCmd                             0x08000a65   Thumb Code     6  tftlcd.o(i.LCD_WriteCmd)
    LCD_WriteData                            0x08000a71   Thumb Code     6  tftlcd.o(i.LCD_WriteData)
    LCD_WriteData_Color                      0x08000a7d   Thumb Code     6  tftlcd.o(i.LCD_WriteData_Color)
    MemManage_Handler                        0x08000a89   Thumb Code     4  stm32f10x_it.o(i.MemManage_Handler)
    NMI_Handler                              0x08000a8d   Thumb Code     2  stm32f10x_it.o(i.NMI_Handler)
    NVIC_Init                                0x08000a91   Thumb Code   100  misc.o(i.NVIC_Init)
    NVIC_PriorityGroupConfig                 0x08000b01   Thumb Code    10  misc.o(i.NVIC_PriorityGroupConfig)
    PWM2_Cfg                                 0x08000b15   Thumb Code   266  time.o(i.PWM2_Cfg)
    PWM3_Cfg                                 0x08000c21   Thumb Code   184  time.o(i.PWM3_Cfg)
    PcdAntennaOff                            0x08000cdd   Thumb Code    12  rc522.o(i.PcdAntennaOff)
    PcdAntennaOn                             0x08000ce9   Thumb Code    26  rc522.o(i.PcdAntennaOn)
    PcdAnticoll                              0x08000d03   Thumb Code   112  rc522.o(i.PcdAnticoll)
    PcdAuthState                             0x08000d73   Thumb Code   110  rc522.o(i.PcdAuthState)
    PcdComMF522                              0x08000de1   Thumb Code   306  rc522.o(i.PcdComMF522)
    PcdRead                                  0x08000f13   Thumb Code    84  rc522.o(i.PcdRead)
    PcdRequest                               0x08000f67   Thumb Code    84  rc522.o(i.PcdRequest)
    PcdReset                                 0x08000fbd   Thumb Code   106  rc522.o(i.PcdReset)
    PcdSelect                                0x08001031   Thumb Code   114  rc522.o(i.PcdSelect)
    PcdWrite                                 0x080010a3   Thumb Code   146  rc522.o(i.PcdWrite)
    PendSV_Handler                           0x08001135   Thumb Code     2  stm32f10x_it.o(i.PendSV_Handler)
    RC522_Init                               0x08001139   Thumb Code    66  rc522.o(i.RC522_Init)
    RCC_AHBPeriphClockCmd                    0x08001181   Thumb Code    26  stm32f10x_rcc.o(i.RCC_AHBPeriphClockCmd)
    RCC_APB1PeriphClockCmd                   0x080011a1   Thumb Code    26  stm32f10x_rcc.o(i.RCC_APB1PeriphClockCmd)
    RCC_APB2PeriphClockCmd                   0x080011c1   Thumb Code    26  stm32f10x_rcc.o(i.RCC_APB2PeriphClockCmd)
    RCC_GetClocksFreq                        0x080011e1   Thumb Code   192  stm32f10x_rcc.o(i.RCC_GetClocksFreq)
    ReadRawRC                                0x080012b5   Thumb Code   138  rc522.o(i.ReadRawRC)
    SVC_Handler                              0x08001349   Thumb Code     2  stm32f10x_it.o(i.SVC_Handler)
    SetBitMask                               0x0800134b   Thumb Code    28  rc522.o(i.SetBitMask)
    SysTick_CLKSourceConfig                  0x08001451   Thumb Code    40  misc.o(i.SysTick_CLKSourceConfig)
    SysTick_Handler                          0x08001479   Thumb Code     2  stm32f10x_it.o(i.SysTick_Handler)
    SysTick_Init                             0x0800147d   Thumb Code    52  systick.o(i.SysTick_Init)
    SystemInit                               0x080014b9   Thumb Code    78  system_stm32f10x.o(i.SystemInit)
    TFTLCD_FSMC_Init                         0x08001519   Thumb Code   124  tftlcd.o(i.TFTLCD_FSMC_Init)
    TFTLCD_GPIO_Init                         0x08001595   Thumb Code    98  tftlcd.o(i.TFTLCD_GPIO_Init)
    TFTLCD_Init                              0x08001605   Thumb Code   670  tftlcd.o(i.TFTLCD_Init)
    TIM2_Cfg                                 0x080018b9   Thumb Code    38  time.o(i.TIM2_Cfg)
    TIM3_Cfg                                 0x080018e1   Thumb Code    44  time.o(i.TIM3_Cfg)
    TIM4_IRQHandler                          0x08001911   Thumb Code    32  time.o(i.TIM4_IRQHandler)
    TIM4_Init                                0x08001939   Thumb Code    98  time.o(i.TIM4_Init)
    TIM_ARRPreloadConfig                     0x080019a1   Thumb Code    24  stm32f10x_tim.o(i.TIM_ARRPreloadConfig)
    TIM_ClearITPendingBit                    0x080019b9   Thumb Code     6  stm32f10x_tim.o(i.TIM_ClearITPendingBit)
    TIM_Cmd                                  0x080019bf   Thumb Code    24  stm32f10x_tim.o(i.TIM_Cmd)
    TIM_CtrlPWMOutputs                       0x080019d7   Thumb Code    30  stm32f10x_tim.o(i.TIM_CtrlPWMOutputs)
    TIM_GetITStatus                          0x080019f5   Thumb Code    34  stm32f10x_tim.o(i.TIM_GetITStatus)
    TIM_ITConfig                             0x08001a17   Thumb Code    18  stm32f10x_tim.o(i.TIM_ITConfig)
    TIM_OC1Init                              0x08001a29   Thumb Code   132  stm32f10x_tim.o(i.TIM_OC1Init)
    TIM_OC1PreloadConfig                     0x08001ac1   Thumb Code    18  stm32f10x_tim.o(i.TIM_OC1PreloadConfig)
    TIM_OC2Init                              0x08001ad5   Thumb Code   154  stm32f10x_tim.o(i.TIM_OC2Init)
    TIM_OC2PreloadConfig                     0x08001b79   Thumb Code    26  stm32f10x_tim.o(i.TIM_OC2PreloadConfig)
    TIM_OC3Init                              0x08001b95   Thumb Code   150  stm32f10x_tim.o(i.TIM_OC3Init)
    TIM_OC3PreloadConfig                     0x08001c35   Thumb Code    18  stm32f10x_tim.o(i.TIM_OC3PreloadConfig)
    TIM_OC4Init                              0x08001c49   Thumb Code   114  stm32f10x_tim.o(i.TIM_OC4Init)
    TIM_OC4PreloadConfig                     0x08001cc5   Thumb Code    26  stm32f10x_tim.o(i.TIM_OC4PreloadConfig)
    TIM_OCStructInit                         0x08001cdf   Thumb Code    20  stm32f10x_tim.o(i.TIM_OCStructInit)
    TIM_TimeBaseInit                         0x08001cf5   Thumb Code   122  stm32f10x_tim.o(i.TIM_TimeBaseInit)
    USART1_IRQHandler                        0x08001d99   Thumb Code    54  usart.o(i.USART1_IRQHandler)
    USART1_Init                              0x08001dd5   Thumb Code   174  usart.o(i.USART1_Init)
    USART_ClearFlag                          0x08001e8d   Thumb Code    18  stm32f10x_usart.o(i.USART_ClearFlag)
    USART_Cmd                                0x08001e9f   Thumb Code    24  stm32f10x_usart.o(i.USART_Cmd)
    USART_GetFlagStatus                      0x08001eb7   Thumb Code    26  stm32f10x_usart.o(i.USART_GetFlagStatus)
    USART_GetITStatus                        0x08001ed1   Thumb Code    84  stm32f10x_usart.o(i.USART_GetITStatus)
    USART_ITConfig                           0x08001f25   Thumb Code    74  stm32f10x_usart.o(i.USART_ITConfig)
    USART_Init                               0x08001f71   Thumb Code   210  stm32f10x_usart.o(i.USART_Init)
    USART_ReceiveData                        0x08002049   Thumb Code    10  stm32f10x_usart.o(i.USART_ReceiveData)
    USART_SendData                           0x08002053   Thumb Code     8  stm32f10x_usart.o(i.USART_SendData)
    UsageFault_Handler                       0x0800205b   Thumb Code     4  stm32f10x_it.o(i.UsageFault_Handler)
    WriteRawRC                               0x08002061   Thumb Code   136  rc522.o(i.WriteRawRC)
    __0printf$5                              0x080020f1   Thumb Code    22  printf5.o(i.__0printf$5)
    __1printf$5                              0x080020f1   Thumb Code     0  printf5.o(i.__0printf$5)
    __2printf                                0x080020f1   Thumb Code     0  printf5.o(i.__0printf$5)
    __scatterload_copy                       0x08002111   Thumb Code    14  handlers.o(i.__scatterload_copy)
    __scatterload_null                       0x0800211f   Thumb Code     2  handlers.o(i.__scatterload_null)
    __scatterload_zeroinit                   0x08002121   Thumb Code    14  handlers.o(i.__scatterload_zeroinit)
    delay_ms                                 0x080023f1   Thumb Code    72  systick.o(i.delay_ms)
    delay_us                                 0x0800243d   Thumb Code    72  systick.o(i.delay_us)
    fputc                                    0x08002489   Thumb Code    32  usart.o(i.fputc)
    main                                     0x080024ad   Thumb Code   254  main.o(i.main)
    pwm2_GPIO_Cfg                            0x08002601   Thumb Code    72  time.o(i.pwm2_GPIO_Cfg)
    pwm3_GPIO_Cfg                            0x08002655   Thumb Code    72  time.o(i.pwm3_GPIO_Cfg)
    rfid_select                              0x080026a5   Thumb Code   182  rfid_s.o(i.rfid_select)
    task2_writecard                          0x080027a1   Thumb Code   394  rfid_s.o(i.task2_writecard)
    task3_readcard                           0x08002989   Thumb Code   366  rfid_s.o(i.task3_readcard)
    ascii_1206                               0x08002b48   Data        1140  tftlcd.o(.constdata)
    ascii_1608                               0x08002fbc   Data        1520  tftlcd.o(.constdata)
    ascii_2412                               0x080035ac   Data        3420  tftlcd.o(.constdata)
    CnChar32x29                              0x08004308   Data        1062  tftlcd.o(.constdata)
    Region$$Table$$Base                      0x08004730   Number         0  anon$$obj.o(Region$$Table)
    Region$$Table$$Limit                     0x08004750   Number         0  anon$$obj.o(Region$$Table)
    data1                                    0x20000000   Data          16  rfid_s.o(.data)
    data2                                    0x20000010   Data           4  rfid_s.o(.data)
    DefaultKey                               0x20000014   Data           6  rfid_s.o(.data)
    status                                   0x2000001a   Data           1  rfid_s.o(.data)
    i                                        0x2000001b   Data           1  rfid_s.o(.data)
    temp                                     0x2000001c   Data           4  rfid_s.o(.data)
    FRONT_COLOR                              0x20000034   Data           2  tftlcd.o(.data)
    BACK_COLOR                               0x20000036   Data           2  tftlcd.o(.data)
    tftlcd_data                              0x20000038   Data           8  tftlcd.o(.data)
    key_num                                  0x20000040   Data           1  time.o(.data)
    __stdout                                 0x20000048   Data           4  stdout.o(.data)
    data_write                               0x2000004c   Data          16  rfid_s.o(.bss)
    g_ucTempbuf                              0x2000005c   Data          20  rfid_s.o(.bss)
    __initial_sp                             0x20000470   Data           0  startup_stm32f10x_hd.o(STACK)



==============================================================================

Memory Map of the image

  Image Entry point : 0x08000131

  Load Region LR_IROM1 (Base: 0x08000000, Size: 0x0000479c, Max: 0x00080000, ABSOLUTE)

    Execution Region ER_IROM1 (Exec base: 0x08000000, Load base: 0x08000000, Size: 0x00004750, Max: 0x00080000, ABSOLUTE)

    Exec Addr    Load Addr    Size         Type   Attr      Idx    E Section Name        Object

    0x08000000   0x08000000   0x00000130   Data   RO          394    RESET               startup_stm32f10x_hd.o
    0x08000130   0x08000130   0x00000000   Code   RO         3161  * .ARM.Collect$$$$00000000  mc_w.l(entry.o)
    0x08000130   0x08000130   0x00000004   Code   RO         3425    .ARM.Collect$$$$00000001  mc_w.l(entry2.o)
    0x08000134   0x08000134   0x00000004   Code   RO         3428    .ARM.Collect$$$$00000004  mc_w.l(entry5.o)
    0x08000138   0x08000138   0x00000000   Code   RO         3430    .ARM.Collect$$$$00000008  mc_w.l(entry7b.o)
    0x08000138   0x08000138   0x00000000   Code   RO         3432    .ARM.Collect$$$$0000000A  mc_w.l(entry8b.o)
    0x08000138   0x08000138   0x00000008   Code   RO         3433    .ARM.Collect$$$$0000000B  mc_w.l(entry9a.o)
    0x08000140   0x08000140   0x00000000   Code   RO         3435    .ARM.Collect$$$$0000000D  mc_w.l(entry10a.o)
    0x08000140   0x08000140   0x00000000   Code   RO         3437    .ARM.Collect$$$$0000000F  mc_w.l(entry11a.o)
    0x08000140   0x08000140   0x00000004   Code   RO         3426    .ARM.Collect$$$$00002712  mc_w.l(entry2.o)
    0x08000144   0x08000144   0x00000024   Code   RO          395    .text               startup_stm32f10x_hd.o
    0x08000168   0x08000168   0x00000062   Code   RO         3442    .text               mc_w.l(uldiv.o)
    0x080001ca   0x080001ca   0x00000002   PAD
    0x080001cc   0x080001cc   0x00000024   Code   RO         3455    .text               mc_w.l(init.o)
    0x080001f0   0x080001f0   0x0000001e   Code   RO         3457    .text               mc_w.l(llshl.o)
    0x0800020e   0x0800020e   0x00000020   Code   RO         3459    .text               mc_w.l(llushr.o)
    0x0800022e   0x0800022e   0x00000004   Code   RO          143    i.BusFault_Handler  stm32f10x_it.o
    0x08000232   0x08000232   0x0000006c   Code   RO         2891    i.CalulateCRC       rc522.o
    0x0800029e   0x0800029e   0x0000001c   Code   RO         2892    i.ClearBitMask      rc522.o
    0x080002ba   0x080002ba   0x00000002   Code   RO          144    i.DebugMon_Handler  stm32f10x_it.o
    0x080002bc   0x080002bc   0x00000034   Code   RO         2394    i.FSMC_NORSRAMCmd   stm32f10x_fsmc.o
    0x080002f0   0x080002f0   0x000000e6   Code   RO         2396    i.FSMC_NORSRAMInit  stm32f10x_fsmc.o
    0x080003d6   0x080003d6   0x00000116   Code   RO          406    i.GPIO_Init         stm32f10x_gpio.o
    0x080004ec   0x080004ec   0x00000090   Code   RO          408    i.GPIO_PinRemapConfig  stm32f10x_gpio.o
    0x0800057c   0x0800057c   0x00000004   Code   RO          414    i.GPIO_SetBits      stm32f10x_gpio.o
    0x08000580   0x08000580   0x00000004   Code   RO          145    i.HardFault_Handler  stm32f10x_it.o
    0x08000584   0x08000584   0x00000048   Code   RO         3074    i.KEY_Init          key.o
    0x080005cc   0x080005cc   0x0000009c   Code   RO         3075    i.KEY_Scan          key.o
    0x08000668   0x08000668   0x00000048   Code   RO         2706    i.LCD_Clear         tftlcd.o
    0x080006b0   0x080006b0   0x00000064   Code   RO         2707    i.LCD_Display_Dir   tftlcd.o
    0x08000714   0x08000714   0x0000001c   Code   RO         2708    i.LCD_DrawFRONT_COLOR  tftlcd.o
    0x08000730   0x08000730   0x00000016   Code   RO         2716    i.LCD_Pow           tftlcd.o
    0x08000746   0x08000746   0x00000002   PAD
    0x08000748   0x08000748   0x0000000c   Code   RO         2717    i.LCD_ReadData      tftlcd.o
    0x08000754   0x08000754   0x000000c4   Code   RO         2719    i.LCD_Set_Window    tftlcd.o
    0x08000818   0x08000818   0x00000128   Code   RO         2720    i.LCD_ShowChar      tftlcd.o
    0x08000940   0x08000940   0x00000066   Code   RO         2724    i.LCD_ShowString    tftlcd.o
    0x080009a6   0x080009a6   0x000000be   Code   RO         2725    i.LCD_ShowxNum      tftlcd.o
    0x08000a64   0x08000a64   0x0000000c   Code   RO         2726    i.LCD_WriteCmd      tftlcd.o
    0x08000a70   0x08000a70   0x0000000c   Code   RO         2728    i.LCD_WriteData     tftlcd.o
    0x08000a7c   0x08000a7c   0x0000000c   Code   RO         2729    i.LCD_WriteData_Color  tftlcd.o
    0x08000a88   0x08000a88   0x00000004   Code   RO          146    i.MemManage_Handler  stm32f10x_it.o
    0x08000a8c   0x08000a8c   0x00000002   Code   RO          147    i.NMI_Handler       stm32f10x_it.o
    0x08000a8e   0x08000a8e   0x00000002   PAD
    0x08000a90   0x08000a90   0x00000070   Code   RO          714    i.NVIC_Init         misc.o
    0x08000b00   0x08000b00   0x00000014   Code   RO          715    i.NVIC_PriorityGroupConfig  misc.o
    0x08000b14   0x08000b14   0x0000010a   Code   RO         3014    i.PWM2_Cfg          time.o
    0x08000c1e   0x08000c1e   0x00000002   PAD
    0x08000c20   0x08000c20   0x000000bc   Code   RO         3015    i.PWM3_Cfg          time.o
    0x08000cdc   0x08000cdc   0x0000000c   Code   RO         2893    i.PcdAntennaOff     rc522.o
    0x08000ce8   0x08000ce8   0x0000001a   Code   RO         2894    i.PcdAntennaOn      rc522.o
    0x08000d02   0x08000d02   0x00000070   Code   RO         2895    i.PcdAnticoll       rc522.o
    0x08000d72   0x08000d72   0x0000006e   Code   RO         2896    i.PcdAuthState      rc522.o
    0x08000de0   0x08000de0   0x00000132   Code   RO         2898    i.PcdComMF522       rc522.o
    0x08000f12   0x08000f12   0x00000054   Code   RO         2900    i.PcdRead           rc522.o
    0x08000f66   0x08000f66   0x00000054   Code   RO         2901    i.PcdRequest        rc522.o
    0x08000fba   0x08000fba   0x00000002   PAD
    0x08000fbc   0x08000fbc   0x00000074   Code   RO         2902    i.PcdReset          rc522.o
    0x08001030   0x08001030   0x00000072   Code   RO         2903    i.PcdSelect         rc522.o
    0x080010a2   0x080010a2   0x00000092   Code   RO         2905    i.PcdWrite          rc522.o
    0x08001134   0x08001134   0x00000002   Code   RO          148    i.PendSV_Handler    stm32f10x_it.o
    0x08001136   0x08001136   0x00000002   PAD
    0x08001138   0x08001138   0x00000048   Code   RO         2906    i.RC522_Init        rc522.o
    0x08001180   0x08001180   0x00000020   Code   RO          515    i.RCC_AHBPeriphClockCmd  stm32f10x_rcc.o
    0x080011a0   0x080011a0   0x00000020   Code   RO          516    i.RCC_APB1PeriphClockCmd  stm32f10x_rcc.o
    0x080011c0   0x080011c0   0x00000020   Code   RO          518    i.RCC_APB2PeriphClockCmd  stm32f10x_rcc.o
    0x080011e0   0x080011e0   0x000000d4   Code   RO          526    i.RCC_GetClocksFreq  stm32f10x_rcc.o
    0x080012b4   0x080012b4   0x00000094   Code   RO         2907    i.ReadRawRC         rc522.o
    0x08001348   0x08001348   0x00000002   Code   RO          149    i.SVC_Handler       stm32f10x_it.o
    0x0800134a   0x0800134a   0x0000001c   Code   RO         2908    i.SetBitMask        rc522.o
    0x08001366   0x08001366   0x00000008   Code   RO         2647    i.SetSysClock       system_stm32f10x.o
    0x0800136e   0x0800136e   0x00000002   PAD
    0x08001370   0x08001370   0x000000e0   Code   RO         2648    i.SetSysClockTo72   system_stm32f10x.o
    0x08001450   0x08001450   0x00000028   Code   RO          718    i.SysTick_CLKSourceConfig  misc.o
    0x08001478   0x08001478   0x00000002   Code   RO          150    i.SysTick_Handler   stm32f10x_it.o
    0x0800147a   0x0800147a   0x00000002   PAD
    0x0800147c   0x0800147c   0x0000003c   Code   RO         3105    i.SysTick_Init      systick.o
    0x080014b8   0x080014b8   0x00000060   Code   RO         2650    i.SystemInit        system_stm32f10x.o
    0x08001518   0x08001518   0x0000007c   Code   RO         2730    i.TFTLCD_FSMC_Init  tftlcd.o
    0x08001594   0x08001594   0x00000070   Code   RO         2731    i.TFTLCD_GPIO_Init  tftlcd.o
    0x08001604   0x08001604   0x000002b4   Code   RO         2732    i.TFTLCD_Init       tftlcd.o
    0x080018b8   0x080018b8   0x00000026   Code   RO         3016    i.TIM2_Cfg          time.o
    0x080018de   0x080018de   0x00000002   PAD
    0x080018e0   0x080018e0   0x00000030   Code   RO         3017    i.TIM3_Cfg          time.o
    0x08001910   0x08001910   0x00000028   Code   RO         3018    i.TIM4_IRQHandler   time.o
    0x08001938   0x08001938   0x00000068   Code   RO         3019    i.TIM4_Init         time.o
    0x080019a0   0x080019a0   0x00000018   Code   RO          808    i.TIM_ARRPreloadConfig  stm32f10x_tim.o
    0x080019b8   0x080019b8   0x00000006   Code   RO          815    i.TIM_ClearITPendingBit  stm32f10x_tim.o
    0x080019be   0x080019be   0x00000018   Code   RO          820    i.TIM_Cmd           stm32f10x_tim.o
    0x080019d6   0x080019d6   0x0000001e   Code   RO          822    i.TIM_CtrlPWMOutputs  stm32f10x_tim.o
    0x080019f4   0x080019f4   0x00000022   Code   RO          841    i.TIM_GetITStatus   stm32f10x_tim.o
    0x08001a16   0x08001a16   0x00000012   Code   RO          845    i.TIM_ITConfig      stm32f10x_tim.o
    0x08001a28   0x08001a28   0x00000098   Code   RO          849    i.TIM_OC1Init       stm32f10x_tim.o
    0x08001ac0   0x08001ac0   0x00000012   Code   RO          852    i.TIM_OC1PreloadConfig  stm32f10x_tim.o
    0x08001ad2   0x08001ad2   0x00000002   PAD
    0x08001ad4   0x08001ad4   0x000000a4   Code   RO          854    i.TIM_OC2Init       stm32f10x_tim.o
    0x08001b78   0x08001b78   0x0000001a   Code   RO          857    i.TIM_OC2PreloadConfig  stm32f10x_tim.o
    0x08001b92   0x08001b92   0x00000002   PAD
    0x08001b94   0x08001b94   0x000000a0   Code   RO          859    i.TIM_OC3Init       stm32f10x_tim.o
    0x08001c34   0x08001c34   0x00000012   Code   RO          862    i.TIM_OC3PreloadConfig  stm32f10x_tim.o
    0x08001c46   0x08001c46   0x00000002   PAD
    0x08001c48   0x08001c48   0x0000007c   Code   RO          864    i.TIM_OC4Init       stm32f10x_tim.o
    0x08001cc4   0x08001cc4   0x0000001a   Code   RO          866    i.TIM_OC4PreloadConfig  stm32f10x_tim.o
    0x08001cde   0x08001cde   0x00000014   Code   RO          867    i.TIM_OCStructInit  stm32f10x_tim.o
    0x08001cf2   0x08001cf2   0x00000002   PAD
    0x08001cf4   0x08001cf4   0x000000a4   Code   RO          891    i.TIM_TimeBaseInit  stm32f10x_tim.o
    0x08001d98   0x08001d98   0x0000003c   Code   RO         3134    i.USART1_IRQHandler  usart.o
    0x08001dd4   0x08001dd4   0x000000b8   Code   RO         3135    i.USART1_Init       usart.o
    0x08001e8c   0x08001e8c   0x00000012   Code   RO         1352    i.USART_ClearFlag   stm32f10x_usart.o
    0x08001e9e   0x08001e9e   0x00000018   Code   RO         1356    i.USART_Cmd         stm32f10x_usart.o
    0x08001eb6   0x08001eb6   0x0000001a   Code   RO         1359    i.USART_GetFlagStatus  stm32f10x_usart.o
    0x08001ed0   0x08001ed0   0x00000054   Code   RO         1360    i.USART_GetITStatus  stm32f10x_usart.o
    0x08001f24   0x08001f24   0x0000004a   Code   RO         1362    i.USART_ITConfig    stm32f10x_usart.o
    0x08001f6e   0x08001f6e   0x00000002   PAD
    0x08001f70   0x08001f70   0x000000d8   Code   RO         1363    i.USART_Init        stm32f10x_usart.o
    0x08002048   0x08002048   0x0000000a   Code   RO         1370    i.USART_ReceiveData  stm32f10x_usart.o
    0x08002052   0x08002052   0x00000008   Code   RO         1373    i.USART_SendData    stm32f10x_usart.o
    0x0800205a   0x0800205a   0x00000004   Code   RO          151    i.UsageFault_Handler  stm32f10x_it.o
    0x0800205e   0x0800205e   0x00000002   PAD
    0x08002060   0x08002060   0x00000090   Code   RO         2909    i.WriteRawRC        rc522.o
    0x080020f0   0x080020f0   0x00000020   Code   RO         3297    i.__0printf$5       mc_w.l(printf5.o)
    0x08002110   0x08002110   0x0000000e   Code   RO         3467    i.__scatterload_copy  mc_w.l(handlers.o)
    0x0800211e   0x0800211e   0x00000002   Code   RO         3468    i.__scatterload_null  mc_w.l(handlers.o)
    0x08002120   0x08002120   0x0000000e   Code   RO         3469    i.__scatterload_zeroinit  mc_w.l(handlers.o)
    0x0800212e   0x0800212e   0x00000002   PAD
    0x08002130   0x08002130   0x000002c0   Code   RO         3304    i._printf_core      mc_w.l(printf5.o)
    0x080023f0   0x080023f0   0x0000004c   Code   RO         3106    i.delay_ms          systick.o
    0x0800243c   0x0800243c   0x0000004c   Code   RO         3107    i.delay_us          systick.o
    0x08002488   0x08002488   0x00000024   Code   RO         3136    i.fputc             usart.o
    0x080024ac   0x080024ac   0x00000154   Code   RO            1    i.main              main.o
    0x08002600   0x08002600   0x00000054   Code   RO         3020    i.pwm2_GPIO_Cfg     time.o
    0x08002654   0x08002654   0x00000050   Code   RO         3021    i.pwm3_GPIO_Cfg     time.o
    0x080026a4   0x080026a4   0x000000fc   Code   RO          357    i.rfid_select       rfid_s.o
    0x080027a0   0x080027a0   0x000001e8   Code   RO          359    i.task2_writecard   rfid_s.o
    0x08002988   0x08002988   0x000001c0   Code   RO          360    i.task3_readcard    rfid_s.o
    0x08002b48   0x08002b48   0x00001be6   Data   RO         2733    .constdata          tftlcd.o
    0x0800472e   0x0800472e   0x00000002   PAD
    0x08004730   0x08004730   0x00000020   Data   RO         3465    Region$$Table       anon$$obj.o


    Execution Region RW_IRAM1 (Exec base: 0x20000000, Load base: 0x08004750, Size: 0x00000470, Max: 0x00010000, ABSOLUTE)

    Exec Addr    Load Addr    Size         Type   Attr      Idx    E Section Name        Object

    0x20000000   0x08004750   0x00000020   Data   RW          362    .data               rfid_s.o
    0x20000020   0x08004770   0x00000014   Data   RW          546    .data               stm32f10x_rcc.o
    0x20000034   0x08004784   0x0000000c   Data   RW         2734    .data               tftlcd.o
    0x20000040   0x08004790   0x00000001   Data   RW         3022    .data               time.o
    0x20000041   0x08004791   0x00000001   Data   RW         3076    .data               key.o
    0x20000042   0x08004792   0x00000004   Data   RW         3108    .data               systick.o
    0x20000046   0x08004796   0x00000002   PAD
    0x20000048   0x08004798   0x00000004   Data   RW         3439    .data               mc_w.l(stdout.o)
    0x2000004c        -       0x00000024   Zero   RW          361    .bss                rfid_s.o
    0x20000070        -       0x00000400   Zero   RW          392    STACK               startup_stm32f10x_hd.o


==============================================================================

Image component sizes


      Code (inc. data)   RO Data    RW Data    ZI Data      Debug   Object Name

         0          0          0          0          0     204808   direct_m.o
       228         22          0          1          0       1118   key.o
       340         86          0          0          0     239835   main.o
       172         22          0          0          0       2177   misc.o
      1638         34          0          0          0      10687   rc522.o
      1188        258          0         32         36       2529   rfid_s.o
        36          8        304          0       1024        824   startup_stm32f10x_hd.o
       282          6          0          0          0       1909   stm32f10x_fsmc.o
       426          6          0          0          0       3449   stm32f10x_gpio.o
        26          0          0          0          0      55294   stm32f10x_it.o
       308         38          0         20          0       5162   stm32f10x_rcc.o
      1008         92          0          0          0      10865   stm32f10x_tim.o
       460          6          0          0          0       6975   stm32f10x_usart.o
       328         28          0          0          0       1897   system_stm32f10x.o
       212         16          0          4          0       1677   systick.o
      1982         96       7142         12          0      11676   tftlcd.o
       848         42          0          1          0       4784   time.o
       280         20          0          0          0       1690   usart.o

    ----------------------------------------------------------------------
      9790        780       7480         72       1060     567356   Object Totals
         0          0         32          0          0          0   (incl. Generated)
        28          0          2          2          0          0   (incl. Padding)

    ----------------------------------------------------------------------

      Code (inc. data)   RO Data    RW Data    ZI Data      Debug   Library Member Name

         0          0          0          0          0          0   entry.o
         0          0          0          0          0          0   entry10a.o
         0          0          0          0          0          0   entry11a.o
         8          4          0          0          0          0   entry2.o
         4          0          0          0          0          0   entry5.o
         0          0          0          0          0          0   entry7b.o
         0          0          0          0          0          0   entry8b.o
         8          4          0          0          0          0   entry9a.o
        30          0          0          0          0          0   handlers.o
        36          8          0          0          0         68   init.o
        30          0          0          0          0         68   llshl.o
        32          0          0          0          0         68   llushr.o
       736         56          0          0          0        184   printf5.o
         0          0          0          4          0          0   stdout.o
        98          0          0          0          0         92   uldiv.o

    ----------------------------------------------------------------------
       986         72          0          4          0        480   Library Totals
         4          0          0          0          0          0   (incl. Padding)

    ----------------------------------------------------------------------

      Code (inc. data)   RO Data    RW Data    ZI Data      Debug   Library Name

       982         72          0          4          0        480   mc_w.l

    ----------------------------------------------------------------------
       986         72          0          4          0        480   Library Totals

    ----------------------------------------------------------------------

==============================================================================


      Code (inc. data)   RO Data    RW Data    ZI Data      Debug   

     10776        852       7480         76       1060     562892   Grand Totals
     10776        852       7480         76       1060     562892   ELF Image Totals
     10776        852       7480         76          0          0   ROM Totals

==============================================================================

    Total RO  Size (Code + RO Data)                18256 (  17.83kB)
    Total RW  Size (RW Data + ZI Data)              1136 (   1.11kB)
    Total ROM Size (Code + RO Data + RW Data)      18332 (  17.90kB)

==============================================================================

